Component: ARM Compiler 5.06 update 7 (build 960) Tool: armlink [4d3601]

==============================================================================

Section Cross References

    system_stm32f10x.o(i.SetSysClock) refers to system_stm32f10x.o(i.SetSysClockTo72) for SetSysClockTo72
    system_stm32f10x.o(i.SystemCoreClockUpdate) refers to system_stm32f10x.o(.data) for SystemCoreClock
    system_stm32f10x.o(i.SystemInit) refers to system_stm32f10x.o(i.SetSysClock) for SetSysClock
    startup_stm32f10x_md.o(RESET) refers to startup_stm32f10x_md.o(STACK) for __initial_sp
    startup_stm32f10x_md.o(RESET) refers to startup_stm32f10x_md.o(.text) for Reset_Handler
    startup_stm32f10x_md.o(RESET) refers to stm32f10x_it.o(i.NMI_Handler) for NMI_Handler
    startup_stm32f10x_md.o(RESET) refers to stm32f10x_it.o(i.HardFault_Handler) for HardFault_Handler
    startup_stm32f10x_md.o(RESET) refers to stm32f10x_it.o(i.MemManage_Handler) for MemManage_Handler
    startup_stm32f10x_md.o(RESET) refers to stm32f10x_it.o(i.BusFault_Handler) for BusFault_Handler
    startup_stm32f10x_md.o(RESET) refers to stm32f10x_it.o(i.UsageFault_Handler) for UsageFault_Handler
    startup_stm32f10x_md.o(RESET) refers to stm32f10x_it.o(i.SVC_Handler) for SVC_Handler
    startup_stm32f10x_md.o(RESET) refers to stm32f10x_it.o(i.DebugMon_Handler) for DebugMon_Handler
    startup_stm32f10x_md.o(RESET) refers to stm32f10x_it.o(i.PendSV_Handler) for PendSV_Handler
    startup_stm32f10x_md.o(RESET) refers to stm32f10x_it.o(i.SysTick_Handler) for SysTick_Handler
    startup_stm32f10x_md.o(RESET) refers to stm32f10x_it.o(i.EXTI0_IRQHandler) for EXTI0_IRQHandler
    startup_stm32f10x_md.o(RESET) refers to stm32f10x_it.o(i.USART1_IRQHandler) for USART1_IRQHandler
    startup_stm32f10x_md.o(RESET) refers to stm32f10x_it.o(i.USART2_IRQHandler) for USART2_IRQHandler
    startup_stm32f10x_md.o(RESET) refers to stm32f10x_it.o(i.EXTI15_10_IRQHandler) for EXTI15_10_IRQHandler
    startup_stm32f10x_md.o(.text) refers to system_stm32f10x.o(i.SystemInit) for SystemInit
    startup_stm32f10x_md.o(.text) refers to entry.o(.ARM.Collect$$$$00000000) for __main
    stm32f10x_gpio.o(i.GPIO_AFIODeInit) refers to stm32f10x_rcc.o(i.RCC_APB2PeriphResetCmd) for RCC_APB2PeriphResetCmd
    stm32f10x_gpio.o(i.GPIO_DeInit) refers to stm32f10x_rcc.o(i.RCC_APB2PeriphResetCmd) for RCC_APB2PeriphResetCmd
    stm32f10x_rcc.o(i.RCC_GetClocksFreq) refers to stm32f10x_rcc.o(.data) for APBAHBPrescTable
    stm32f10x_rcc.o(i.RCC_WaitForHSEStartUp) refers to stm32f10x_rcc.o(i.RCC_GetFlagStatus) for RCC_GetFlagStatus
    stm32f10x_usart.o(i.USART_DeInit) refers to stm32f10x_rcc.o(i.RCC_APB2PeriphResetCmd) for RCC_APB2PeriphResetCmd
    stm32f10x_usart.o(i.USART_DeInit) refers to stm32f10x_rcc.o(i.RCC_APB1PeriphResetCmd) for RCC_APB1PeriphResetCmd
    stm32f10x_usart.o(i.USART_Init) refers to stm32f10x_rcc.o(i.RCC_GetClocksFreq) for RCC_GetClocksFreq
    stm32f10x_tim.o(i.TIM_DeInit) refers to stm32f10x_rcc.o(i.RCC_APB2PeriphResetCmd) for RCC_APB2PeriphResetCmd
    stm32f10x_tim.o(i.TIM_DeInit) refers to stm32f10x_rcc.o(i.RCC_APB1PeriphResetCmd) for RCC_APB1PeriphResetCmd
    stm32f10x_tim.o(i.TIM_ETRClockMode1Config) refers to stm32f10x_tim.o(i.TIM_ETRConfig) for TIM_ETRConfig
    stm32f10x_tim.o(i.TIM_ETRClockMode2Config) refers to stm32f10x_tim.o(i.TIM_ETRConfig) for TIM_ETRConfig
    stm32f10x_tim.o(i.TIM_ICInit) refers to stm32f10x_tim.o(i.TI1_Config) for TI1_Config
    stm32f10x_tim.o(i.TIM_ICInit) refers to stm32f10x_tim.o(i.TIM_SetIC1Prescaler) for TIM_SetIC1Prescaler
    stm32f10x_tim.o(i.TIM_ICInit) refers to stm32f10x_tim.o(i.TI2_Config) for TI2_Config
    stm32f10x_tim.o(i.TIM_ICInit) refers to stm32f10x_tim.o(i.TIM_SetIC2Prescaler) for TIM_SetIC2Prescaler
    stm32f10x_tim.o(i.TIM_ICInit) refers to stm32f10x_tim.o(i.TI3_Config) for TI3_Config
    stm32f10x_tim.o(i.TIM_ICInit) refers to stm32f10x_tim.o(i.TIM_SetIC3Prescaler) for TIM_SetIC3Prescaler
    stm32f10x_tim.o(i.TIM_ICInit) refers to stm32f10x_tim.o(i.TI4_Config) for TI4_Config
    stm32f10x_tim.o(i.TIM_ICInit) refers to stm32f10x_tim.o(i.TIM_SetIC4Prescaler) for TIM_SetIC4Prescaler
    stm32f10x_tim.o(i.TIM_ITRxExternalClockConfig) refers to stm32f10x_tim.o(i.TIM_SelectInputTrigger) for TIM_SelectInputTrigger
    stm32f10x_tim.o(i.TIM_PWMIConfig) refers to stm32f10x_tim.o(i.TI1_Config) for TI1_Config
    stm32f10x_tim.o(i.TIM_PWMIConfig) refers to stm32f10x_tim.o(i.TIM_SetIC1Prescaler) for TIM_SetIC1Prescaler
    stm32f10x_tim.o(i.TIM_PWMIConfig) refers to stm32f10x_tim.o(i.TI2_Config) for TI2_Config
    stm32f10x_tim.o(i.TIM_PWMIConfig) refers to stm32f10x_tim.o(i.TIM_SetIC2Prescaler) for TIM_SetIC2Prescaler
    stm32f10x_tim.o(i.TIM_TIxExternalClockConfig) refers to stm32f10x_tim.o(i.TI2_Config) for TI2_Config
    stm32f10x_tim.o(i.TIM_TIxExternalClockConfig) refers to stm32f10x_tim.o(i.TI1_Config) for TI1_Config
[...]
    Removing stm32f10x_tim.o(i.TIM_UpdateDisableConfig), (24 bytes).
    Removing stm32f10x_tim.o(i.TIM_UpdateRequestConfig), (24 bytes).
    Removing stm32f10x_adc.o(i.ADC_AnalogWatchdogCmd), (20 bytes).
    Removing stm32f10x_adc.o(i.ADC_AnalogWatchdogSingleChannelConfig), (16 bytes).
    Removing stm32f10x_adc.o(i.ADC_AnalogWatchdogThresholdsConfig), (6 bytes).
    Removing stm32f10x_adc.o(i.ADC_AutoInjectedConvCmd), (22 bytes).
    Removing stm32f10x_adc.o(i.ADC_ClearFlag), (6 bytes).
    Removing stm32f10x_adc.o(i.ADC_ClearITPendingBit), (10 bytes).
    Removing stm32f10x_adc.o(i.ADC_DMACmd), (22 bytes).
    Removing stm32f10x_adc.o(i.ADC_DiscModeChannelCountConfig), (24 bytes).
    Removing stm32f10x_adc.o(i.ADC_DiscModeCmd), (22 bytes).
    Removing stm32f10x_adc.o(i.ADC_ExternalTrigConvCmd), (22 bytes).
    Removing stm32f10x_adc.o(i.ADC_ExternalTrigInjectedConvCmd), (22 bytes).
    Removing stm32f10x_adc.o(i.ADC_ExternalTrigInjectedConvConfig), (16 bytes).
    Removing stm32f10x_adc.o(i.ADC_GetConversionValue), (8 bytes).
    Removing stm32f10x_adc.o(i.ADC_GetDualModeConversionValue), (12 bytes).
    Removing stm32f10x_adc.o(i.ADC_GetFlagStatus), (18 bytes).
    Removing stm32f10x_adc.o(i.ADC_GetITStatus), (36 bytes).
    Removing stm32f10x_adc.o(i.ADC_GetInjectedConversionValue), (28 bytes).
    Removing stm32f10x_adc.o(i.ADC_GetSoftwareStartConvStatus), (20 bytes).
    Removing stm32f10x_adc.o(i.ADC_GetSoftwareStartInjectedConvCmdStatus), (20 bytes).
    Removing stm32f10x_adc.o(i.ADC_ITConfig), (24 bytes).
    Removing stm32f10x_adc.o(i.ADC_InjectedChannelConfig), (130 bytes).
    Removing stm32f10x_adc.o(i.ADC_InjectedDiscModeCmd), (22 bytes).
    Removing stm32f10x_adc.o(i.ADC_InjectedSequencerLengthConfig), (24 bytes).
    Removing stm32f10x_adc.o(i.ADC_RegularChannelConfig), (184 bytes).
    Removing stm32f10x_adc.o(i.ADC_SetInjectedOffset), (20 bytes).
    Removing stm32f10x_adc.o(i.ADC_SoftwareStartConvCmd), (22 bytes).
    Removing stm32f10x_adc.o(i.ADC_SoftwareStartInjectedConvCmd), (22 bytes).
    Removing stm32f10x_adc.o(i.ADC_StructInit), (18 bytes).
    Removing stm32f10x_adc.o(i.ADC_TempSensorVrefintCmd), (36 bytes).
    Removing stm32f10x_bkp.o(i.BKP_ClearFlag), (20 bytes).
    Removing stm32f10x_bkp.o(i.BKP_ClearITPendingBit), (20 bytes).
    Removing stm32f10x_bkp.o(i.BKP_GetFlagStatus), (12 bytes).
    Removing stm32f10x_bkp.o(i.BKP_GetITStatus), (12 bytes).
    Removing stm32f10x_bkp.o(i.BKP_ITConfig), (12 bytes).
    Removing stm32f10x_bkp.o(i.BKP_RTCOutputConfig), (28 bytes).
    Removing stm32f10x_bkp.o(i.BKP_ReadBackupRegister), (28 bytes).
    Removing stm32f10x_bkp.o(i.BKP_SetRTCCalibrationValue), (28 bytes).
    Removing stm32f10x_bkp.o(i.BKP_TamperPinCmd), (12 bytes).
    Removing stm32f10x_bkp.o(i.BKP_TamperPinLevelConfig), (12 bytes).
    Removing stm32f10x_bkp.o(i.BKP_WriteBackupRegister), (28 bytes).
    Removing stm32f10x_pwr.o(i.PWR_ClearFlag), (20 bytes).
    Removing stm32f10x_pwr.o(i.PWR_DeInit), (22 bytes).
    Removing stm32f10x_pwr.o(i.PWR_EnterSTANDBYMode), (40 bytes).
    Removing stm32f10x_pwr.o(i.PWR_EnterSTOPMode), (64 bytes).
    Removing stm32f10x_pwr.o(i.PWR_GetFlagStatus), (24 bytes).
    Removing stm32f10x_pwr.o(i.PWR_PVDCmd), (12 bytes).
    Removing stm32f10x_pwr.o(i.PWR_PVDLevelConfig), (24 bytes).
    Removing stm32f10x_pwr.o(i.PWR_WakeUpPinCmd), (12 bytes).
    Removing stm32f10x_rtc.o(i.RTC_ClearFlag), (16 bytes).
    Removing stm32f10x_rtc.o(i.RTC_ClearITPendingBit), (16 bytes).
    Removing stm32f10x_rtc.o(i.RTC_GetCounter), (44 bytes).
    Removing stm32f10x_rtc.o(i.RTC_GetDivider), (24 bytes).
    Removing stm32f10x_rtc.o(i.RTC_GetFlagStatus), (24 bytes).
    Removing stm32f10x_rtc.o(i.RTC_GetITStatus), (36 bytes).
    Removing stm32f10x_rtc.o(i.RTC_ITConfig), (32 bytes).
    Removing stm32f10x_rtc.o(i.RTC_SetAlarm), (28 bytes).
    Removing led.o(i.LED_GetState), (6 bytes).
    Removing beep.o(i.Beep_GetState), (6 bytes).
    Removing beep.o(i.Beep_Off), (18 bytes).
    Removing beep.o(i.Beep_On), (18 bytes).
    Removing beep.o(i.Beep_Toggle), (26 bytes).
    Removing usart.o(i.Usart_ReceiveData), (52 bytes).
    Removing usart.o(i.Usart_SendString), (50 bytes).
    Removing delay.o(i.Delay_GetCurrentTimerIndex), (12 bytes).
    Removing adc.o(i.Get_Adc), (84 bytes).
    Removing adc.o(i.Get_Adc_Average), (58 bytes).
    Removing adc.o(i.Update_All_Adc_Values), (44 bytes).
    Removing rtc.o(i.RTC_GetCurrentTime), (108 bytes).
    Removing pwm.o(i.AngleToPulseWidth), (30 bytes).
    Removing pwm.o(i.PWM_GetStatus), (6 bytes).
    Removing pwm.o(i.PWM_SetAngle), (260 bytes).
    Removing pwm.o(i.PWM_SetStatus), (38 bytes).
    Removing oled.o(i.OLED_ClearFromSecondLine), (54 bytes).
    Removing oled.o(i.OLED_ShowBinNum), (66 bytes).
    Removing oled.o(i.OLED_ShowHexNum), (94 bytes).
    Removing oled.o(i.OLED_ShowSignedNum), (112 bytes).
    Removing gpio_input.o(i.GPIO_Input_GetState), (6 bytes).
    Removing gpio_output.o(i.GPIO_Output_GetState), (6 bytes).
    Removing dht11.o(i.DHT11_Read_Bit), (84 bytes).
    Removing dht11.o(i.DHT11_Read_Byte), (34 bytes).
    Removing dht11.o(i.DHT11_Read_Data), (108 bytes).
    Removing sensor_app.o(i.Sensor_GPIO_Output), (48 bytes).
    Removing sensor_app.o(i.Sensor_GetSystemClock), (88 bytes).
    Removing sensor_app.o(i.Sensor_GetValueADC), (248 bytes).
    Removing sensor_app.o(i.Sensor_GetValueDHT11), (176 bytes).
    Removing sensor_app.o(i.Sensor_GetValueInputGPIO), (208 bytes).
    Removing sensor_app.o(i.Sensor_TemConout), (24 bytes).
    Removing sensor_app.o(i.Sensor_TestPWM), (36 bytes).
    Removing lcd_app.o(i.LCD_Display_Info), (2 bytes).
    Removing lcd_app.o(i.LCD_Refresh_Data), (2 bytes).
    Removing lcd_app.o(i.LCD_ShowTime), (208 bytes).
    Removing lcd_app.o(.conststring), (28 bytes).
    Removing lcd_app.o(.data), (28 bytes).
    Removing fmul.o(.text), (100 bytes).
    Removing fdiv.o(.text), (124 bytes).
    Removing ffltui.o(.text), (10 bytes).
    Removing dfixui.o(.text), (50 bytes).
    Removing f2d.o(.text), (38 bytes).
    Removing fepilogue.o(.text), (110 bytes).

235 unused section(s) (total 9128 bytes) removed from the image.

==============================================================================

Image Symbol Table

    Local Symbols

    Symbol Name                              Value     Ov Type        Size  Object(Section)

    ../clib/../cmprslib/zerorunl2.c          0x00000000   Number         0  __dczerorl2.o ABSOLUTE
    ../clib/microlib/division.c              0x00000000   Number         0  uldiv.o ABSOLUTE
    ../clib/microlib/division.c              0x00000000   Number         0  uidiv.o ABSOLUTE
    ../clib/microlib/init/entry.s            0x00000000   Number         0  entry8b.o ABSOLUTE
    ../clib/microlib/init/entry.s            0x00000000   Number         0  entry9b.o ABSOLUTE
    ../clib/microlib/init/entry.s            0x00000000   Number         0  entry10a.o ABSOLUTE
    ../clib/microlib/init/entry.s            0x00000000   Number         0  entry.o ABSOLUTE
    ../clib/microlib/init/entry.s            0x00000000   Number         0  entry11a.o ABSOLUTE
    ../clib/microlib/init/entry.s            0x00000000   Number         0  entry9a.o ABSOLUTE
    ../clib/microlib/init/entry.s            0x00000000   Number         0  entry11b.o ABSOLUTE
    ../clib/microlib/init/entry.s            0x00000000   Number         0  entry12a.o ABSOLUTE
    ../clib/microlib/init/entry.s            0x00000000   Number         0  entry12b.o ABSOLUTE
    ../clib/microlib/init/entry.s            0x00000000   Number         0  entry2.o ABSOLUTE
    ../clib/microlib/init/entry.s            0x00000000   Number         0  entry5.o ABSOLUTE
    ../clib/microlib/init/entry.s            0x00000000   Number         0  entry7a.o ABSOLUTE
    ../clib/microlib/init/entry.s            0x00000000   Number         0  entry10b.o ABSOLUTE
    ../clib/microlib/init/entry.s            0x00000000   Number         0  entry7b.o ABSOLUTE
    ../clib/microlib/init/entry.s            0x00000000   Number         0  entry8a.o ABSOLUTE
    ../clib/microlib/longlong.c              0x00000000   Number         0  llushr.o ABSOLUTE
    ../clib/microlib/longlong.c              0x00000000   Number         0  llshl.o ABSOLUTE
    ../clib/microlib/longlong.c              0x00000000   Number         0  llsshr.o ABSOLUTE
    ../clib/microlib/malloc/malloc.c         0x00000000   Number         0  malloc.o ABSOLUTE
    ../clib/microlib/malloc/malloc.c         0x00000000   Number         0  malloca.o ABSOLUTE
    ../clib/microlib/malloc/malloc.c         0x00000000   Number         0  mallocr.o ABSOLUTE
    ../clib/microlib/malloc/malloc.c         0x00000000   Number         0  mallocra.o ABSOLUTE
    ../clib/microlib/malloc/mvars.c          0x00000000   Number         0  mvars.o ABSOLUTE
    ../clib/microlib/printf/printf.c         0x00000000   Number         0  printfa.o ABSOLUTE
    ../clib/microlib/stdio/fputc.c           0x00000000   Number         0  fputc.o ABSOLUTE
    ../clib/microlib/stdio/semi.s            0x00000000   Number         0  semi.o ABSOLUTE
    ../clib/microlib/stdio/streams.c         0x00000000   Number         0  stdout.o ABSOLUTE
    ../clib/microlib/string/memcpy.c         0x00000000   Number         0  memcpya.o ABSOLUTE
    ../clib/microlib/string/memcpy.c         0x00000000   Number         0  memcpyb.o ABSOLUTE
    ../clib/microlib/stubs.s                 0x00000000   Number         0  iusesemip.o ABSOLUTE
    ../clib/microlib/stubs.s                 0x00000000   Number         0  iusefp.o ABSOLUTE
    ../clib/microlib/time/localtime.c        0x00000000   Number         0  localtime.o ABSOLUTE
    ../fplib/microlib/f2d.c                  0x00000000   Number         0  f2d.o ABSOLUTE
    ../fplib/microlib/fpadd.c                0x00000000   Number         0  dadd.o ABSOLUTE
    ../fplib/microlib/fpdiv.c                0x00000000   Number         0  ddiv.o ABSOLUTE
    ../fplib/microlib/fpdiv.c                0x00000000   Number         0  fdiv.o ABSOLUTE
    ../fplib/microlib/fpepilogue.c           0x00000000   Number         0  depilogue.o ABSOLUTE
    ../fplib/microlib/fpepilogue.c           0x00000000   Number         0  fepilogue.o ABSOLUTE
    ../fplib/microlib/fpfix.c                0x00000000   Number         0  dfixui.o ABSOLUTE
    ../fplib/microlib/fpfix.c                0x00000000   Number         0  dfixul.o ABSOLUTE
    ../fplib/microlib/fpflt.c                0x00000000   Number         0  ffltui.o ABSOLUTE
    ../fplib/microlib/fpmul.c                0x00000000   Number         0  fmul.o ABSOLUTE
    ../fplib/microlib/fpmul.c                0x00000000   Number         0  dmul.o ABSOLUTE
    ..\STLib\core\core_cm3.c                 0x00000000   Number         0  core_cm3.o ABSOLUTE
    ..\STLib\core\startup\startup_stm32f10x_md.s 0x00000000   Number         0  startup_stm32f10x_md.o ABSOLUTE
    ..\STLib\core\system_stm32f10x.c         0x00000000   Number         0  system_stm32f10x.o ABSOLUTE
    ..\STLib\fwlib\src\misc.c                0x00000000   Number         0  misc.o ABSOLUTE
    ..\STLib\fwlib\src\stm32f10x_adc.c       0x00000000   Number         0  stm32f10x_adc.o ABSOLUTE
    ..\STLib\fwlib\src\stm32f10x_bkp.c       0x00000000   Number         0  stm32f10x_bkp.o ABSOLUTE
    ..\STLib\fwlib\src\stm32f10x_exti.c      0x00000000   Number         0  stm32f10x_exti.o ABSOLUTE
    ..\STLib\fwlib\src\stm32f10x_gpio.c      0x00000000   Number         0  stm32f10x_gpio.o ABSOLUTE
    ..\STLib\fwlib\src\stm32f10x_pwr.c       0x00000000   Number         0  stm32f10x_pwr.o ABSOLUTE
    ..\STLib\fwlib\src\stm32f10x_rcc.c       0x00000000   Number         0  stm32f10x_rcc.o ABSOLUTE
    ..\STLib\fwlib\src\stm32f10x_rtc.c       0x00000000   Number         0  stm32f10x_rtc.o ABSOLUTE
    ..\STLib\fwlib\src\stm32f10x_tim.c       0x00000000   Number         0  stm32f10x_tim.o ABSOLUTE
    ..\STLib\fwlib\src\stm32f10x_usart.c     0x00000000   Number         0  stm32f10x_usart.o ABSOLUTE
    ..\\STLib\\core\\core_cm3.c              0x00000000   Number         0  core_cm3.o ABSOLUTE
    ..\application\lcd_app.c                 0x00000000   Number         0  lcd_app.o ABSOLUTE
    ..\application\sensor_app.c              0x00000000   Number         0  sensor_app.o ABSOLUTE
    ..\boards\stm32f103c8t6\board_config.c   0x00000000   Number         0  board_config.o ABSOLUTE
    ..\drivers\adc\adc.c                     0x00000000   Number         0  adc.o ABSOLUTE
    ..\drivers\beep\beep.c                   0x00000000   Number         0  beep.o ABSOLUTE
    ..\drivers\delay\delay.c                 0x00000000   Number         0  delay.o ABSOLUTE
    ..\drivers\key\key.c                     0x00000000   Number         0  key.o ABSOLUTE
    ..\drivers\led\led.c                     0x00000000   Number         0  led.o ABSOLUTE
    ..\drivers\pwm\pwm.c                     0x00000000   Number         0  pwm.o ABSOLUTE
    ..\drivers\rtc\rtc.c                     0x00000000   Number         0  rtc.o ABSOLUTE
    ..\drivers\usart\usart.c                 0x00000000   Number         0  usart.o ABSOLUTE
    ..\module\DHT11\dht11.c                  0x00000000   Number         0  dht11.o ABSOLUTE
    ..\module\DS18B20\ds18b20.c              0x00000000   Number         0  ds18b20.o ABSOLUTE
    ..\module\GPIO_INPUT\gpio_input.c        0x00000000   Number         0  gpio_input.o ABSOLUTE
    ..\module\GPIO_OUTPUT\gpio_output.c      0x00000000   Number         0  gpio_output.o ABSOLUTE
    ..\module\OLED\OLED.c                    0x00000000   Number         0  oled.o ABSOLUTE
    ..\module\module_config.c                0x00000000   Number         0  module_config.o ABSOLUTE
    ..\user\main.c                           0x00000000   Number         0  main.o ABSOLUTE
    ..\user\stm32f10x_it.c                   0x00000000   Number         0  stm32f10x_it.o ABSOLUTE
    cdrcmple.s                               0x00000000   Number         0  cdrcmple.o ABSOLUTE
    dc.s                                     0x00000000   Number         0  dc.o ABSOLUTE
    handlers.s                               0x00000000   Number         0  handlers.o ABSOLUTE
    init.s                                   0x00000000   Number         0  init.o ABSOLUTE
    RESET                                    0x08000000   Section      236  startup_stm32f10x_md.o(RESET)
    .ARM.Collect$$$$00000000                 0x080000ec   Section        0  entry.o(.ARM.Collect$$$$00000000)
    .ARM.Collect$$$$00000001                 0x080000ec   Section        4  entry2.o(.ARM.Collect$$$$00000001)
    .ARM.Collect$$$$00000004                 0x080000f0   Section        4  entry5.o(.ARM.Collect$$$$00000004)
    .ARM.Collect$$$$00000008                 0x080000f4   Section        0  entry7b.o(.ARM.Collect$$$$00000008)
    .ARM.Collect$$$$0000000A                 0x080000f4   Section        0  entry8b.o(.ARM.Collect$$$$0000000A)
    .ARM.Collect$$$$0000000B                 0x080000f4   Section        8  entry9a.o(.ARM.Collect$$$$0000000B)
    .ARM.Collect$$$$0000000E                 0x080000fc   Section        4  entry12b.o(.ARM.Collect$$$$0000000E)
    .ARM.Collect$$$$0000000F                 0x08000100   Section        0  entry10a.o(.ARM.Collect$$$$0000000F)
    .ARM.Collect$$$$00000011                 0x08000100   Section        0  entry11a.o(.ARM.Collect$$$$00000011)
    .ARM.Collect$$$$00002712                 0x08000100   Section        4  entry2.o(.ARM.Collect$$$$00002712)
    __lit__00000000                          0x08000100   Data           4  entry2.o(.ARM.Collect$$$$00002712)
    .text                                    0x08000104   Section       36  startup_stm32f10x_md.o(.text)
    .text                                    0x08000128   Section        0  uldiv.o(.text)
    .text                                    0x0800018a   Section        0  memcpya.o(.text)
    .text                                    0x080001ae   Section        0  dadd.o(.text)
    .text                                    0x080002fc   Section        0  uidiv.o(.text)
    .text                                    0x08000328   Section        0  llshl.o(.text)
    .text                                    0x08000346   Section        0  llushr.o(.text)
    .text                                    0x08000366   Section        0  llsshr.o(.text)
    .text                                    0x0800038a   Section        0  iusefp.o(.text)
    .text                                    0x0800038a   Section        0  depilogue.o(.text)
    .text                                    0x08000444   Section        0  dmul.o(.text)
    .text                                    0x08000528   Section        0  ddiv.o(.text)
    .text                                    0x08000606   Section        0  dfixul.o(.text)
    .text                                    0x08000638   Section       48  cdrcmple.o(.text)
    .text                                    0x08000668   Section       36  init.o(.text)
    .text                                    0x0800068c   Section        0  __dczerorl2.o(.text)
    i.ADC_Cmd                                0x080006e2   Section        0  stm32f10x_adc.o(i.ADC_Cmd)
    i.ADC_DeInit                             0x080006f8   Section        0  stm32f10x_adc.o(i.ADC_DeInit)
    i.ADC_GetCalibrationStatus               0x08000754   Section        0  stm32f10x_adc.o(i.ADC_GetCalibrationStatus)
    i.ADC_GetResetCalibrationStatus          0x08000768   Section        0  stm32f10x_adc.o(i.ADC_GetResetCalibrationStatus)
    i.ADC_Init                               0x0800077c   Section        0  stm32f10x_adc.o(i.ADC_Init)
    i.ADC_ResetCalibration                   0x080007cc   Section        0  stm32f10x_adc.o(i.ADC_ResetCalibration)
    i.ADC_StartCalibration                   0x080007d6   Section        0  stm32f10x_adc.o(i.ADC_StartCalibration)
    i.Adc_DeInit                             0x080007e0   Section        0  adc.o(i.Adc_DeInit)
    i.Adc_Init                               0x0800082c   Section        0  adc.o(i.Adc_Init)
    i.BKP_DeInit                             0x08000930   Section        0  stm32f10x_bkp.o(i.BKP_DeInit)
    i.BOARD_InitADC                          0x08000940   Section        0  board_config.o(i.BOARD_InitADC)
    BOARD_InitADC                            0x08000941   Thumb Code    16  board_config.o(i.BOARD_InitADC)
    i.BOARD_InitAll                          0x08000954   Section        0  board_config.o(i.BOARD_InitAll)
    i.BOARD_InitBeep                         0x08000984   Section        0  board_config.o(i.BOARD_InitBeep)
    BOARD_InitBeep                           0x08000985   Thumb Code    16  board_config.o(i.BOARD_InitBeep)
    i.BOARD_InitDelay                        0x0800099c   Section        0  board_config.o(i.BOARD_InitDelay)
    BOARD_InitDelay                          0x0800099d   Thumb Code    12  board_config.o(i.BOARD_InitDelay)
    i.BOARD_InitKeys                         0x080009a8   Section        0  board_config.o(i.BOARD_InitKeys)
    BOARD_InitKeys                           0x080009a9   Thumb Code    12  board_config.o(i.BOARD_InitKeys)
    i.BOARD_InitLEDs                         0x080009b8   Section        0  board_config.o(i.BOARD_InitLEDs)
    BOARD_InitLEDs                           0x080009b9   Thumb Code    24  board_config.o(i.BOARD_InitLEDs)
    i.BOARD_InitOLED                         0x080009dc   Section        0  module_config.o(i.BOARD_InitOLED)
    BOARD_InitOLED                           0x080009dd   Thumb Code    10  module_config.o(i.BOARD_InitOLED)
    i.BOARD_InitPWM                          0x080009ec   Section        0  board_config.o(i.BOARD_InitPWM)
    BOARD_InitPWM                            0x080009ed   Thumb Code    10  board_config.o(i.BOARD_InitPWM)
    i.BOARD_InitRTC                          0x080009fc   Section        0  board_config.o(i.BOARD_InitRTC)
    BOARD_InitRTC                            0x080009fd   Thumb Code     8  board_config.o(i.BOARD_InitRTC)
    i.BOARD_InitUSART                        0x08000a04   Section        0  board_config.o(i.BOARD_InitUSART)
    BOARD_InitUSART                          0x08000a05   Thumb Code    28  board_config.o(i.BOARD_InitUSART)
    i.Beep_Init                              0x08000a24   Section        0  beep.o(i.Beep_Init)
    i.BusFault_Handler                       0x08000aa4   Section        0  stm32f10x_it.o(i.BusFault_Handler)
    i.DHT11_Check                            0x08000aa8   Section        0  dht11.o(i.DHT11_Check)
    i.DHT11_EnableGPIOClock                  0x08000b5c   Section        0  dht11.o(i.DHT11_EnableGPIOClock)
    DHT11_EnableGPIOClock                    0x08000b5d   Thumb Code   116  dht11.o(i.DHT11_EnableGPIOClock)
    i.DHT11_Init                             0x08000bec   Section        0  dht11.o(i.DHT11_Init)
    i.DHT11_Rst                              0x08000c26   Section        0  dht11.o(i.DHT11_Rst)
    i.DS18B20_Check                          0x08000cb4   Section        0  ds18b20.o(i.DS18B20_Check)
    i.DS18B20_DQ_IN                          0x08000d06   Section        0  ds18b20.o(i.DS18B20_DQ_IN)
    DS18B20_DQ_IN                            0x08000d07   Thumb Code    14  ds18b20.o(i.DS18B20_DQ_IN)
    i.DS18B20_DQ_OUT                         0x08000d14   Section        0  ds18b20.o(i.DS18B20_DQ_OUT)
    DS18B20_DQ_OUT                           0x08000d15   Thumb Code    18  ds18b20.o(i.DS18B20_DQ_OUT)
    i.DS18B20_Get_Temp                       0x08000d26   Section        0  ds18b20.o(i.DS18B20_Get_Temp)
    i.DS18B20_IO_IN                          0x08000d8a   Section        0  ds18b20.o(i.DS18B20_IO_IN)
    DS18B20_IO_IN                            0x08000d8b   Thumb Code    26  ds18b20.o(i.DS18B20_IO_IN)
    i.DS18B20_IO_OUT                         0x08000da4   Section        0  ds18b20.o(i.DS18B20_IO_OUT)
    DS18B20_IO_OUT                           0x08000da5   Thumb Code    32  ds18b20.o(i.DS18B20_IO_OUT)
    i.DS18B20_Init                           0x08000dc4   Section        0  ds18b20.o(i.DS18B20_Init)
    i.DS18B20_Read_Bit                       0x08000e78   Section        0  ds18b20.o(i.DS18B20_Read_Bit)
    i.DS18B20_Read_Byte                      0x08000eb6   Section        0  ds18b20.o(i.DS18B20_Read_Byte)
    i.DS18B20_Rst                            0x08000ee0   Section        0  ds18b20.o(i.DS18B20_Rst)
    i.DS18B20_Start                          0x08000f0a   Section        0  ds18b20.o(i.DS18B20_Start)
    i.DS18B20_Write_Byte                     0x08000f32   Section        0  ds18b20.o(i.DS18B20_Write_Byte)
    i.DebugMon_Handler                       0x08000f92   Section        0  stm32f10x_it.o(i.DebugMon_Handler)
    i.DelayMs                                0x08000f94   Section        0  delay.o(i.DelayMs)
    i.DelayUs                                0x08000fb0   Section        0  delay.o(i.DelayUs)
    i.Delay_Init                             0x0800100c   Section        0  delay.o(i.Delay_Init)
    i.EXTI0_IRQHandler                       0x0800105c   Section        0  stm32f10x_it.o(i.EXTI0_IRQHandler)
    i.EXTI15_10_IRQHandler                   0x080010ac   Section        0  stm32f10x_it.o(i.EXTI15_10_IRQHandler)
    i.EXTI_ClearITPendingBit                 0x080011c0   Section        0  stm32f10x_exti.o(i.EXTI_ClearITPendingBit)
    i.EXTI_Init                              0x080011cc   Section        0  stm32f10x_exti.o(i.EXTI_Init)
    i.GPIO_EXTILineConfig                    0x08001260   Section        0  stm32f10x_gpio.o(i.GPIO_EXTILineConfig)
    i.GPIO_Init                              0x080012a0   Section        0  stm32f10x_gpio.o(i.GPIO_Init)
    i.GPIO_Input_Init                        0x080013b8   Section        0  gpio_input.o(i.GPIO_Input_Init)
    i.GPIO_Input_UpdateState                 0x08001438   Section        0  gpio_input.o(i.GPIO_Input_UpdateState)
    i.GPIO_Output_Init                       0x08001454   Section        0  gpio_output.o(i.GPIO_Output_Init)
    i.GPIO_Output_SetState                   0x080014d4   Section        0  gpio_output.o(i.GPIO_Output_SetState)
    i.GPIO_PinRemapConfig                    0x080014f4   Section        0  stm32f10x_gpio.o(i.GPIO_PinRemapConfig)
    i.GPIO_ReadInputDataBit                  0x08001584   Section        0  stm32f10x_gpio.o(i.GPIO_ReadInputDataBit)
    i.GPIO_ResetBits                         0x08001596   Section        0  stm32f10x_gpio.o(i.GPIO_ResetBits)
    i.GPIO_SetBits                           0x0800159a   Section        0  stm32f10x_gpio.o(i.GPIO_SetBits)
    i.GPIO_WriteBit                          0x0800159e   Section        0  stm32f10x_gpio.o(i.GPIO_WriteBit)
    i.HardFault_Handler                      0x080015a8   Section        0  stm32f10x_it.o(i.HardFault_Handler)
    i.Key_Init                               0x080015ac   Section        0  key.o(i.Key_Init)
    i.Key_Read                               0x0800168e   Section        0  key.o(i.Key_Read)
    i.LED_Init                               0x080016a0   Section        0  led.o(i.LED_Init)
    i.LED_Off                                0x08001720   Section        0  led.o(i.LED_Off)
    i.LED_On                                 0x08001732   Section        0  led.o(i.LED_On)
    i.LED_Toggle                             0x08001744   Section        0  led.o(i.LED_Toggle)
    i.MODULE_InitAll                         0x08001760   Section        0  module_config.o(i.MODULE_InitAll)
    i.MODULE_InitDHT11                       0x08001798   Section        0  module_config.o(i.MODULE_InitDHT11)
    MODULE_InitDHT11                         0x08001799   Thumb Code    74  module_config.o(i.MODULE_InitDHT11)
    i.MODULE_InitDS18B20                     0x0800180c   Section        0  module_config.o(i.MODULE_InitDS18B20)
    MODULE_InitDS18B20                       0x0800180d   Thumb Code    74  module_config.o(i.MODULE_InitDS18B20)
    i.MODULE_InitGPIOInputs                  0x08001884   Section        0  module_config.o(i.MODULE_InitGPIOInputs)
    MODULE_InitGPIOInputs                    0x08001885   Thumb Code    22  module_config.o(i.MODULE_InitGPIOInputs)
    i.MODULE_InitGPIOOutputs                 0x080018a8   Section        0  module_config.o(i.MODULE_InitGPIOOutputs)
    MODULE_InitGPIOOutputs                   0x080018a9   Thumb Code    10  module_config.o(i.MODULE_InitGPIOOutputs)
    i.MemManage_Handler                      0x080018b8   Section        0  stm32f10x_it.o(i.MemManage_Handler)
    i.NMI_Handler                            0x080018bc   Section        0  stm32f10x_it.o(i.NMI_Handler)
    i.NVIC_Init                              0x080018c0   Section        0  misc.o(i.NVIC_Init)
    i.NVIC_PriorityGroupConfig               0x08001930   Section        0  misc.o(i.NVIC_PriorityGroupConfig)
    i.OLED_Clear                             0x08001944   Section        0  oled.o(i.OLED_Clear)
    i.OLED_I2C_Init                          0x08001974   Section        0  oled.o(i.OLED_I2C_Init)
    OLED_I2C_Init                            0x08001975   Thumb Code   106  oled.o(i.OLED_I2C_Init)
    i.OLED_I2C_SendByte                      0x080019e8   Section        0  oled.o(i.OLED_I2C_SendByte)
    OLED_I2C_SendByte                        0x080019e9   Thumb Code    66  oled.o(i.OLED_I2C_SendByte)
    i.OLED_I2C_Start                         0x08001a2a   Section        0  oled.o(i.OLED_I2C_Start)
    OLED_I2C_Start                           0x08001a2b   Thumb Code    38  oled.o(i.OLED_I2C_Start)
    i.OLED_I2C_Stop                          0x08001a50   Section        0  oled.o(i.OLED_I2C_Stop)
    OLED_I2C_Stop                            0x08001a51   Thumb Code    30  oled.o(i.OLED_I2C_Stop)
    i.OLED_Init                              0x08001a6e   Section        0  oled.o(i.OLED_Init)
    i.OLED_Pow                               0x08001b50   Section        0  oled.o(i.OLED_Pow)
    OLED_Pow                                 0x08001b51   Thumb Code    20  oled.o(i.OLED_Pow)
    i.OLED_SetCursor                         0x08001b64   Section        0  oled.o(i.OLED_SetCursor)
    OLED_SetCursor                           0x08001b65   Thumb Code    42  oled.o(i.OLED_SetCursor)
    i.OLED_ShowChar                          0x08001b90   Section        0  oled.o(i.OLED_ShowChar)
    i.OLED_ShowNum                           0x08001c0c   Section        0  oled.o(i.OLED_ShowNum)
    i.OLED_ShowString                        0x08001c54   Section        0  oled.o(i.OLED_ShowString)
    i.OLED_W_SCL                             0x08001c80   Section        0  oled.o(i.OLED_W_SCL)
    OLED_W_SCL                               0x08001c81   Thumb Code    18  oled.o(i.OLED_W_SCL)
    i.OLED_W_SDA                             0x08001c92   Section        0  oled.o(i.OLED_W_SDA)
    OLED_W_SDA                               0x08001c93   Thumb Code    18  oled.o(i.OLED_W_SDA)
    i.OLED_WriteCommand                      0x08001ca4   Section        0  oled.o(i.OLED_WriteCommand)
    OLED_WriteCommand                        0x08001ca5   Thumb Code    44  oled.o(i.OLED_WriteCommand)
    i.OLED_WriteData                         0x08001cd0   Section        0  oled.o(i.OLED_WriteData)
    OLED_WriteData                           0x08001cd1   Thumb Code    44  oled.o(i.OLED_WriteData)
    i.PWM_Init                               0x08001cfc   Section        0  pwm.o(i.PWM_Init)
    i.PWR_BackupAccessCmd                    0x08001e9c   Section        0  stm32f10x_pwr.o(i.PWR_BackupAccessCmd)
    i.PendSV_Handler                         0x08001ea8   Section        0  stm32f10x_it.o(i.PendSV_Handler)
    i.RCC_ADCCLKConfig                       0x08001eac   Section        0  stm32f10x_rcc.o(i.RCC_ADCCLKConfig)
    i.RCC_APB1PeriphClockCmd                 0x08001ec4   Section        0  stm32f10x_rcc.o(i.RCC_APB1PeriphClockCmd)
    i.RCC_APB2PeriphClockCmd                 0x08001ee4   Section        0  stm32f10x_rcc.o(i.RCC_APB2PeriphClockCmd)
    i.RCC_APB2PeriphResetCmd                 0x08001f04   Section        0  stm32f10x_rcc.o(i.RCC_APB2PeriphResetCmd)
    i.RCC_BackupResetCmd                     0x08001f24   Section        0  stm32f10x_rcc.o(i.RCC_BackupResetCmd)
    i.RCC_GetClocksFreq                      0x08001f30   Section        0  stm32f10x_rcc.o(i.RCC_GetClocksFreq)
    i.RCC_GetFlagStatus                      0x08002004   Section        0  stm32f10x_rcc.o(i.RCC_GetFlagStatus)
    i.RCC_LSEConfig                          0x08002040   Section        0  stm32f10x_rcc.o(i.RCC_LSEConfig)
    i.RCC_LSICmd                             0x08002074   Section        0  stm32f10x_rcc.o(i.RCC_LSICmd)
    i.RCC_RTCCLKCmd                          0x08002080   Section        0  stm32f10x_rcc.o(i.RCC_RTCCLKCmd)
    i.RCC_RTCCLKConfig                       0x0800208c   Section        0  stm32f10x_rcc.o(i.RCC_RTCCLKConfig)
    i.RTC_EnterConfigMode                    0x0800209c   Section        0  stm32f10x_rtc.o(i.RTC_EnterConfigMode)
    i.RTC_ExitConfigMode                     0x080020b0   Section        0  stm32f10x_rtc.o(i.RTC_ExitConfigMode)
    i.RTC_Init                               0x080020c4   Section        0  rtc.o(i.RTC_Init)
    i.RTC_SetCounter                         0x0800213c   Section        0  stm32f10x_rtc.o(i.RTC_SetCounter)
    i.RTC_SetPrescaler                       0x08002158   Section        0  stm32f10x_rtc.o(i.RTC_SetPrescaler)
    i.RTC_SetTimeByTimestamp                 0x08002178   Section        0  rtc.o(i.RTC_SetTimeByTimestamp)
    i.RTC_WaitForLastTask                    0x080021a4   Section        0  stm32f10x_rtc.o(i.RTC_WaitForLastTask)
    i.RTC_WaitForSynchro                     0x080021b8   Section        0  stm32f10x_rtc.o(i.RTC_WaitForSynchro)
    i.SVC_Handler                            0x080021dc   Section        0  stm32f10x_it.o(i.SVC_Handler)
    i.Sensor_GetValueAll                     0x080021de   Section        0  sensor_app.o(i.Sensor_GetValueAll)
    i.Sensor_GetValueDS18B20                 0x080021e8   Section        0  sensor_app.o(i.Sensor_GetValueDS18B20)
    Sensor_GetValueDS18B20                   0x080021e9   Thumb Code    58  sensor_app.o(i.Sensor_GetValueDS18B20)
    i.Sensor_Init                            0x0800223c   Section        0  sensor_app.o(i.Sensor_Init)
    i.Sensor_SetTime                         0x08002250   Section        0  sensor_app.o(i.Sensor_SetTime)
    Sensor_SetTime                           0x08002251   Thumb Code    32  sensor_app.o(i.Sensor_SetTime)
    i.SetSysClock                            0x08002270   Section        0  system_stm32f10x.o(i.SetSysClock)
    SetSysClock                              0x08002271   Thumb Code     8  system_stm32f10x.o(i.SetSysClock)
    i.SetSysClockTo72                        0x08002278   Section        0  system_stm32f10x.o(i.SetSysClockTo72)
    SetSysClockTo72                          0x08002279   Thumb Code   214  system_stm32f10x.o(i.SetSysClockTo72)
    i.SysTick_Handler                        0x08002358   Section        0  stm32f10x_it.o(i.SysTick_Handler)
    i.SystemInit                             0x0800235c   Section        0  system_stm32f10x.o(i.SystemInit)
    i.TIM_ARRPreloadConfig                   0x080023bc   Section        0  stm32f10x_tim.o(i.TIM_ARRPreloadConfig)
    i.TIM_ClearFlag                          0x080023d4   Section        0  stm32f10x_tim.o(i.TIM_ClearFlag)
    i.TIM_Cmd                                0x080023da   Section        0  stm32f10x_tim.o(i.TIM_Cmd)
    i.TIM_CounterModeConfig                  0x080023f2   Section        0  stm32f10x_tim.o(i.TIM_CounterModeConfig)
    i.TIM_CtrlPWMOutputs                     0x08002404   Section        0  stm32f10x_tim.o(i.TIM_CtrlPWMOutputs)
    i.TIM_GetFlagStatus                      0x08002422   Section        0  stm32f10x_tim.o(i.TIM_GetFlagStatus)
    i.TIM_InternalClockConfig                0x08002434   Section        0  stm32f10x_tim.o(i.TIM_InternalClockConfig)
    i.TIM_OC1Init                            0x08002440   Section        0  stm32f10x_tim.o(i.TIM_OC1Init)
    i.TIM_OC1PreloadConfig                   0x080024d8   Section        0  stm32f10x_tim.o(i.TIM_OC1PreloadConfig)
    i.TIM_OC2Init                            0x080024ec   Section        0  stm32f10x_tim.o(i.TIM_OC2Init)
    i.TIM_OC2PreloadConfig                   0x08002590   Section        0  stm32f10x_tim.o(i.TIM_OC2PreloadConfig)
    i.TIM_OC3Init                            0x080025ac   Section        0  stm32f10x_tim.o(i.TIM_OC3Init)
    i.TIM_OC3PreloadConfig                   0x0800264c   Section        0  stm32f10x_tim.o(i.TIM_OC3PreloadConfig)
    i.TIM_OC4Init                            0x08002660   Section        0  stm32f10x_tim.o(i.TIM_OC4Init)
    i.TIM_OC4PreloadConfig                   0x080026dc   Section        0  stm32f10x_tim.o(i.TIM_OC4PreloadConfig)
    i.TIM_PrescalerConfig                    0x080026f6   Section        0  stm32f10x_tim.o(i.TIM_PrescalerConfig)
    i.TIM_SetAutoreload                      0x080026fc   Section        0  stm32f10x_tim.o(i.TIM_SetAutoreload)
    i.TIM_SetCounter                         0x08002700   Section        0  stm32f10x_tim.o(i.TIM_SetCounter)
    i.TIM_TimeBaseInit                       0x08002704   Section        0  stm32f10x_tim.o(i.TIM_TimeBaseInit)
    i.USART1_IRQHandler                      0x080027a8   Section        0  stm32f10x_it.o(i.USART1_IRQHandler)
    i.USART2_IRQHandler                      0x08002854   Section        0  stm32f10x_it.o(i.USART2_IRQHandler)
    i.USART_ClearFlag                        0x08002870   Section        0  stm32f10x_usart.o(i.USART_ClearFlag)
    i.USART_ClearITPendingBit                0x08002882   Section        0  stm32f10x_usart.o(i.USART_ClearITPendingBit)
    i.USART_Cmd                              0x080028a0   Section        0  stm32f10x_usart.o(i.USART_Cmd)
    i.USART_GetFlagStatus                    0x080028b8   Section        0  stm32f10x_usart.o(i.USART_GetFlagStatus)
    i.USART_GetITStatus                      0x080028d2   Section        0  stm32f10x_usart.o(i.USART_GetITStatus)
    i.USART_ITConfig                         0x08002926   Section        0  stm32f10x_usart.o(i.USART_ITConfig)
    i.USART_Init                             0x08002970   Section        0  stm32f10x_usart.o(i.USART_Init)
    i.USART_ReceiveData                      0x08002a48   Section        0  stm32f10x_usart.o(i.USART_ReceiveData)
    i.USART_SendData                         0x08002a52   Section        0  stm32f10x_usart.o(i.USART_SendData)
    i.UsageFault_Handler                     0x08002a5a   Section        0  stm32f10x_it.o(i.UsageFault_Handler)
    i.UsartPrintf                            0x08002a5e   Section        0  usart.o(i.UsartPrintf)
    i.Usart_Init                             0x08002aa8   Section        0  usart.o(i.Usart_Init)
    i.__0vsnprintf                           0x08002b68   Section        0  printfa.o(i.__0vsnprintf)
    i.__scatterload_copy                     0x08002b9c   Section       14  handlers.o(i.__scatterload_copy)
    i.__scatterload_null                     0x08002baa   Section        2  handlers.o(i.__scatterload_null)
    i.__scatterload_zeroinit                 0x08002bac   Section       14  handlers.o(i.__scatterload_zeroinit)
    i._fp_digits                             0x08002bbc   Section        0  printfa.o(i._fp_digits)
    _fp_digits                               0x08002bbd   Thumb Code   366  printfa.o(i._fp_digits)
    i._printf_core                           0x08002d40   Section        0  printfa.o(i._printf_core)
    _printf_core                             0x08002d41   Thumb Code  1704  printfa.o(i._printf_core)
    i._printf_post_padding                   0x080033f4   Section        0  printfa.o(i._printf_post_padding)
    _printf_post_padding                     0x080033f5   Thumb Code    36  printfa.o(i._printf_post_padding)
    i._printf_pre_padding                    0x08003418   Section        0  printfa.o(i._printf_pre_padding)
    _printf_pre_padding                      0x08003419   Thumb Code    46  printfa.o(i._printf_pre_padding)
    i._snputc                                0x08003446   Section        0  printfa.o(i._snputc)
    _snputc                                  0x08003447   Thumb Code    22  printfa.o(i._snputc)
    i.free                                   0x0800345c   Section        0  malloc.o(i.free)
    i.get_timestamp                          0x080034ac   Section        0  sensor_app.o(i.get_timestamp)
    get_timestamp                            0x080034ad   Thumb Code    28  sensor_app.o(i.get_timestamp)
    i.main                                   0x080034cc   Section        0  main.o(i.main)
    i.malloc                                 0x08003508   Section        0  malloc.o(i.malloc)
    .constdata                               0x08003574   Section      225  delay.o(.constdata)
    .constdata                               0x08003658   Section       24  board_config.o(.constdata)
    .constdata                               0x08003670   Section     1520  oled.o(.constdata)
    .data                                    0x20000000   Section       20  stm32f10x_rcc.o(.data)
    APBAHBPrescTable                         0x20000000   Data          16  stm32f10x_rcc.o(.data)
    ADCPrescTable                            0x20000010   Data           4  stm32f10x_rcc.o(.data)
    .data                                    0x20000014   Section        1  delay.o(.data)
    currentTimerIndex                        0x20000014   Data           1  delay.o(.data)
    .data                                    0x20000018   Section       12  adc.o(.data)
    ADC_ChannelMap                           0x20000020   Data           4  adc.o(.data)
    .data                                    0x20000024   Section      224  board_config.o(.data)
    .data                                    0x20000104   Section       80  module_config.o(.data)
    .data                                    0x20000154   Section        2  stm32f10x_it.o(.data)
    rx_len                                   0x20000154   Data           2  stm32f10x_it.o(.data)
    .data                                    0x20000158   Section       26  sensor_app.o(.data)
    WindowsStates                            0x20000170   Data           1  sensor_app.o(.data)
    FanStatues                               0x20000171   Data           1  sensor_app.o(.data)
    .data                                    0x20000174   Section        4  mvars.o(.data)
    .data                                    0x20000178   Section        4  mvars.o(.data)
    .bss                                     0x2000017c   Section       64  stm32f10x_it.o(.bss)
    rx_buffer                                0x2000017c   Data          64  stm32f10x_it.o(.bss)
    HEAP                                     0x200001c0   Section      512  startup_stm32f10x_md.o(HEAP)
    STACK                                    0x200003c0   Section     1024  startup_stm32f10x_md.o(STACK)

    Global Symbols

    Symbol Name                              Value     Ov Type        Size  Object(Section)

    BuildAttributes$$THM_ISAv4$P$D$K$B$S$PE$A:L22UL41UL21$X:L11$S22US41US21$IEEE1$IW$USESV6$~STKCKD$USESV7$~SHL$OTIME$ROPI$EBA8$MICROLIB$REQ8$PRES8$EABIv2 0x00000000   Number         0  anon$$obj.o ABSOLUTE
    __ARM_use_no_argv                        0x00000000   Number         0  main.o ABSOLUTE
    __arm_fini_                               - Undefined Weak Reference
    __cpp_initialize__aeabi_                  - Undefined Weak Reference
    __cxa_finalize                            - Undefined Weak Reference
    _clock_init                               - Undefined Weak Reference
    _microlib_exit                            - Undefined Weak Reference
    __Vectors_Size                           0x000000ec   Number         0  startup_stm32f10x_md.o ABSOLUTE
    __Vectors                                0x08000000   Data           4  startup_stm32f10x_md.o(RESET)
    __Vectors_End                            0x080000ec   Data           0  startup_stm32f10x_md.o(RESET)
    __main                                   0x080000ed   Thumb Code     0  entry.o(.ARM.Collect$$$$00000000)
    _main_stk                                0x080000ed   Thumb Code     0  entry2.o(.ARM.Collect$$$$00000001)
    _main_scatterload                        0x080000f1   Thumb Code     0  entry5.o(.ARM.Collect$$$$00000004)
    __main_after_scatterload                 0x080000f5   Thumb Code     0  entry5.o(.ARM.Collect$$$$00000004)
    _main_clock                              0x080000f5   Thumb Code     0  entry7b.o(.ARM.Collect$$$$00000008)
    _main_cpp_init                           0x080000f5   Thumb Code     0  entry8b.o(.ARM.Collect$$$$0000000A)
    _main_init                               0x080000f5   Thumb Code     0  entry9a.o(.ARM.Collect$$$$0000000B)
    __rt_lib_shutdown_fini                   0x080000fd   Thumb Code     0  entry12b.o(.ARM.Collect$$$$0000000E)
    __rt_final_cpp                           0x08000101   Thumb Code     0  entry10a.o(.ARM.Collect$$$$0000000F)
    __rt_final_exit                          0x08000101   Thumb Code     0  entry11a.o(.ARM.Collect$$$$00000011)
    Reset_Handler                            0x08000105   Thumb Code     8  startup_stm32f10x_md.o(.text)
    ADC1_2_IRQHandler                        0x0800011f   Thumb Code     0  startup_stm32f10x_md.o(.text)
    CAN1_RX1_IRQHandler                      0x0800011f   Thumb Code     0  startup_stm32f10x_md.o(.text)
    CAN1_SCE_IRQHandler                      0x0800011f   Thumb Code     0  startup_stm32f10x_md.o(.text)
    DMA1_Channel1_IRQHandler                 0x0800011f   Thumb Code     0  startup_stm32f10x_md.o(.text)
    DMA1_Channel2_IRQHandler                 0x0800011f   Thumb Code     0  startup_stm32f10x_md.o(.text)
    DMA1_Channel3_IRQHandler                 0x0800011f   Thumb Code     0  startup_stm32f10x_md.o(.text)
    DMA1_Channel4_IRQHandler                 0x0800011f   Thumb Code     0  startup_stm32f10x_md.o(.text)
    DMA1_Channel5_IRQHandler                 0x0800011f   Thumb Code     0  startup_stm32f10x_md.o(.text)
    DMA1_Channel6_IRQHandler                 0x0800011f   Thumb Code     0  startup_stm32f10x_md.o(.text)
    DMA1_Channel7_IRQHandler                 0x0800011f   Thumb Code     0  startup_stm32f10x_md.o(.text)
    EXTI1_IRQHandler                         0x0800011f   Thumb Code     0  startup_stm32f10x_md.o(.text)
    EXTI2_IRQHandler                         0x0800011f   Thumb Code     0  startup_stm32f10x_md.o(.text)
    EXTI3_IRQHandler                         0x0800011f   Thumb Code     0  startup_stm32f10x_md.o(.text)
    EXTI4_IRQHandler                         0x0800011f   Thumb Code     0  startup_stm32f10x_md.o(.text)
    EXTI9_5_IRQHandler                       0x0800011f   Thumb Code     0  startup_stm32f10x_md.o(.text)
    FLASH_IRQHandler                         0x0800011f   Thumb Code     0  startup_stm32f10x_md.o(.text)
    I2C1_ER_IRQHandler                       0x0800011f   Thumb Code     0  startup_stm32f10x_md.o(.text)
    I2C1_EV_IRQHandler                       0x0800011f   Thumb Code     0  startup_stm32f10x_md.o(.text)
    I2C2_ER_IRQHandler                       0x0800011f   Thumb Code     0  startup_stm32f10x_md.o(.text)
    I2C2_EV_IRQHandler                       0x0800011f   Thumb Code     0  startup_stm32f10x_md.o(.text)
    PVD_IRQHandler                           0x0800011f   Thumb Code     0  startup_stm32f10x_md.o(.text)
    RCC_IRQHandler                           0x0800011f   Thumb Code     0  startup_stm32f10x_md.o(.text)
    RTCAlarm_IRQHandler                      0x0800011f   Thumb Code     0  startup_stm32f10x_md.o(.text)
    RTC_IRQHandler                           0x0800011f   Thumb Code     0  startup_stm32f10x_md.o(.text)
    SPI1_IRQHandler                          0x0800011f   Thumb Code     0  startup_stm32f10x_md.o(.text)
    SPI2_IRQHandler                          0x0800011f   Thumb Code     0  startup_stm32f10x_md.o(.text)
    TAMPER_IRQHandler                        0x0800011f   Thumb Code     0  startup_stm32f10x_md.o(.text)
    TIM1_BRK_IRQHandler                      0x0800011f   Thumb Code     0  startup_stm32f10x_md.o(.text)
    TIM1_CC_IRQHandler                       0x0800011f   Thumb Code     0  startup_stm32f10x_md.o(.text)
    TIM1_TRG_COM_IRQHandler                  0x0800011f   Thumb Code     0  startup_stm32f10x_md.o(.text)
    TIM1_UP_IRQHandler                       0x0800011f   Thumb Code     0  startup_stm32f10x_md.o(.text)
    TIM2_IRQHandler                          0x0800011f   Thumb Code     0  startup_stm32f10x_md.o(.text)
    TIM3_IRQHandler                          0x0800011f   Thumb Code     0  startup_stm32f10x_md.o(.text)
    TIM4_IRQHandler                          0x0800011f   Thumb Code     0  startup_stm32f10x_md.o(.text)
    USART3_IRQHandler                        0x0800011f   Thumb Code     0  startup_stm32f10x_md.o(.text)
    USBWakeUp_IRQHandler                     0x0800011f   Thumb Code     0  startup_stm32f10x_md.o(.text)
    USB_HP_CAN1_TX_IRQHandler                0x0800011f   Thumb Code     0  startup_stm32f10x_md.o(.text)
    USB_LP_CAN1_RX0_IRQHandler               0x0800011f   Thumb Code     0  startup_stm32f10x_md.o(.text)
    WWDG_IRQHandler                          0x0800011f   Thumb Code     0  startup_stm32f10x_md.o(.text)
    __aeabi_uldivmod                         0x08000129   Thumb Code    98  uldiv.o(.text)
    __aeabi_memcpy                           0x0800018b   Thumb Code    36  memcpya.o(.text)
    __aeabi_memcpy4                          0x0800018b   Thumb Code     0  memcpya.o(.text)
    __aeabi_memcpy8                          0x0800018b   Thumb Code     0  memcpya.o(.text)
    __aeabi_dadd                             0x080001af   Thumb Code   322  dadd.o(.text)
    __aeabi_dsub                             0x080002f1   Thumb Code     6  dadd.o(.text)
    __aeabi_drsub                            0x080002f7   Thumb Code     6  dadd.o(.text)
    __aeabi_uidiv                            0x080002fd   Thumb Code     0  uidiv.o(.text)
    __aeabi_uidivmod                         0x080002fd   Thumb Code    44  uidiv.o(.text)
    __aeabi_llsl                             0x08000329   Thumb Code    30  llshl.o(.text)
    _ll_shift_l                              0x08000329   Thumb Code     0  llshl.o(.text)
    __aeabi_llsr                             0x08000347   Thumb Code    32  llushr.o(.text)
    _ll_ushift_r                             0x08000347   Thumb Code     0  llushr.o(.text)
    __aeabi_lasr                             0x08000367   Thumb Code    36  llsshr.o(.text)
    _ll_sshift_r                             0x08000367   Thumb Code     0  llsshr.o(.text)
    __I$use$fp                               0x0800038b   Thumb Code     0  iusefp.o(.text)
    _double_round                            0x0800038b   Thumb Code    30  depilogue.o(.text)
    _double_epilogue                         0x080003a9   Thumb Code   156  depilogue.o(.text)
    __aeabi_dmul                             0x08000445   Thumb Code   228  dmul.o(.text)
    __aeabi_ddiv                             0x08000529   Thumb Code   222  ddiv.o(.text)
    __aeabi_d2ulz                            0x08000607   Thumb Code    48  dfixul.o(.text)
    __aeabi_cdrcmple                         0x08000639   Thumb Code    48  cdrcmple.o(.text)
    __scatterload                            0x08000669   Thumb Code    28  init.o(.text)
    __scatterload_rt2                        0x08000669   Thumb Code     0  init.o(.text)
    __decompress                             0x0800068d   Thumb Code     0  __dczerorl2.o(.text)
    __decompress1                            0x0800068d   Thumb Code    86  __dczerorl2.o(.text)
    ADC_Cmd                                  0x080006e3   Thumb Code    22  stm32f10x_adc.o(i.ADC_Cmd)
    ADC_DeInit                               0x080006f9   Thumb Code    78  stm32f10x_adc.o(i.ADC_DeInit)
    ADC_GetCalibrationStatus                 0x08000755   Thumb Code    20  stm32f10x_adc.o(i.ADC_GetCalibrationStatus)
    ADC_GetResetCalibrationStatus            0x08000769   Thumb Code    20  stm32f10x_adc.o(i.ADC_GetResetCalibrationStatus)
    ADC_Init                                 0x0800077d   Thumb Code    70  stm32f10x_adc.o(i.ADC_Init)
    ADC_ResetCalibration                     0x080007cd   Thumb Code    10  stm32f10x_adc.o(i.ADC_ResetCalibration)
    ADC_StartCalibration                     0x080007d7   Thumb Code    10  stm32f10x_adc.o(i.ADC_StartCalibration)
    Adc_DeInit                               0x080007e1   Thumb Code    58  adc.o(i.Adc_DeInit)
    Adc_Init                                 0x0800082d   Thumb Code   248  adc.o(i.Adc_Init)
    BKP_DeInit                               0x08000931   Thumb Code    16  stm32f10x_bkp.o(i.BKP_DeInit)
    BOARD_InitAll                            0x08000955   Thumb Code    46  board_config.o(i.BOARD_InitAll)
    Beep_Init                                0x08000a25   Thumb Code   108  beep.o(i.Beep_Init)
    BusFault_Handler                         0x08000aa5   Thumb Code     4  stm32f10x_it.o(i.BusFault_Handler)
    DHT11_Check                              0x08000aa9   Thumb Code   180  dht11.o(i.DHT11_Check)
    DHT11_Init                               0x08000bed   Thumb Code    58  dht11.o(i.DHT11_Init)
    DHT11_Rst                                0x08000c27   Thumb Code   142  dht11.o(i.DHT11_Rst)
    DS18B20_Check                            0x08000cb5   Thumb Code    82  ds18b20.o(i.DS18B20_Check)
    DS18B20_Get_Temp                         0x08000d27   Thumb Code   100  ds18b20.o(i.DS18B20_Get_Temp)
    DS18B20_Init                             0x08000dc5   Thumb Code   152  ds18b20.o(i.DS18B20_Init)
    DS18B20_Read_Bit                         0x08000e79   Thumb Code    62  ds18b20.o(i.DS18B20_Read_Bit)
    DS18B20_Read_Byte                        0x08000eb7   Thumb Code    42  ds18b20.o(i.DS18B20_Read_Byte)
    DS18B20_Rst                              0x08000ee1   Thumb Code    42  ds18b20.o(i.DS18B20_Rst)
    DS18B20_Start                            0x08000f0b   Thumb Code    40  ds18b20.o(i.DS18B20_Start)
    DS18B20_Write_Byte                       0x08000f33   Thumb Code    96  ds18b20.o(i.DS18B20_Write_Byte)
    DebugMon_Handler                         0x08000f93   Thumb Code     2  stm32f10x_it.o(i.DebugMon_Handler)
    DelayMs                                  0x08000f95   Thumb Code    26  delay.o(i.DelayMs)
    DelayUs                                  0x08000fb1   Thumb Code    84  delay.o(i.DelayUs)
    Delay_Init                               0x0800100d   Thumb Code    70  delay.o(i.Delay_Init)
    EXTI0_IRQHandler                         0x0800105d   Thumb Code    50  stm32f10x_it.o(i.EXTI0_IRQHandler)
    EXTI15_10_IRQHandler                     0x080010ad   Thumb Code   188  stm32f10x_it.o(i.EXTI15_10_IRQHandler)
    EXTI_ClearITPendingBit                   0x080011c1   Thumb Code     6  stm32f10x_exti.o(i.EXTI_ClearITPendingBit)
    EXTI_Init                                0x080011cd   Thumb Code   142  stm32f10x_exti.o(i.EXTI_Init)
    GPIO_EXTILineConfig                      0x08001261   Thumb Code    60  stm32f10x_gpio.o(i.GPIO_EXTILineConfig)
    GPIO_Init                                0x080012a1   Thumb Code   278  stm32f10x_gpio.o(i.GPIO_Init)
    GPIO_Input_Init                          0x080013b9   Thumb Code   106  gpio_input.o(i.GPIO_Input_Init)
    GPIO_Input_UpdateState                   0x08001439   Thumb Code    26  gpio_input.o(i.GPIO_Input_UpdateState)
    GPIO_Output_Init                         0x08001455   Thumb Code   108  gpio_output.o(i.GPIO_Output_Init)
    GPIO_Output_SetState                     0x080014d5   Thumb Code    32  gpio_output.o(i.GPIO_Output_SetState)
    GPIO_PinRemapConfig                      0x080014f5   Thumb Code   138  stm32f10x_gpio.o(i.GPIO_PinRemapConfig)
    GPIO_ReadInputDataBit                    0x08001585   Thumb Code    18  stm32f10x_gpio.o(i.GPIO_ReadInputDataBit)
    GPIO_ResetBits                           0x08001597   Thumb Code     4  stm32f10x_gpio.o(i.GPIO_ResetBits)
    GPIO_SetBits                             0x0800159b   Thumb Code     4  stm32f10x_gpio.o(i.GPIO_SetBits)
    GPIO_WriteBit                            0x0800159f   Thumb Code    10  stm32f10x_gpio.o(i.GPIO_WriteBit)
    HardFault_Handler                        0x080015a9   Thumb Code     4  stm32f10x_it.o(i.HardFault_Handler)
    Key_Init                                 0x080015ad   Thumb Code   226  key.o(i.Key_Init)
    Key_Read                                 0x0800168f   Thumb Code    16  key.o(i.Key_Read)
    LED_Init                                 0x080016a1   Thumb Code   108  led.o(i.LED_Init)
    LED_Off                                  0x08001721   Thumb Code    18  led.o(i.LED_Off)
    LED_On                                   0x08001733   Thumb Code    18  led.o(i.LED_On)
    LED_Toggle                               0x08001745   Thumb Code    26  led.o(i.LED_Toggle)
    MODULE_InitAll                           0x08001761   Thumb Code    36  module_config.o(i.MODULE_InitAll)
    MemManage_Handler                        0x080018b9   Thumb Code     4  stm32f10x_it.o(i.MemManage_Handler)
    NMI_Handler                              0x080018bd   Thumb Code     2  stm32f10x_it.o(i.NMI_Handler)
    NVIC_Init                                0x080018c1   Thumb Code   100  misc.o(i.NVIC_Init)
    NVIC_PriorityGroupConfig                 0x08001931   Thumb Code    10  misc.o(i.NVIC_PriorityGroupConfig)
    OLED_Clear                               0x08001945   Thumb Code    48  oled.o(i.OLED_Clear)
    OLED_Init                                0x08001a6f   Thumb Code   226  oled.o(i.OLED_Init)
    OLED_ShowChar                            0x08001b91   Thumb Code   120  oled.o(i.OLED_ShowChar)
    OLED_ShowNum                             0x08001c0d   Thumb Code    72  oled.o(i.OLED_ShowNum)
    OLED_ShowString                          0x08001c55   Thumb Code    44  oled.o(i.OLED_ShowString)
    PWM_Init                                 0x08001cfd   Thumb Code   386  pwm.o(i.PWM_Init)
    PWR_BackupAccessCmd                      0x08001e9d   Thumb Code     6  stm32f10x_pwr.o(i.PWR_BackupAccessCmd)
    PendSV_Handler                           0x08001ea9   Thumb Code     2  stm32f10x_it.o(i.PendSV_Handler)
    RCC_ADCCLKConfig                         0x08001ead   Thumb Code    18  stm32f10x_rcc.o(i.RCC_ADCCLKConfig)
    RCC_APB1PeriphClockCmd                   0x08001ec5   Thumb Code    26  stm32f10x_rcc.o(i.RCC_APB1PeriphClockCmd)
    RCC_APB2PeriphClockCmd                   0x08001ee5   Thumb Code    26  stm32f10x_rcc.o(i.RCC_APB2PeriphClockCmd)
    RCC_APB2PeriphResetCmd                   0x08001f05   Thumb Code    26  stm32f10x_rcc.o(i.RCC_APB2PeriphResetCmd)
    RCC_BackupResetCmd                       0x08001f25   Thumb Code     6  stm32f10x_rcc.o(i.RCC_BackupResetCmd)
    RCC_GetClocksFreq                        0x08001f31   Thumb Code   192  stm32f10x_rcc.o(i.RCC_GetClocksFreq)
    RCC_GetFlagStatus                        0x08002005   Thumb Code    56  stm32f10x_rcc.o(i.RCC_GetFlagStatus)
    RCC_LSEConfig                            0x08002041   Thumb Code    46  stm32f10x_rcc.o(i.RCC_LSEConfig)
    RCC_LSICmd                               0x08002075   Thumb Code     6  stm32f10x_rcc.o(i.RCC_LSICmd)
    RCC_RTCCLKCmd                            0x08002081   Thumb Code     6  stm32f10x_rcc.o(i.RCC_RTCCLKCmd)
    RCC_RTCCLKConfig                         0x0800208d   Thumb Code    12  stm32f10x_rcc.o(i.RCC_RTCCLKConfig)
    RTC_EnterConfigMode                      0x0800209d   Thumb Code    14  stm32f10x_rtc.o(i.RTC_EnterConfigMode)
    RTC_ExitConfigMode                       0x080020b1   Thumb Code    16  stm32f10x_rtc.o(i.RTC_ExitConfigMode)
    RTC_Init                                 0x080020c5   Thumb Code   118  rtc.o(i.RTC_Init)
    RTC_SetCounter                           0x0800213d   Thumb Code    24  stm32f10x_rtc.o(i.RTC_SetCounter)
    RTC_SetPrescaler                         0x08002159   Thumb Code    26  stm32f10x_rtc.o(i.RTC_SetPrescaler)
    RTC_SetTimeByTimestamp                   0x08002179   Thumb Code    42  rtc.o(i.RTC_SetTimeByTimestamp)
    RTC_WaitForLastTask                      0x080021a5   Thumb Code    16  stm32f10x_rtc.o(i.RTC_WaitForLastTask)
    RTC_WaitForSynchro                       0x080021b9   Thumb Code    30  stm32f10x_rtc.o(i.RTC_WaitForSynchro)
    SVC_Handler                              0x080021dd   Thumb Code     2  stm32f10x_it.o(i.SVC_Handler)
    Sensor_GetValueAll                       0x080021df   Thumb Code     8  sensor_app.o(i.Sensor_GetValueAll)
    Sensor_Init                              0x0800223d   Thumb Code    14  sensor_app.o(i.Sensor_Init)
    SysTick_Handler                          0x08002359   Thumb Code     2  stm32f10x_it.o(i.SysTick_Handler)
    SystemInit                               0x0800235d   Thumb Code    78  system_stm32f10x.o(i.SystemInit)
    TIM_ARRPreloadConfig                     0x080023bd   Thumb Code    24  stm32f10x_tim.o(i.TIM_ARRPreloadConfig)
    TIM_ClearFlag                            0x080023d5   Thumb Code     6  stm32f10x_tim.o(i.TIM_ClearFlag)
    TIM_Cmd                                  0x080023db   Thumb Code    24  stm32f10x_tim.o(i.TIM_Cmd)
    TIM_CounterModeConfig                    0x080023f3   Thumb Code    18  stm32f10x_tim.o(i.TIM_CounterModeConfig)
    TIM_CtrlPWMOutputs                       0x08002405   Thumb Code    30  stm32f10x_tim.o(i.TIM_CtrlPWMOutputs)
    TIM_GetFlagStatus                        0x08002423   Thumb Code    18  stm32f10x_tim.o(i.TIM_GetFlagStatus)
    TIM_InternalClockConfig                  0x08002435   Thumb Code    12  stm32f10x_tim.o(i.TIM_InternalClockConfig)
    TIM_OC1Init                              0x08002441   Thumb Code   132  stm32f10x_tim.o(i.TIM_OC1Init)
    TIM_OC1PreloadConfig                     0x080024d9   Thumb Code    18  stm32f10x_tim.o(i.TIM_OC1PreloadConfig)
    TIM_OC2Init                              0x080024ed   Thumb Code   154  stm32f10x_tim.o(i.TIM_OC2Init)
    TIM_OC2PreloadConfig                     0x08002591   Thumb Code    26  stm32f10x_tim.o(i.TIM_OC2PreloadConfig)
    TIM_OC3Init                              0x080025ad   Thumb Code   150  stm32f10x_tim.o(i.TIM_OC3Init)
    TIM_OC3PreloadConfig                     0x0800264d   Thumb Code    18  stm32f10x_tim.o(i.TIM_OC3PreloadConfig)
    TIM_OC4Init                              0x08002661   Thumb Code   114  stm32f10x_tim.o(i.TIM_OC4Init)
    TIM_OC4PreloadConfig                     0x080026dd   Thumb Code    26  stm32f10x_tim.o(i.TIM_OC4PreloadConfig)
    TIM_PrescalerConfig                      0x080026f7   Thumb Code     6  stm32f10x_tim.o(i.TIM_PrescalerConfig)
    TIM_SetAutoreload                        0x080026fd   Thumb Code     4  stm32f10x_tim.o(i.TIM_SetAutoreload)
    TIM_SetCounter                           0x08002701   Thumb Code     4  stm32f10x_tim.o(i.TIM_SetCounter)
    TIM_TimeBaseInit                         0x08002705   Thumb Code   122  stm32f10x_tim.o(i.TIM_TimeBaseInit)
    USART1_IRQHandler                        0x080027a9   Thumb Code   144  stm32f10x_it.o(i.USART1_IRQHandler)
    USART2_IRQHandler                        0x08002855   Thumb Code    24  stm32f10x_it.o(i.USART2_IRQHandler)
    USART_ClearFlag                          0x08002871   Thumb Code    18  stm32f10x_usart.o(i.USART_ClearFlag)
    USART_ClearITPendingBit                  0x08002883   Thumb Code    30  stm32f10x_usart.o(i.USART_ClearITPendingBit)
    USART_Cmd                                0x080028a1   Thumb Code    24  stm32f10x_usart.o(i.USART_Cmd)
    USART_GetFlagStatus                      0x080028b9   Thumb Code    26  stm32f10x_usart.o(i.USART_GetFlagStatus)
    USART_GetITStatus                        0x080028d3   Thumb Code    84  stm32f10x_usart.o(i.USART_GetITStatus)
    USART_ITConfig                           0x08002927   Thumb Code    74  stm32f10x_usart.o(i.USART_ITConfig)
    USART_Init                               0x08002971   Thumb Code   210  stm32f10x_usart.o(i.USART_Init)
    USART_ReceiveData                        0x08002a49   Thumb Code    10  stm32f10x_usart.o(i.USART_ReceiveData)
    USART_SendData                           0x08002a53   Thumb Code     8  stm32f10x_usart.o(i.USART_SendData)
    UsageFault_Handler                       0x08002a5b   Thumb Code     4  stm32f10x_it.o(i.UsageFault_Handler)
    UsartPrintf                              0x08002a5f   Thumb Code    72  usart.o(i.UsartPrintf)
    Usart_Init                               0x08002aa9   Thumb Code   184  usart.o(i.Usart_Init)
    __0vsnprintf                             0x08002b69   Thumb Code    46  printfa.o(i.__0vsnprintf)
    __1vsnprintf                             0x08002b69   Thumb Code     0  printfa.o(i.__0vsnprintf)
    __2vsnprintf                             0x08002b69   Thumb Code     0  printfa.o(i.__0vsnprintf)
    __c89vsnprintf                           0x08002b69   Thumb Code     0  printfa.o(i.__0vsnprintf)
    vsnprintf                                0x08002b69   Thumb Code     0  printfa.o(i.__0vsnprintf)
    __scatterload_copy                       0x08002b9d   Thumb Code    14  handlers.o(i.__scatterload_copy)
    __scatterload_null                       0x08002bab   Thumb Code     2  handlers.o(i.__scatterload_null)
    __scatterload_zeroinit                   0x08002bad   Thumb Code    14  handlers.o(i.__scatterload_zeroinit)
    free                                     0x0800345d   Thumb Code    76  malloc.o(i.free)
    main                                     0x080034cd   Thumb Code    40  main.o(i.main)
    malloc                                   0x08003509   Thumb Code    92  malloc.o(i.malloc)
    TimerConfigTable                         0x08003574   Data         224  delay.o(.constdata)
    TimerConfigTableSize                     0x08003654   Data           1  delay.o(.constdata)
    BOARD_KEYS_NUM                           0x08003658   Data           1  board_config.o(.constdata)
    OLED_F8x16                               0x08003670   Data        1520  oled.o(.constdata)
    Region$$Table$$Base                      0x08003c60   Number         0  anon$$obj.o(Region$$Table)
    Region$$Table$$Limit                     0x08003c80   Number         0  anon$$obj.o(Region$$Table)
    ADC_ConvertedValue                       0x20000018   Data           4  adc.o(.data)
    ADC_ChannelCount                         0x2000001c   Data           1  adc.o(.data)
    BOARD_LED1                               0x20000024   Data           8  board_config.o(.data)
    BOARD_LED2                               0x2000002c   Data           8  board_config.o(.data)
    BOARD_BEEP                               0x20000034   Data           8  board_config.o(.data)
    BOARD_KEYS                               0x2000003c   Data         120  board_config.o(.data)
    adc_config                               0x200000b4   Data          44  board_config.o(.data)
    currentTime                              0x200000e0   Data           8  board_config.o(.data)
    window_pwm_config                        0x200000e8   Data          28  board_config.o(.data)
    OLED_Handle                              0x20000104   Data          16  module_config.o(.data)
    MODULE_GPIO_INPUT1                       0x20000114   Data          12  module_config.o(.data)
    MODULE_GPIO_INPUT2                       0x20000120   Data          12  module_config.o(.data)
    MODULE_GPIO_INPUT3                       0x2000012c   Data          12  module_config.o(.data)
    MODULE_GPIO_OUTPUT1                      0x20000138   Data          12  module_config.o(.data)
    MODULE_DHT11                             0x20000144   Data           8  module_config.o(.data)
    MODULE_DS18B20                           0x2000014c   Data           8  module_config.o(.data)
    ADCValue1                                0x20000158   Data           2  sensor_app.o(.data)
    ADCValue2                                0x2000015a   Data           2  sensor_app.o(.data)
    nowTimeStamp                             0x20000160   Data           8  sensor_app.o(.data)
    INPUT1_DO                                0x20000168   Data           1  sensor_app.o(.data)
    INPUT2_DO                                0x20000169   Data           1  sensor_app.o(.data)
    INPUT3_DO                                0x2000016a   Data           1  sensor_app.o(.data)
    temperature                              0x2000016b   Data           1  sensor_app.o(.data)
    humidity                                 0x2000016c   Data           1  sensor_app.o(.data)
    TEMP_Value                               0x2000016e   Data           2  sensor_app.o(.data)
    __microlib_freelist                      0x20000174   Data           4  mvars.o(.data)
    __microlib_freelist_initialised          0x20000178   Data           4  mvars.o(.data)
    __heap_base                              0x200001c0   Data           0  startup_stm32f10x_md.o(HEAP)
    __heap_limit                             0x200003c0   Data           0  startup_stm32f10x_md.o(HEAP)
    __initial_sp                             0x200007c0   Data           0  startup_stm32f10x_md.o(STACK)



==============================================================================

Memory Map of the image

  Image Entry point : 0x080000ed

  Load Region LR_IROM1 (Base: 0x08000000, Size: 0x00003dfc, Max: 0x00010000, ABSOLUTE, COMPRESSED[0x00003d20])

    Execution Region ER_IROM1 (Base: 0x08000000, Size: 0x00003c80, Max: 0x00010000, ABSOLUTE)

    Base Addr    Size         Type   Attr      Idx    E Section Name        Object

    0x08000000   0x000000ec   Data   RO          132    RESET               startup_stm32f10x_md.o
    0x080000ec   0x00000000   Code   RO         2658  * .ARM.Collect$$$$00000000  mc_w.l(entry.o)
    0x080000ec   0x00000004   Code   RO         2739    .ARM.Collect$$$$00000001  mc_w.l(entry2.o)
    0x080000f0   0x00000004   Code   RO         2742    .ARM.Collect$$$$00000004  mc_w.l(entry5.o)
    0x080000f4   0x00000000   Code   RO         2744    .ARM.Collect$$$$00000008  mc_w.l(entry7b.o)
    0x080000f4   0x00000000   Code   RO         2746    .ARM.Collect$$$$0000000A  mc_w.l(entry8b.o)
    0x080000f4   0x00000008   Code   RO         2747    .ARM.Collect$$$$0000000B  mc_w.l(entry9a.o)
    0x080000fc   0x00000004   Code   RO         2754    .ARM.Collect$$$$0000000E  mc_w.l(entry12b.o)
    0x08000100   0x00000000   Code   RO         2749    .ARM.Collect$$$$0000000F  mc_w.l(entry10a.o)
    0x08000100   0x00000000   Code   RO         2751    .ARM.Collect$$$$00000011  mc_w.l(entry11a.o)
    0x08000100   0x00000004   Code   RO         2740    .ARM.Collect$$$$00002712  mc_w.l(entry2.o)
    0x08000104   0x00000024   Code   RO          133    .text               startup_stm32f10x_md.o
    0x08000128   0x00000062   Code   RO         2661    .text               mc_w.l(uldiv.o)
    0x0800018a   0x00000024   Code   RO         2667    .text               mc_w.l(memcpya.o)
    0x080001ae   0x0000014e   Code   RO         2731    .text               mf_w.l(dadd.o)
    0x080002fc   0x0000002c   Code   RO         2758    .text               mc_w.l(uidiv.o)
    0x08000328   0x0000001e   Code   RO         2760    .text               mc_w.l(llshl.o)
    0x08000346   0x00000020   Code   RO         2762    .text               mc_w.l(llushr.o)
    0x08000366   0x00000024   Code   RO         2764    .text               mc_w.l(llsshr.o)
    0x0800038a   0x00000000   Code   RO         2768    .text               mc_w.l(iusefp.o)
    0x0800038a   0x000000ba   Code   RO         2771    .text               mf_w.l(depilogue.o)
    0x08000444   0x000000e4   Code   RO         2773    .text               mf_w.l(dmul.o)
    0x08000528   0x000000de   Code   RO         2775    .text               mf_w.l(ddiv.o)
    0x08000606   0x00000030   Code   RO         2777    .text               mf_w.l(dfixul.o)
    0x08000636   0x00000002   PAD
    0x08000638   0x00000030   Code   RO         2779    .text               mf_w.l(cdrcmple.o)
    0x08000668   0x00000024   Code   RO         2781    .text               mc_w.l(init.o)
    0x0800068c   0x00000056   Code   RO         2793    .text               mc_w.l(__dczerorl2.o)
    0x080006e2   0x00000016   Code   RO         1279    i.ADC_Cmd           stm32f10x_adc.o
    0x080006f8   0x0000005c   Code   RO         1281    i.ADC_DeInit        stm32f10x_adc.o
    0x08000754   0x00000014   Code   RO         1287    i.ADC_GetCalibrationStatus  stm32f10x_adc.o
    0x08000768   0x00000014   Code   RO         1293    i.ADC_GetResetCalibrationStatus  stm32f10x_adc.o
    0x0800077c   0x00000050   Code   RO         1297    i.ADC_Init          stm32f10x_adc.o
    0x080007cc   0x0000000a   Code   RO         1302    i.ADC_ResetCalibration  stm32f10x_adc.o
    0x080007d6   0x0000000a   Code   RO         1306    i.ADC_StartCalibration  stm32f10x_adc.o
    0x080007e0   0x0000004c   Code   RO         1921    i.Adc_DeInit        adc.o
    0x0800082c   0x00000104   Code   RO         1922    i.Adc_Init          adc.o
    0x08000930   0x00000010   Code   RO         1497    i.BKP_DeInit        stm32f10x_bkp.o
    0x08000940   0x00000014   Code   RO         2064    i.BOARD_InitADC     board_config.o
    0x08000954   0x0000002e   Code   RO         2065    i.BOARD_InitAll     board_config.o
    0x08000982   0x00000002   PAD
    0x08000984   0x00000018   Code   RO         2066    i.BOARD_InitBeep    board_config.o
    0x0800099c   0x0000000c   Code   RO         2067    i.BOARD_InitDelay   board_config.o
    0x080009a8   0x00000010   Code   RO         2068    i.BOARD_InitKeys    board_config.o
    0x080009b8   0x00000024   Code   RO         2069    i.BOARD_InitLEDs    board_config.o
    0x080009dc   0x00000010   Code   RO         2124    i.BOARD_InitOLED    module_config.o
    0x080009ec   0x00000010   Code   RO         2070    i.BOARD_InitPWM     board_config.o
    0x080009fc   0x00000008   Code   RO         2071    i.BOARD_InitRTC     board_config.o
    0x08000a04   0x00000020   Code   RO         2072    i.BOARD_InitUSART   board_config.o
    0x08000a24   0x00000080   Code   RO         1785    i.Beep_Init         beep.o
    0x08000aa4   0x00000004   Code   RO         2467    i.BusFault_Handler  stm32f10x_it.o
    0x08000aa8   0x000000b4   Code   RO         2331    i.DHT11_Check       dht11.o
    0x08000b5c   0x00000090   Code   RO         2332    i.DHT11_EnableGPIOClock  dht11.o
    0x08000bec   0x0000003a   Code   RO         2333    i.DHT11_Init        dht11.o
    0x08000c26   0x0000008e   Code   RO         2337    i.DHT11_Rst         dht11.o
    0x08000cb4   0x00000052   Code   RO         2378    i.DS18B20_Check     ds18b20.o
    0x08000d06   0x0000000e   Code   RO         2379    i.DS18B20_DQ_IN     ds18b20.o
    0x08000d14   0x00000012   Code   RO         2380    i.DS18B20_DQ_OUT    ds18b20.o
    0x08000d26   0x00000064   Code   RO         2381    i.DS18B20_Get_Temp  ds18b20.o
    0x08000d8a   0x0000001a   Code   RO         2382    i.DS18B20_IO_IN     ds18b20.o
    0x08000da4   0x00000020   Code   RO         2383    i.DS18B20_IO_OUT    ds18b20.o
    0x08000dc4   0x000000b4   Code   RO         2384    i.DS18B20_Init      ds18b20.o
    0x08000e78   0x0000003e   Code   RO         2385    i.DS18B20_Read_Bit  ds18b20.o
    0x08000eb6   0x0000002a   Code   RO         2386    i.DS18B20_Read_Byte  ds18b20.o
    0x08000ee0   0x0000002a   Code   RO         2387    i.DS18B20_Rst       ds18b20.o
    0x08000f0a   0x00000028   Code   RO         2388    i.DS18B20_Start     ds18b20.o
    0x08000f32   0x00000060   Code   RO         2389    i.DS18B20_Write_Byte  ds18b20.o
    0x08000f92   0x00000002   Code   RO         2468    i.DebugMon_Handler  stm32f10x_it.o
    0x08000f94   0x0000001a   Code   RO         1884    i.DelayMs           delay.o
    0x08000fae   0x00000002   PAD
    0x08000fb0   0x0000005c   Code   RO         1885    i.DelayUs           delay.o
    0x0800100c   0x00000050   Code   RO         1887    i.Delay_Init        delay.o
    0x0800105c   0x00000050   Code   RO         2469    i.EXTI0_IRQHandler  stm32f10x_it.o
    0x080010ac   0x00000114   Code   RO         2470    i.EXTI15_10_IRQHandler  stm32f10x_it.o
    0x080011c0   0x0000000c   Code   RO          672    i.EXTI_ClearITPendingBit  stm32f10x_exti.o
    0x080011cc   0x00000094   Code   RO          677    i.EXTI_Init         stm32f10x_exti.o
    0x08001260   0x00000040   Code   RO          180    i.GPIO_EXTILineConfig  stm32f10x_gpio.o
    0x080012a0   0x00000116   Code   RO          183    i.GPIO_Init         stm32f10x_gpio.o
    0x080013b6   0x00000002   PAD
    0x080013b8   0x00000080   Code   RO         2284    i.GPIO_Input_Init   gpio_input.o
    0x08001438   0x0000001a   Code   RO         2285    i.GPIO_Input_UpdateState  gpio_input.o
    0x08001452   0x00000002   PAD
    0x08001454   0x00000080   Code   RO         2308    i.GPIO_Output_Init  gpio_output.o
    0x080014d4   0x00000020   Code   RO         2309    i.GPIO_Output_SetState  gpio_output.o
    0x080014f4   0x00000090   Code   RO          185    i.GPIO_PinRemapConfig  stm32f10x_gpio.o
    0x08001584   0x00000012   Code   RO          187    i.GPIO_ReadInputDataBit  stm32f10x_gpio.o
    0x08001596   0x00000004   Code   RO          190    i.GPIO_ResetBits    stm32f10x_gpio.o
    0x0800159a   0x00000004   Code   RO          191    i.GPIO_SetBits      stm32f10x_gpio.o
    0x0800159e   0x0000000a   Code   RO          194    i.GPIO_WriteBit     stm32f10x_gpio.o
    0x080015a8   0x00000004   Code   RO         2471    i.HardFault_Handler  stm32f10x_it.o
    0x080015ac   0x000000e2   Code   RO         1863    i.Key_Init          key.o
    0x0800168e   0x00000010   Code   RO         1864    i.Key_Read          key.o
    0x0800169e   0x00000002   PAD
    0x080016a0   0x00000080   Code   RO         1724    i.LED_Init          led.o
    0x08001720   0x00000012   Code   RO         1725    i.LED_Off           led.o
    0x08001732   0x00000012   Code   RO         1726    i.LED_On            led.o
    0x08001744   0x0000001a   Code   RO         1727    i.LED_Toggle        led.o
    0x0800175e   0x00000002   PAD
    0x08001760   0x00000038   Code   RO         2125    i.MODULE_InitAll    module_config.o
    0x08001798   0x00000074   Code   RO         2126    i.MODULE_InitDHT11  module_config.o
    0x0800180c   0x00000078   Code   RO         2127    i.MODULE_InitDS18B20  module_config.o
    0x08001884   0x00000024   Code   RO         2128    i.MODULE_InitGPIOInputs  module_config.o
    0x080018a8   0x00000010   Code   RO         2129    i.MODULE_InitGPIOOutputs  module_config.o
    0x080018b8   0x00000004   Code   RO         2472    i.MemManage_Handler  stm32f10x_it.o
    0x080018bc   0x00000002   Code   RO         2473    i.NMI_Handler       stm32f10x_it.o
    0x080018be   0x00000002   PAD
    0x080018c0   0x00000070   Code   RO          137    i.NVIC_Init         misc.o
    0x08001930   0x00000014   Code   RO          138    i.NVIC_PriorityGroupConfig  misc.o
    0x08001944   0x00000030   Code   RO         2167    i.OLED_Clear        oled.o
    0x08001974   0x00000074   Code   RO         2169    i.OLED_I2C_Init     oled.o
    0x080019e8   0x00000042   Code   RO         2170    i.OLED_I2C_SendByte  oled.o
    0x08001a2a   0x00000026   Code   RO         2171    i.OLED_I2C_Start    oled.o
    0x08001a50   0x0000001e   Code   RO         2172    i.OLED_I2C_Stop     oled.o
    0x08001a6e   0x000000e2   Code   RO         2173    i.OLED_Init         oled.o
    0x08001b50   0x00000014   Code   RO         2174    i.OLED_Pow          oled.o
    0x08001b64   0x0000002a   Code   RO         2175    i.OLED_SetCursor    oled.o
    0x08001b8e   0x00000002   PAD
    0x08001b90   0x0000007c   Code   RO         2177    i.OLED_ShowChar     oled.o
    0x08001c0c   0x00000048   Code   RO         2179    i.OLED_ShowNum      oled.o
    0x08001c54   0x0000002c   Code   RO         2181    i.OLED_ShowString   oled.o
    0x08001c80   0x00000012   Code   RO         2182    i.OLED_W_SCL        oled.o
    0x08001c92   0x00000012   Code   RO         2183    i.OLED_W_SDA        oled.o
    0x08001ca4   0x0000002c   Code   RO         2184    i.OLED_WriteCommand  oled.o
    0x08001cd0   0x0000002c   Code   RO         2185    i.OLED_WriteData    oled.o
    0x08001cfc   0x000001a0   Code   RO         1996    i.PWM_Init          pwm.o
    0x08001e9c   0x0000000c   Code   RO         1573    i.PWR_BackupAccessCmd  stm32f10x_pwr.o
    0x08001ea8   0x00000002   Code   RO         2474    i.PendSV_Handler    stm32f10x_it.o
    0x08001eaa   0x00000002   PAD
    0x08001eac   0x00000018   Code   RO          291    i.RCC_ADCCLKConfig  stm32f10x_rcc.o
    0x08001ec4   0x00000020   Code   RO          293    i.RCC_APB1PeriphClockCmd  stm32f10x_rcc.o
    0x08001ee4   0x00000020   Code   RO          295    i.RCC_APB2PeriphClockCmd  stm32f10x_rcc.o
    0x08001f04   0x00000020   Code   RO          296    i.RCC_APB2PeriphResetCmd  stm32f10x_rcc.o
    0x08001f24   0x0000000c   Code   RO          298    i.RCC_BackupResetCmd  stm32f10x_rcc.o
    0x08001f30   0x000000d4   Code   RO          303    i.RCC_GetClocksFreq  stm32f10x_rcc.o
    0x08002004   0x0000003c   Code   RO          304    i.RCC_GetFlagStatus  stm32f10x_rcc.o
    0x08002040   0x00000034   Code   RO          311    i.RCC_LSEConfig     stm32f10x_rcc.o
    0x08002074   0x0000000c   Code   RO          312    i.RCC_LSICmd        stm32f10x_rcc.o
    0x08002080   0x0000000c   Code   RO          318    i.RCC_RTCCLKCmd     stm32f10x_rcc.o
    0x0800208c   0x00000010   Code   RO          319    i.RCC_RTCCLKConfig  stm32f10x_rcc.o
    0x0800209c   0x00000014   Code   RO         1635    i.RTC_EnterConfigMode  stm32f10x_rtc.o
    0x080020b0   0x00000014   Code   RO         1636    i.RTC_ExitConfigMode  stm32f10x_rtc.o
    0x080020c4   0x00000076   Code   RO         1968    i.RTC_Init          rtc.o
    0x0800213a   0x00000002   PAD
    0x0800213c   0x0000001c   Code   RO         1643    i.RTC_SetCounter    stm32f10x_rtc.o
    0x08002158   0x00000020   Code   RO         1644    i.RTC_SetPrescaler  stm32f10x_rtc.o
    0x08002178   0x0000002a   Code   RO         1969    i.RTC_SetTimeByTimestamp  rtc.o
    0x080021a2   0x00000002   PAD
    0x080021a4   0x00000014   Code   RO         1645    i.RTC_WaitForLastTask  stm32f10x_rtc.o
    0x080021b8   0x00000024   Code   RO         1646    i.RTC_WaitForSynchro  stm32f10x_rtc.o
    0x080021dc   0x00000002   Code   RO         2475    i.SVC_Handler       stm32f10x_it.o
    0x080021de   0x00000008   Code   RO         2559    i.Sensor_GetValueAll  sensor_app.o
    0x080021e6   0x00000002   PAD
    0x080021e8   0x00000054   Code   RO         2561    i.Sensor_GetValueDS18B20  sensor_app.o
    0x0800223c   0x00000014   Code   RO         2563    i.Sensor_Init       sensor_app.o
    0x08002250   0x00000020   Code   RO         2564    i.Sensor_SetTime    sensor_app.o
    0x08002270   0x00000008   Code   RO           17    i.SetSysClock       system_stm32f10x.o
    0x08002278   0x000000e0   Code   RO           18    i.SetSysClockTo72   system_stm32f10x.o
    0x08002358   0x00000002   Code   RO         2476    i.SysTick_Handler   stm32f10x_it.o
    0x0800235a   0x00000002   PAD
    0x0800235c   0x00000060   Code   RO           20    i.SystemInit        system_stm32f10x.o
    0x080023bc   0x00000018   Code   RO          729    i.TIM_ARRPreloadConfig  stm32f10x_tim.o
    0x080023d4   0x00000006   Code   RO          735    i.TIM_ClearFlag     stm32f10x_tim.o
    0x080023da   0x00000018   Code   RO          741    i.TIM_Cmd           stm32f10x_tim.o
    0x080023f2   0x00000012   Code   RO          742    i.TIM_CounterModeConfig  stm32f10x_tim.o
    0x08002404   0x0000001e   Code   RO          743    i.TIM_CtrlPWMOutputs  stm32f10x_tim.o
    0x08002422   0x00000012   Code   RO          761    i.TIM_GetFlagStatus  stm32f10x_tim.o
    0x08002434   0x0000000c   Code   RO          768    i.TIM_InternalClockConfig  stm32f10x_tim.o
    0x08002440   0x00000098   Code   RO          770    i.TIM_OC1Init       stm32f10x_tim.o
    0x080024d8   0x00000012   Code   RO          773    i.TIM_OC1PreloadConfig  stm32f10x_tim.o
    0x080024ea   0x00000002   PAD
    0x080024ec   0x000000a4   Code   RO          775    i.TIM_OC2Init       stm32f10x_tim.o
    0x08002590   0x0000001a   Code   RO          778    i.TIM_OC2PreloadConfig  stm32f10x_tim.o
    0x080025aa   0x00000002   PAD
    0x080025ac   0x000000a0   Code   RO          780    i.TIM_OC3Init       stm32f10x_tim.o
    0x0800264c   0x00000012   Code   RO          783    i.TIM_OC3PreloadConfig  stm32f10x_tim.o
    0x0800265e   0x00000002   PAD
    0x08002660   0x0000007c   Code   RO          785    i.TIM_OC4Init       stm32f10x_tim.o
    0x080026dc   0x0000001a   Code   RO          787    i.TIM_OC4PreloadConfig  stm32f10x_tim.o
    0x080026f6   0x00000006   Code   RO          790    i.TIM_PrescalerConfig  stm32f10x_tim.o
    0x080026fc   0x00000004   Code   RO          800    i.TIM_SetAutoreload  stm32f10x_tim.o
    0x08002700   0x00000004   Code   RO          806    i.TIM_SetCounter    stm32f10x_tim.o
    0x08002704   0x000000a4   Code   RO          812    i.TIM_TimeBaseInit  stm32f10x_tim.o
    0x080027a8   0x000000ac   Code   RO         2477    i.USART1_IRQHandler  stm32f10x_it.o
    0x08002854   0x0000001c   Code   RO         2478    i.USART2_IRQHandler  stm32f10x_it.o
    0x08002870   0x00000012   Code   RO          491    i.USART_ClearFlag   stm32f10x_usart.o
    0x08002882   0x0000001e   Code   RO          492    i.USART_ClearITPendingBit  stm32f10x_usart.o
    0x080028a0   0x00000018   Code   RO          495    i.USART_Cmd         stm32f10x_usart.o
    0x080028b8   0x0000001a   Code   RO          498    i.USART_GetFlagStatus  stm32f10x_usart.o
    0x080028d2   0x00000054   Code   RO          499    i.USART_GetITStatus  stm32f10x_usart.o
    0x08002926   0x0000004a   Code   RO          501    i.USART_ITConfig    stm32f10x_usart.o
    0x08002970   0x000000d8   Code   RO          502    i.USART_Init        stm32f10x_usart.o
    0x08002a48   0x0000000a   Code   RO          509    i.USART_ReceiveData  stm32f10x_usart.o
    0x08002a52   0x00000008   Code   RO          512    i.USART_SendData    stm32f10x_usart.o
    0x08002a5a   0x00000004   Code   RO         2479    i.UsageFault_Handler  stm32f10x_it.o
    0x08002a5e   0x00000048   Code   RO         1823    i.UsartPrintf       usart.o
    0x08002aa6   0x00000002   PAD
    0x08002aa8   0x000000c0   Code   RO         1824    i.Usart_Init        usart.o
    0x08002b68   0x00000034   Code   RO         2677    i.__0vsnprintf      mc_w.l(printfa.o)
    0x08002b9c   0x0000000e   Code   RO         2787    i.__scatterload_copy  mc_w.l(handlers.o)
    0x08002baa   0x00000002   Code   RO         2788    i.__scatterload_null  mc_w.l(handlers.o)
    0x08002bac   0x0000000e   Code   RO         2789    i.__scatterload_zeroinit  mc_w.l(handlers.o)
    0x08002bba   0x00000002   PAD
    0x08002bbc   0x00000184   Code   RO         2679    i._fp_digits        mc_w.l(printfa.o)
    0x08002d40   0x000006b4   Code   RO         2680    i._printf_core      mc_w.l(printfa.o)
    0x080033f4   0x00000024   Code   RO         2681    i._printf_post_padding  mc_w.l(printfa.o)
    0x08003418   0x0000002e   Code   RO         2682    i._printf_pre_padding  mc_w.l(printfa.o)
    0x08003446   0x00000016   Code   RO         2683    i._snputc           mc_w.l(printfa.o)
    0x0800345c   0x00000050   Code   RO         2699    i.free              mc_w.l(malloc.o)
    0x080034ac   0x00000020   Code   RO         2567    i.get_timestamp     sensor_app.o
    0x080034cc   0x0000003c   Code   RO         2452    i.main              main.o
    0x08003508   0x0000006c   Code   RO         2700    i.malloc            mc_w.l(malloc.o)
    0x08003574   0x000000e1   Data   RO         1888    .constdata          delay.o
    0x08003655   0x00000003   PAD
    0x08003658   0x00000018   Data   RO         2073    .constdata          board_config.o
    0x08003670   0x000005f0   Data   RO         2186    .constdata          oled.o
    0x08003c60   0x00000020   Data   RO         2785    Region$$Table       anon$$obj.o


    Execution Region RW_IRAM1 (Base: 0x20000000, Size: 0x000007c0, Max: 0x00005000, ABSOLUTE, COMPRESSED[0x000000a0])

    Base Addr    Size         Type   Attr      Idx    E Section Name        Object

    0x20000000   0x00000014   Data   RW          323    .data               stm32f10x_rcc.o
    0x20000014   0x00000001   Data   RW         1889    .data               delay.o
    0x20000015   0x00000003   PAD
    0x20000018   0x0000000c   Data   RW         1926    .data               adc.o
    0x20000024   0x000000e0   Data   RW         2074    .data               board_config.o
    0x20000104   0x00000050   Data   RW         2130    .data               module_config.o
    0x20000154   0x00000002   Data   RW         2481    .data               stm32f10x_it.o
    0x20000156   0x00000002   PAD
    0x20000158   0x0000001a   Data   RW         2568    .data               sensor_app.o
    0x20000172   0x00000002   PAD
    0x20000174   0x00000004   Data   RW         2766    .data               mc_w.l(mvars.o)
    0x20000178   0x00000004   Data   RW         2767    .data               mc_w.l(mvars.o)
    0x2000017c   0x00000040   Zero   RW         2480    .bss                stm32f10x_it.o
    0x200001bc   0x00000004   PAD
    0x200001c0   0x00000200   Zero   RW          131    HEAP                startup_stm32f10x_md.o
    0x200003c0   0x00000400   Zero   RW          130    STACK               startup_stm32f10x_md.o


==============================================================================

Image component sizes


      Code (inc. data)   RO Data    RW Data    ZI Data      Debug   Object Name

       336         30          0         12          0       2466   adc.o
       128         20          0          0          0       1420   beep.o
       210         38         24        224          0       5026   board_config.o
         0          0          0          0          0       4556   core_cm3.o
       198         18        225          1          0       2733   delay.o
       524         28          0          0          0       2767   dht11.o
       734         28          0          0          0       7412   ds18b20.o
       154         22          0          0          0       1515   gpio_input.o
       160         20          0          0          0       1574   gpio_output.o
       242          0          0          0          0       2142   key.o
       190         20          0          0          0       4419   led.o
        60         20          0          0          0        451   main.o
       132         22          0          0          0       1471   misc.o
       360        134          0         80          0       3300   module_config.o
       950         14       1520          0          0       9403   oled.o
       416         30          0          0          0       5433   pwm.o
       160          0          0          0          0       1492   rtc.o
       176         36          0         26          0       3596   sensor_app.o
        36          8        236          0       1536        812   startup_stm32f10x_md.o
       254         24          0          0          0       5847   stm32f10x_adc.o
        16          0          0          0          0        461   stm32f10x_bkp.o
       160         12          0          0          0       1437   stm32f10x_exti.o
       522         10          0          0          0       5540   stm32f10x_gpio.o
       582        150          0          2         64       5908   stm32f10x_it.o
        12          6          0          0          0        490   stm32f10x_pwr.o
       496         76          0         20          0       8523   stm32f10x_rcc.o
       156         30          0          0          0       2902   stm32f10x_rtc.o
       998         92          0          0          0      11614   stm32f10x_tim.o
       490          6          0          0          0       7173   stm32f10x_usart.o
       328         28          0          0          0     261465   system_stm32f10x.o
       264          8          0          0          0       2943   usart.o

    ----------------------------------------------------------------------
      9478        930       2040        372       1604     376291   Object Totals
         0          0         32          0          0          0   (incl. Generated)
        34          0          3          7          4          0   (incl. Padding)

    ----------------------------------------------------------------------

      Code (inc. data)   RO Data    RW Data    ZI Data      Debug   Library Member Name

        86          0          0          0          0          0   __dczerorl2.o
         0          0          0          0          0          0   entry.o
         0          0          0          0          0          0   entry10a.o
         0          0          0          0          0          0   entry11a.o
         4          0          0          0          0          0   entry12b.o
         8          4          0          0          0          0   entry2.o
         4          0          0          0          0          0   entry5.o
         0          0          0          0          0          0   entry7b.o
         0          0          0          0          0          0   entry8b.o
         8          4          0          0          0          0   entry9a.o
        30          0          0          0          0          0   handlers.o
        36          8          0          0          0         68   init.o
         0          0          0          0          0          0   iusefp.o
        30          0          0          0          0         68   llshl.o
        36          0          0          0          0         68   llsshr.o
        32          0          0          0          0         68   llushr.o
       188         20          0          0          0        160   malloc.o
        36          0          0          0          0         68   memcpya.o
         0          0          0          8          0          0   mvars.o
      2260         86          0          0          0        528   printfa.o
        44          0          0          0          0         80   uidiv.o
        98          0          0          0          0         92   uldiv.o
        48          0          0          0          0         68   cdrcmple.o
       334          0          0          0          0        148   dadd.o
       222          0          0          0          0        100   ddiv.o
       186          0          0          0          0        176   depilogue.o
        48          0          0          0          0         68   dfixul.o
       228          0          0          0          0         96   dmul.o

    ----------------------------------------------------------------------
      3970        122          0          8          0       1856   Library Totals
         4          0          0          0          0          0   (incl. Padding)

    ----------------------------------------------------------------------

      Code (inc. data)   RO Data    RW Data    ZI Data      Debug   Library Name

      2900        122          0          8          0       1200   mc_w.l
      1066          0          0          0          0        656   mf_w.l

    ----------------------------------------------------------------------
      3970        122          0          8          0       1856   Library Totals

    ----------------------------------------------------------------------

==============================================================================


      Code (inc. data)   RO Data    RW Data    ZI Data      Debug   

     13448       1052       2040        380       1604     369591   Grand Totals
     13448       1052       2040        160       1604     369591   ELF Image Totals (compressed)
     13448       1052       2040        160          0          0   ROM Totals

==============================================================================

    Total RO  Size (Code + RO Data)                15488 (  15.13kB)
    Total RW  Size (RW Data + ZI Data)              1984 (   1.94kB)
    Total ROM Size (Code + RO Data + RW Data)      15648 (  15.28kB)

==============================================================================

