Component: ARM Compiler 5.06 update 7 (build 960) Tool: armlink [4d3601]

==============================================================================

Section Cross References

    system_stm32f10x.o(i.SetSysClock) refers to system_stm32f10x.o(i.SetSysClockTo72) for SetSysClockTo72
    system_stm32f10x.o(i.SystemCoreClockUpdate) refers to system_stm32f10x.o(.data) for SystemCoreClock
    system_stm32f10x.o(i.SystemInit) refers to system_stm32f10x.o(i.SetSysClock) for SetSysClock
    startup_stm32f10x_md.o(RESET) refers to startup_stm32f10x_md.o(STACK) for __initial_sp
    startup_stm32f10x_md.o(RESET) refers to startup_stm32f10x_md.o(.text) for Reset_Handler
    startup_stm32f10x_md.o(RESET) refers to stm32f10x_it.o(i.NMI_Handler) for NMI_Handler
    startup_stm32f10x_md.o(RESET) refers to stm32f10x_it.o(i.HardFault_Handler) for HardFault_Handler
    startup_stm32f10x_md.o(RESET) refers to stm32f10x_it.o(i.MemManage_Handler) for MemManage_Handler
    startup_stm32f10x_md.o(RESET) refers to stm32f10x_it.o(i.BusFault_Handler) for BusFault_Handler
    startup_stm32f10x_md.o(RESET) refers to stm32f10x_it.o(i.UsageFault_Handler) for UsageFault_Handler
    startup_stm32f10x_md.o(RESET) refers to stm32f10x_it.o(i.SVC_Handler) for SVC_Handler
    startup_stm32f10x_md.o(RESET) refers to stm32f10x_it.o(i.DebugMon_Handler) for DebugMon_Handler
    startup_stm32f10x_md.o(RESET) refers to stm32f10x_it.o(i.PendSV_Handler) for PendSV_Handler
    startup_stm32f10x_md.o(RESET) refers to stm32f10x_it.o(i.SysTick_Handler) for SysTick_Handler
    startup_stm32f10x_md.o(RESET) refers to stm32f10x_it.o(i.EXTI0_IRQHandler) for EXTI0_IRQHandler
    startup_stm32f10x_md.o(RESET) refers to stm32f10x_it.o(i.USART1_IRQHandler) for USART1_IRQHandler
    startup_stm32f10x_md.o(RESET) refers to stm32f10x_it.o(i.USART2_IRQHandler) for USART2_IRQHandler
    startup_stm32f10x_md.o(RESET) refers to stm32f10x_it.o(i.EXTI15_10_IRQHandler) for EXTI15_10_IRQHandler
    startup_stm32f10x_md.o(.text) refers to system_stm32f10x.o(i.SystemInit) for SystemInit
    startup_stm32f10x_md.o(.text) refers to entry.o(.ARM.Collect$$$$00000000) for __main
    stm32f10x_gpio.o(i.GPIO_AFIODeInit) refers to stm32f10x_rcc.o(i.RCC_APB2PeriphResetCmd) for RCC_APB2PeriphResetCmd
    stm32f10x_gpio.o(i.GPIO_DeInit) refers to stm32f10x_rcc.o(i.RCC_APB2PeriphResetCmd) for RCC_APB2PeriphResetCmd
    stm32f10x_rcc.o(i.RCC_GetClocksFreq) refers to stm32f10x_rcc.o(.data) for APBAHBPrescTable
    stm32f10x_rcc.o(i.RCC_WaitForHSEStartUp) refers to stm32f10x_rcc.o(i.RCC_GetFlagStatus) for RCC_GetFlagStatus
    stm32f10x_usart.o(i.USART_DeInit) refers to stm32f10x_rcc.o(i.RCC_APB2PeriphResetCmd) for RCC_APB2PeriphResetCmd
    stm32f10x_usart.o(i.USART_DeInit) refers to stm32f10x_rcc.o(i.RCC_APB1PeriphResetCmd) for RCC_APB1PeriphResetCmd
    stm32f10x_usart.o(i.USART_Init) refers to stm32f10x_rcc.o(i.RCC_GetClocksFreq) for RCC_GetClocksFreq
    stm32f10x_tim.o(i.TIM_DeInit) refers to stm32f10x_rcc.o(i.RCC_APB2PeriphResetCmd) for RCC_APB2PeriphResetCmd
    stm32f10x_tim.o(i.TIM_DeInit) refers to stm32f10x_rcc.o(i.RCC_APB1PeriphResetCmd) for RCC_APB1PeriphResetCmd
    stm32f10x_tim.o(i.TIM_ETRClockMode1Config) refers to stm32f10x_tim.o(i.TIM_ETRConfig) for TIM_ETRConfig
    stm32f10x_tim.o(i.TIM_ETRClockMode2Config) refers to stm32f10x_tim.o(i.TIM_ETRConfig) for TIM_ETRConfig
    stm32f10x_tim.o(i.TIM_ICInit) refers to stm32f10x_tim.o(i.TI1_Config) for TI1_Config
    stm32f10x_tim.o(i.TIM_ICInit) refers to stm32f10x_tim.o(i.TIM_SetIC1Prescaler) for TIM_SetIC1Prescaler
    stm32f10x_tim.o(i.TIM_ICInit) refers to stm32f10x_tim.o(i.TI2_Config) for TI2_Config
    stm32f10x_tim.o(i.TIM_ICInit) refers to stm32f10x_tim.o(i.TIM_SetIC2Prescaler) for TIM_SetIC2Prescaler
    stm32f10x_tim.o(i.TIM_ICInit) refers to stm32f10x_tim.o(i.TI3_Config) for TI3_Config
    stm32f10x_tim.o(i.TIM_ICInit) refers to stm32f10x_tim.o(i.TIM_SetIC3Prescaler) for TIM_SetIC3Prescaler
    stm32f10x_tim.o(i.TIM_ICInit) refers to stm32f10x_tim.o(i.TI4_Config) for TI4_Config
    stm32f10x_tim.o(i.TIM_ICInit) refers to stm32f10x_tim.o(i.TIM_SetIC4Prescaler) for TIM_SetIC4Prescaler
    stm32f10x_tim.o(i.TIM_ITRxExternalClockConfig) refers to stm32f10x_tim.o(i.TIM_SelectInputTrigger) for TIM_SelectInputTrigger
    stm32f10x_tim.o(i.TIM_PWMIConfig) refers to stm32f10x_tim.o(i.TI1_Config) for TI1_Config
    stm32f10x_tim.o(i.TIM_PWMIConfig) refers to stm32f10x_tim.o(i.TIM_SetIC1Prescaler) for TIM_SetIC1Prescaler
    stm32f10x_tim.o(i.TIM_PWMIConfig) refers to stm32f10x_tim.o(i.TI2_Config) for TI2_Config
    stm32f10x_tim.o(i.TIM_PWMIConfig) refers to stm32f10x_tim.o(i.TIM_SetIC2Prescaler) for TIM_SetIC2Prescaler
    stm32f10x_tim.o(i.TIM_TIxExternalClockConfig) refers to stm32f10x_tim.o(i.TI2_Config) for TI2_Config
    stm32f10x_tim.o(i.TIM_TIxExternalClockConfig) refers to stm32f10x_tim.o(i.TI1_Config) for TI1_Config
[...]
    Removing sensor_app.o(i.Sensor_GetValueAll), (2 bytes).
    Removing sensor_app.o(i.Sensor_GetValueDS18B20), (84 bytes).
    Removing sensor_app.o(i.Sensor_GetValueInputGPIO), (204 bytes).
    Removing lcd_app.o(i.LCD_Display_Info), (2 bytes).
    Removing lcd_app.o(i.LCD_Refresh_Data), (2 bytes).
    Removing lcd_app.o(i.LCD_ShowTime), (208 bytes).
    Removing lcd_app.o(.conststring), (28 bytes).
    Removing lcd_app.o(.data), (28 bytes).

218 unused section(s) (total 8346 bytes) removed from the image.

==============================================================================

Image Symbol Table

    Local Symbols

    Symbol Name                              Value     Ov Type        Size  Object(Section)

    ../clib/../cmprslib/zerorunl2.c          0x00000000   Number         0  __dczerorl2.o ABSOLUTE
    ../clib/microlib/division.c              0x00000000   Number         0  uidiv.o ABSOLUTE
    ../clib/microlib/division.c              0x00000000   Number         0  uldiv.o ABSOLUTE
    ../clib/microlib/init/entry.s            0x00000000   Number         0  entry9a.o ABSOLUTE
    ../clib/microlib/init/entry.s            0x00000000   Number         0  entry10b.o ABSOLUTE
    ../clib/microlib/init/entry.s            0x00000000   Number         0  entry2.o ABSOLUTE
    ../clib/microlib/init/entry.s            0x00000000   Number         0  entry8b.o ABSOLUTE
    ../clib/microlib/init/entry.s            0x00000000   Number         0  entry8a.o ABSOLUTE
    ../clib/microlib/init/entry.s            0x00000000   Number         0  entry5.o ABSOLUTE
    ../clib/microlib/init/entry.s            0x00000000   Number         0  entry7b.o ABSOLUTE
    ../clib/microlib/init/entry.s            0x00000000   Number         0  entry.o ABSOLUTE
    ../clib/microlib/init/entry.s            0x00000000   Number         0  entry9b.o ABSOLUTE
    ../clib/microlib/init/entry.s            0x00000000   Number         0  entry7a.o ABSOLUTE
    ../clib/microlib/init/entry.s            0x00000000   Number         0  entry10a.o ABSOLUTE
    ../clib/microlib/init/entry.s            0x00000000   Number         0  entry11a.o ABSOLUTE
    ../clib/microlib/init/entry.s            0x00000000   Number         0  entry11b.o ABSOLUTE
    ../clib/microlib/init/entry.s            0x00000000   Number         0  entry12a.o ABSOLUTE
    ../clib/microlib/init/entry.s            0x00000000   Number         0  entry12b.o ABSOLUTE
    ../clib/microlib/longlong.c              0x00000000   Number         0  llshl.o ABSOLUTE
    ../clib/microlib/longlong.c              0x00000000   Number         0  llushr.o ABSOLUTE
    ../clib/microlib/longlong.c              0x00000000   Number         0  llsshr.o ABSOLUTE
    ../clib/microlib/malloc/malloc.c         0x00000000   Number         0  malloc.o ABSOLUTE
    ../clib/microlib/malloc/malloc.c         0x00000000   Number         0  mallocra.o ABSOLUTE
    ../clib/microlib/malloc/malloc.c         0x00000000   Number         0  malloca.o ABSOLUTE
    ../clib/microlib/malloc/malloc.c         0x00000000   Number         0  mallocr.o ABSOLUTE
    ../clib/microlib/malloc/mvars.c          0x00000000   Number         0  mvars.o ABSOLUTE
    ../clib/microlib/printf/printf.c         0x00000000   Number         0  printfa.o ABSOLUTE
    ../clib/microlib/stdio/fputc.c           0x00000000   Number         0  fputc.o ABSOLUTE
    ../clib/microlib/stdio/semi.s            0x00000000   Number         0  semi.o ABSOLUTE
    ../clib/microlib/stdio/streams.c         0x00000000   Number         0  stdout.o ABSOLUTE
    ../clib/microlib/string/memcpy.c         0x00000000   Number         0  memcpyb.o ABSOLUTE
    ../clib/microlib/string/memcpy.c         0x00000000   Number         0  memcpya.o ABSOLUTE
    ../clib/microlib/stubs.s                 0x00000000   Number         0  iusesemip.o ABSOLUTE
    ../clib/microlib/stubs.s                 0x00000000   Number         0  iusefp.o ABSOLUTE
    ../clib/microlib/time/localtime.c        0x00000000   Number         0  localtime.o ABSOLUTE
    ../fplib/microlib/f2d.c                  0x00000000   Number         0  f2d.o ABSOLUTE
    ../fplib/microlib/fpadd.c                0x00000000   Number         0  dadd.o ABSOLUTE
    ../fplib/microlib/fpdiv.c                0x00000000   Number         0  fdiv.o ABSOLUTE
    ../fplib/microlib/fpdiv.c                0x00000000   Number         0  ddiv.o ABSOLUTE
    ../fplib/microlib/fpepilogue.c           0x00000000   Number         0  fepilogue.o ABSOLUTE
    ../fplib/microlib/fpepilogue.c           0x00000000   Number         0  depilogue.o ABSOLUTE
    ../fplib/microlib/fpfix.c                0x00000000   Number         0  dfixui.o ABSOLUTE
    ../fplib/microlib/fpfix.c                0x00000000   Number         0  dfixul.o ABSOLUTE
    ../fplib/microlib/fpflt.c                0x00000000   Number         0  ffltui.o ABSOLUTE
    ../fplib/microlib/fpmul.c                0x00000000   Number         0  dmul.o ABSOLUTE
    ../fplib/microlib/fpmul.c                0x00000000   Number         0  fmul.o ABSOLUTE
    ..\STLib\core\core_cm3.c                 0x00000000   Number         0  core_cm3.o ABSOLUTE
    ..\STLib\core\startup\startup_stm32f10x_md.s 0x00000000   Number         0  startup_stm32f10x_md.o ABSOLUTE
    ..\STLib\core\system_stm32f10x.c         0x00000000   Number         0  system_stm32f10x.o ABSOLUTE
    ..\STLib\fwlib\src\misc.c                0x00000000   Number         0  misc.o ABSOLUTE
    ..\STLib\fwlib\src\stm32f10x_adc.c       0x00000000   Number         0  stm32f10x_adc.o ABSOLUTE
    ..\STLib\fwlib\src\stm32f10x_bkp.c       0x00000000   Number         0  stm32f10x_bkp.o ABSOLUTE
    ..\STLib\fwlib\src\stm32f10x_exti.c      0x00000000   Number         0  stm32f10x_exti.o ABSOLUTE
    ..\STLib\fwlib\src\stm32f10x_gpio.c      0x00000000   Number         0  stm32f10x_gpio.o ABSOLUTE
    ..\STLib\fwlib\src\stm32f10x_pwr.c       0x00000000   Number         0  stm32f10x_pwr.o ABSOLUTE
    ..\STLib\fwlib\src\stm32f10x_rcc.c       0x00000000   Number         0  stm32f10x_rcc.o ABSOLUTE
    ..\STLib\fwlib\src\stm32f10x_rtc.c       0x00000000   Number         0  stm32f10x_rtc.o ABSOLUTE
    ..\STLib\fwlib\src\stm32f10x_tim.c       0x00000000   Number         0  stm32f10x_tim.o ABSOLUTE
    ..\STLib\fwlib\src\stm32f10x_usart.c     0x00000000   Number         0  stm32f10x_usart.o ABSOLUTE
    ..\\STLib\\core\\core_cm3.c              0x00000000   Number         0  core_cm3.o ABSOLUTE
    ..\application\lcd_app.c                 0x00000000   Number         0  lcd_app.o ABSOLUTE
    ..\application\sensor_app.c              0x00000000   Number         0  sensor_app.o ABSOLUTE
    ..\boards\stm32f103c8t6\board_config.c   0x00000000   Number         0  board_config.o ABSOLUTE
    ..\drivers\adc\adc.c                     0x00000000   Number         0  adc.o ABSOLUTE
    ..\drivers\beep\beep.c                   0x00000000   Number         0  beep.o ABSOLUTE
    ..\drivers\delay\delay.c                 0x00000000   Number         0  delay.o ABSOLUTE
    ..\drivers\key\key.c                     0x00000000   Number         0  key.o ABSOLUTE
    ..\drivers\led\led.c                     0x00000000   Number         0  led.o ABSOLUTE
    ..\drivers\pwm\pwm.c                     0x00000000   Number         0  pwm.o ABSOLUTE
    ..\drivers\rtc\rtc.c                     0x00000000   Number         0  rtc.o ABSOLUTE
    ..\drivers\usart\usart.c                 0x00000000   Number         0  usart.o ABSOLUTE
    ..\module\DHT11\dht11.c                  0x00000000   Number         0  dht11.o ABSOLUTE
    ..\module\DS18B20\ds18b20.c              0x00000000   Number         0  ds18b20.o ABSOLUTE
    ..\module\GPIO_INPUT\gpio_input.c        0x00000000   Number         0  gpio_input.o ABSOLUTE
    ..\module\GPIO_OUTPUT\gpio_output.c      0x00000000   Number         0  gpio_output.o ABSOLUTE
    ..\module\OLED\OLED.c                    0x00000000   Number         0  oled.o ABSOLUTE
    ..\module\module_config.c                0x00000000   Number         0  module_config.o ABSOLUTE
    ..\user\main.c                           0x00000000   Number         0  main.o ABSOLUTE
    ..\user\stm32f10x_it.c                   0x00000000   Number         0  stm32f10x_it.o ABSOLUTE
    cdrcmple.s                               0x00000000   Number         0  cdrcmple.o ABSOLUTE
    dc.s                                     0x00000000   Number         0  dc.o ABSOLUTE
    handlers.s                               0x00000000   Number         0  handlers.o ABSOLUTE
    init.s                                   0x00000000   Number         0  init.o ABSOLUTE
    RESET                                    0x08000000   Section      236  startup_stm32f10x_md.o(RESET)
    .ARM.Collect$$$$00000000                 0x080000ec   Section        0  entry.o(.ARM.Collect$$$$00000000)
    .ARM.Collect$$$$00000001                 0x080000ec   Section        4  entry2.o(.ARM.Collect$$$$00000001)
    .ARM.Collect$$$$00000004                 0x080000f0   Section        4  entry5.o(.ARM.Collect$$$$00000004)
    .ARM.Collect$$$$00000008                 0x080000f4   Section        0  entry7b.o(.ARM.Collect$$$$00000008)
    .ARM.Collect$$$$0000000A                 0x080000f4   Section        0  entry8b.o(.ARM.Collect$$$$0000000A)
    .ARM.Collect$$$$0000000B                 0x080000f4   Section        8  entry9a.o(.ARM.Collect$$$$0000000B)
    .ARM.Collect$$$$0000000E                 0x080000fc   Section        4  entry12b.o(.ARM.Collect$$$$0000000E)
    .ARM.Collect$$$$0000000F                 0x08000100   Section        0  entry10a.o(.ARM.Collect$$$$0000000F)
    .ARM.Collect$$$$00000011                 0x08000100   Section        0  entry11a.o(.ARM.Collect$$$$00000011)
    .ARM.Collect$$$$00002712                 0x08000100   Section        4  entry2.o(.ARM.Collect$$$$00002712)
    __lit__00000000                          0x08000100   Data           4  entry2.o(.ARM.Collect$$$$00002712)
    .text                                    0x08000104   Section       36  startup_stm32f10x_md.o(.text)
    .text                                    0x08000128   Section        0  uldiv.o(.text)
    .text                                    0x0800018a   Section        0  memcpya.o(.text)
    .text                                    0x080001ae   Section        0  fmul.o(.text)
    .text                                    0x08000212   Section        0  fdiv.o(.text)
    .text                                    0x0800028e   Section        0  dadd.o(.text)
    .text                                    0x080003dc   Section        0  ffltui.o(.text)
    .text                                    0x080003e6   Section        0  dfixui.o(.text)
    .text                                    0x08000418   Section        0  f2d.o(.text)
    .text                                    0x0800043e   Section        0  uidiv.o(.text)
    .text                                    0x0800046a   Section        0  llshl.o(.text)
    .text                                    0x08000488   Section        0  llushr.o(.text)
    .text                                    0x080004a8   Section        0  llsshr.o(.text)
    .text                                    0x080004cc   Section        0  iusefp.o(.text)
    .text                                    0x080004cc   Section        0  fepilogue.o(.text)
    .text                                    0x0800053a   Section        0  depilogue.o(.text)
    .text                                    0x080005f4   Section        0  dmul.o(.text)
    .text                                    0x080006d8   Section        0  ddiv.o(.text)
    .text                                    0x080007b6   Section        0  dfixul.o(.text)
    .text                                    0x080007e8   Section       48  cdrcmple.o(.text)
    .text                                    0x08000818   Section       36  init.o(.text)
    .text                                    0x0800083c   Section        0  __dczerorl2.o(.text)
    i.ADC_Cmd                                0x08000892   Section        0  stm32f10x_adc.o(i.ADC_Cmd)
    i.ADC_DeInit                             0x080008a8   Section        0  stm32f10x_adc.o(i.ADC_DeInit)
    i.ADC_GetCalibrationStatus               0x08000904   Section        0  stm32f10x_adc.o(i.ADC_GetCalibrationStatus)
    i.ADC_GetConversionValue                 0x08000918   Section        0  stm32f10x_adc.o(i.ADC_GetConversionValue)
    i.ADC_GetFlagStatus                      0x08000920   Section        0  stm32f10x_adc.o(i.ADC_GetFlagStatus)
    i.ADC_GetResetCalibrationStatus          0x08000932   Section        0  stm32f10x_adc.o(i.ADC_GetResetCalibrationStatus)
    i.ADC_Init                               0x08000948   Section        0  stm32f10x_adc.o(i.ADC_Init)
    i.ADC_RegularChannelConfig               0x08000998   Section        0  stm32f10x_adc.o(i.ADC_RegularChannelConfig)
    i.ADC_ResetCalibration                   0x08000a50   Section        0  stm32f10x_adc.o(i.ADC_ResetCalibration)
    i.ADC_SoftwareStartConvCmd               0x08000a5a   Section        0  stm32f10x_adc.o(i.ADC_SoftwareStartConvCmd)
    i.ADC_StartCalibration                   0x08000a70   Section        0  stm32f10x_adc.o(i.ADC_StartCalibration)
    i.Adc_DeInit                             0x08000a7c   Section        0  adc.o(i.Adc_DeInit)
    i.Adc_Init                               0x08000ac8   Section        0  adc.o(i.Adc_Init)
    i.AngleToPulseWidth                      0x08000bcc   Section        0  pwm.o(i.AngleToPulseWidth)
    i.BKP_DeInit                             0x08000bea   Section        0  stm32f10x_bkp.o(i.BKP_DeInit)
    i.BOARD_InitADC                          0x08000bfc   Section        0  board_config.o(i.BOARD_InitADC)
    BOARD_InitADC                            0x08000bfd   Thumb Code    16  board_config.o(i.BOARD_InitADC)
    i.BOARD_InitAll                          0x08000c10   Section        0  board_config.o(i.BOARD_InitAll)
    i.BOARD_InitBeep                         0x08000c40   Section        0  board_config.o(i.BOARD_InitBeep)
    BOARD_InitBeep                           0x08000c41   Thumb Code    16  board_config.o(i.BOARD_InitBeep)
    i.BOARD_InitDelay                        0x08000c58   Section        0  board_config.o(i.BOARD_InitDelay)
    BOARD_InitDelay                          0x08000c59   Thumb Code    12  board_config.o(i.BOARD_InitDelay)
    i.BOARD_InitKeys                         0x08000c64   Section        0  board_config.o(i.BOARD_InitKeys)
    BOARD_InitKeys                           0x08000c65   Thumb Code    12  board_config.o(i.BOARD_InitKeys)
    i.BOARD_InitLEDs                         0x08000c74   Section        0  board_config.o(i.BOARD_InitLEDs)
    BOARD_InitLEDs                           0x08000c75   Thumb Code    24  board_config.o(i.BOARD_InitLEDs)
    i.BOARD_InitOLED                         0x08000c98   Section        0  module_config.o(i.BOARD_InitOLED)
    BOARD_InitOLED                           0x08000c99   Thumb Code    10  module_config.o(i.BOARD_InitOLED)
    i.BOARD_InitPWM                          0x08000ca8   Section        0  board_config.o(i.BOARD_InitPWM)
    BOARD_InitPWM                            0x08000ca9   Thumb Code    10  board_config.o(i.BOARD_InitPWM)
    i.BOARD_InitRTC                          0x08000cb8   Section        0  board_config.o(i.BOARD_InitRTC)
    BOARD_InitRTC                            0x08000cb9   Thumb Code     8  board_config.o(i.BOARD_InitRTC)
    i.BOARD_InitUSART                        0x08000cc0   Section        0  board_config.o(i.BOARD_InitUSART)
    BOARD_InitUSART                          0x08000cc1   Thumb Code    28  board_config.o(i.BOARD_InitUSART)
    i.Beep_Init                              0x08000ce0   Section        0  beep.o(i.Beep_Init)
    i.Beep_Off                               0x08000d60   Section        0  beep.o(i.Beep_Off)
    i.Beep_On                                0x08000d72   Section        0  beep.o(i.Beep_On)
    i.BusFault_Handler                       0x08000d84   Section        0  stm32f10x_it.o(i.BusFault_Handler)
    i.DHT11_Check                            0x08000d88   Section        0  dht11.o(i.DHT11_Check)
    i.DHT11_Read_Bit                         0x08000e3c   Section        0  dht11.o(i.DHT11_Read_Bit)
    i.DHT11_Read_Byte                        0x08000e90   Section        0  dht11.o(i.DHT11_Read_Byte)
    i.DHT11_Read_Data                        0x08000eb2   Section        0  dht11.o(i.DHT11_Read_Data)
    i.DHT11_Rst                              0x08000f1e   Section        0  dht11.o(i.DHT11_Rst)
    i.DebugMon_Handler                       0x08000fac   Section        0  stm32f10x_it.o(i.DebugMon_Handler)
    i.DelayMs                                0x08000fae   Section        0  delay.o(i.DelayMs)
    i.DelayUs                                0x08000fc8   Section        0  delay.o(i.DelayUs)
    i.Delay_Init                             0x08001024   Section        0  delay.o(i.Delay_Init)
    i.EXTI0_IRQHandler                       0x08001074   Section        0  stm32f10x_it.o(i.EXTI0_IRQHandler)
    i.EXTI15_10_IRQHandler                   0x080010c4   Section        0  stm32f10x_it.o(i.EXTI15_10_IRQHandler)
    i.EXTI_ClearITPendingBit                 0x080011d8   Section        0  stm32f10x_exti.o(i.EXTI_ClearITPendingBit)
    i.EXTI_Init                              0x080011e4   Section        0  stm32f10x_exti.o(i.EXTI_Init)
    i.GPIO_EXTILineConfig                    0x08001278   Section        0  stm32f10x_gpio.o(i.GPIO_EXTILineConfig)
    i.GPIO_Init                              0x080012b8   Section        0  stm32f10x_gpio.o(i.GPIO_Init)
    i.GPIO_Input_Init                        0x080013d0   Section        0  gpio_input.o(i.GPIO_Input_Init)
    i.GPIO_Input_UpdateState                 0x08001450   Section        0  gpio_input.o(i.GPIO_Input_UpdateState)
    i.GPIO_Output_Init                       0x0800146c   Section        0  gpio_output.o(i.GPIO_Output_Init)
    i.GPIO_Output_SetState                   0x080014ec   Section        0  gpio_output.o(i.GPIO_Output_SetState)
    i.GPIO_PinRemapConfig                    0x0800150c   Section        0  stm32f10x_gpio.o(i.GPIO_PinRemapConfig)
    i.GPIO_ReadInputDataBit                  0x0800159c   Section        0  stm32f10x_gpio.o(i.GPIO_ReadInputDataBit)
    i.GPIO_ResetBits                         0x080015ae   Section        0  stm32f10x_gpio.o(i.GPIO_ResetBits)
    i.GPIO_SetBits                           0x080015b2   Section        0  stm32f10x_gpio.o(i.GPIO_SetBits)
    i.GPIO_WriteBit                          0x080015b6   Section        0  stm32f10x_gpio.o(i.GPIO_WriteBit)
    i.Get_Adc                                0x080015c0   Section        0  adc.o(i.Get_Adc)
    i.Get_Adc_Average                        0x08001614   Section        0  adc.o(i.Get_Adc_Average)
    i.HardFault_Handler                      0x0800164e   Section        0  stm32f10x_it.o(i.HardFault_Handler)
    i.Key_Init                               0x08001652   Section        0  key.o(i.Key_Init)
    i.Key_Read                               0x08001734   Section        0  key.o(i.Key_Read)
    i.LED_Init                               0x08001744   Section        0  led.o(i.LED_Init)
    i.LED_Off                                0x080017c4   Section        0  led.o(i.LED_Off)
    i.LED_On                                 0x080017d6   Section        0  led.o(i.LED_On)
    i.LED_Toggle                             0x080017e8   Section        0  led.o(i.LED_Toggle)
    i.MODULE_InitAll                         0x08001804   Section        0  module_config.o(i.MODULE_InitAll)
    i.MODULE_InitGPIOInputs                  0x08001834   Section        0  module_config.o(i.MODULE_InitGPIOInputs)
    MODULE_InitGPIOInputs                    0x08001835   Thumb Code    22  module_config.o(i.MODULE_InitGPIOInputs)
    i.MODULE_InitGPIOOutputs                 0x08001858   Section        0  module_config.o(i.MODULE_InitGPIOOutputs)
    MODULE_InitGPIOOutputs                   0x08001859   Thumb Code    10  module_config.o(i.MODULE_InitGPIOOutputs)
    i.MemManage_Handler                      0x08001868   Section        0  stm32f10x_it.o(i.MemManage_Handler)
    i.NMI_Handler                            0x0800186c   Section        0  stm32f10x_it.o(i.NMI_Handler)
    i.NVIC_Init                              0x08001870   Section        0  misc.o(i.NVIC_Init)
    i.NVIC_PriorityGroupConfig               0x080018e0   Section        0  misc.o(i.NVIC_PriorityGroupConfig)
    i.OLED_Clear                             0x080018f4   Section        0  oled.o(i.OLED_Clear)
    i.OLED_I2C_Init                          0x08001924   Section        0  oled.o(i.OLED_I2C_Init)
    OLED_I2C_Init                            0x08001925   Thumb Code   106  oled.o(i.OLED_I2C_Init)
    i.OLED_I2C_SendByte                      0x08001998   Section        0  oled.o(i.OLED_I2C_SendByte)
    OLED_I2C_SendByte                        0x08001999   Thumb Code    66  oled.o(i.OLED_I2C_SendByte)
    i.OLED_I2C_Start                         0x080019da   Section        0  oled.o(i.OLED_I2C_Start)
    OLED_I2C_Start                           0x080019db   Thumb Code    38  oled.o(i.OLED_I2C_Start)
    i.OLED_I2C_Stop                          0x08001a00   Section        0  oled.o(i.OLED_I2C_Stop)
    OLED_I2C_Stop                            0x08001a01   Thumb Code    30  oled.o(i.OLED_I2C_Stop)
    i.OLED_Init                              0x08001a1e   Section        0  oled.o(i.OLED_Init)
    i.OLED_Pow                               0x08001b00   Section        0  oled.o(i.OLED_Pow)
    OLED_Pow                                 0x08001b01   Thumb Code    20  oled.o(i.OLED_Pow)
    i.OLED_SetCursor                         0x08001b14   Section        0  oled.o(i.OLED_SetCursor)
    OLED_SetCursor                           0x08001b15   Thumb Code    42  oled.o(i.OLED_SetCursor)
    i.OLED_ShowChar                          0x08001b40   Section        0  oled.o(i.OLED_ShowChar)
    i.OLED_ShowNum                           0x08001bbc   Section        0  oled.o(i.OLED_ShowNum)
    i.OLED_ShowString                        0x08001c04   Section        0  oled.o(i.OLED_ShowString)
    i.OLED_W_SCL                             0x08001c30   Section        0  oled.o(i.OLED_W_SCL)
    OLED_W_SCL                               0x08001c31   Thumb Code    18  oled.o(i.OLED_W_SCL)
    i.OLED_W_SDA                             0x08001c42   Section        0  oled.o(i.OLED_W_SDA)
    OLED_W_SDA                               0x08001c43   Thumb Code    18  oled.o(i.OLED_W_SDA)
    i.OLED_WriteCommand                      0x08001c54   Section        0  oled.o(i.OLED_WriteCommand)
    OLED_WriteCommand                        0x08001c55   Thumb Code    44  oled.o(i.OLED_WriteCommand)
    i.OLED_WriteData                         0x08001c80   Section        0  oled.o(i.OLED_WriteData)
    OLED_WriteData                           0x08001c81   Thumb Code    44  oled.o(i.OLED_WriteData)
    i.PWM_Init                               0x08001cac   Section        0  pwm.o(i.PWM_Init)
    i.PWM_SetAngle                           0x08001e4c   Section        0  pwm.o(i.PWM_SetAngle)
    i.PWM_SetStatus                          0x08001f50   Section        0  pwm.o(i.PWM_SetStatus)
    i.PWR_BackupAccessCmd                    0x08001f78   Section        0  stm32f10x_pwr.o(i.PWR_BackupAccessCmd)
    i.PendSV_Handler                         0x08001f84   Section        0  stm32f10x_it.o(i.PendSV_Handler)
    i.RCC_ADCCLKConfig                       0x08001f88   Section        0  stm32f10x_rcc.o(i.RCC_ADCCLKConfig)
    i.RCC_APB1PeriphClockCmd                 0x08001fa0   Section        0  stm32f10x_rcc.o(i.RCC_APB1PeriphClockCmd)
    i.RCC_APB2PeriphClockCmd                 0x08001fc0   Section        0  stm32f10x_rcc.o(i.RCC_APB2PeriphClockCmd)
    i.RCC_APB2PeriphResetCmd                 0x08001fe0   Section        0  stm32f10x_rcc.o(i.RCC_APB2PeriphResetCmd)
    i.RCC_BackupResetCmd                     0x08002000   Section        0  stm32f10x_rcc.o(i.RCC_BackupResetCmd)
    i.RCC_GetClocksFreq                      0x0800200c   Section        0  stm32f10x_rcc.o(i.RCC_GetClocksFreq)
    i.RCC_GetFlagStatus                      0x080020e0   Section        0  stm32f10x_rcc.o(i.RCC_GetFlagStatus)
    i.RCC_LSEConfig                          0x0800211c   Section        0  stm32f10x_rcc.o(i.RCC_LSEConfig)
    i.RCC_LSICmd                             0x08002150   Section        0  stm32f10x_rcc.o(i.RCC_LSICmd)
    i.RCC_RTCCLKCmd                          0x0800215c   Section        0  stm32f10x_rcc.o(i.RCC_RTCCLKCmd)
    i.RCC_RTCCLKConfig                       0x08002168   Section        0  stm32f10x_rcc.o(i.RCC_RTCCLKConfig)
    i.RTC_EnterConfigMode                    0x08002178   Section        0  stm32f10x_rtc.o(i.RTC_EnterConfigMode)
    i.RTC_ExitConfigMode                     0x0800218c   Section        0  stm32f10x_rtc.o(i.RTC_ExitConfigMode)
    i.RTC_Init                               0x080021a0   Section        0  rtc.o(i.RTC_Init)
    i.RTC_SetCounter                         0x08002218   Section        0  stm32f10x_rtc.o(i.RTC_SetCounter)
    i.RTC_SetPrescaler                       0x08002234   Section        0  stm32f10x_rtc.o(i.RTC_SetPrescaler)
    i.RTC_SetTimeByTimestamp                 0x08002254   Section        0  rtc.o(i.RTC_SetTimeByTimestamp)
    i.RTC_WaitForLastTask                    0x08002280   Section        0  stm32f10x_rtc.o(i.RTC_WaitForLastTask)
    i.RTC_WaitForSynchro                     0x08002294   Section        0  stm32f10x_rtc.o(i.RTC_WaitForSynchro)
    i.SVC_Handler                            0x080022b8   Section        0  stm32f10x_it.o(i.SVC_Handler)
    i.Sensor_GPIO_Output                     0x080022bc   Section        0  sensor_app.o(i.Sensor_GPIO_Output)
    i.Sensor_GetValueADC                     0x080022dc   Section        0  sensor_app.o(i.Sensor_GetValueADC)
    i.Sensor_GetValueDHT11                   0x080023c8   Section        0  sensor_app.o(i.Sensor_GetValueDHT11)
    i.Sensor_Init                            0x08002478   Section        0  sensor_app.o(i.Sensor_Init)
    i.Sensor_SetTime                         0x0800248c   Section        0  sensor_app.o(i.Sensor_SetTime)
    Sensor_SetTime                           0x0800248d   Thumb Code    32  sensor_app.o(i.Sensor_SetTime)
    i.Sensor_TestPWM                         0x080024ac   Section        0  sensor_app.o(i.Sensor_TestPWM)
    i.SetSysClock                            0x080024c0   Section        0  system_stm32f10x.o(i.SetSysClock)
    SetSysClock                              0x080024c1   Thumb Code     8  system_stm32f10x.o(i.SetSysClock)
    i.SetSysClockTo72                        0x080024c8   Section        0  system_stm32f10x.o(i.SetSysClockTo72)
    SetSysClockTo72                          0x080024c9   Thumb Code   214  system_stm32f10x.o(i.SetSysClockTo72)
    i.SysTick_Handler                        0x080025a8   Section        0  stm32f10x_it.o(i.SysTick_Handler)
    i.SystemInit                             0x080025c4   Section        0  system_stm32f10x.o(i.SystemInit)
    i.TIM_ARRPreloadConfig                   0x08002624   Section        0  stm32f10x_tim.o(i.TIM_ARRPreloadConfig)
    i.TIM_ClearFlag                          0x0800263c   Section        0  stm32f10x_tim.o(i.TIM_ClearFlag)
    i.TIM_Cmd                                0x08002642   Section        0  stm32f10x_tim.o(i.TIM_Cmd)
    i.TIM_CounterModeConfig                  0x0800265a   Section        0  stm32f10x_tim.o(i.TIM_CounterModeConfig)
    i.TIM_CtrlPWMOutputs                     0x0800266c   Section        0  stm32f10x_tim.o(i.TIM_CtrlPWMOutputs)
    i.TIM_GetCapture1                        0x0800268a   Section        0  stm32f10x_tim.o(i.TIM_GetCapture1)
    i.TIM_GetCapture2                        0x08002690   Section        0  stm32f10x_tim.o(i.TIM_GetCapture2)
    i.TIM_GetCapture3                        0x08002696   Section        0  stm32f10x_tim.o(i.TIM_GetCapture3)
    i.TIM_GetCapture4                        0x0800269c   Section        0  stm32f10x_tim.o(i.TIM_GetCapture4)
    i.TIM_GetFlagStatus                      0x080026a4   Section        0  stm32f10x_tim.o(i.TIM_GetFlagStatus)
    i.TIM_InternalClockConfig                0x080026b6   Section        0  stm32f10x_tim.o(i.TIM_InternalClockConfig)
    i.TIM_OC1Init                            0x080026c4   Section        0  stm32f10x_tim.o(i.TIM_OC1Init)
    i.TIM_OC1PreloadConfig                   0x0800275c   Section        0  stm32f10x_tim.o(i.TIM_OC1PreloadConfig)
    i.TIM_OC2Init                            0x08002770   Section        0  stm32f10x_tim.o(i.TIM_OC2Init)
    i.TIM_OC2PreloadConfig                   0x08002814   Section        0  stm32f10x_tim.o(i.TIM_OC2PreloadConfig)
    i.TIM_OC3Init                            0x08002830   Section        0  stm32f10x_tim.o(i.TIM_OC3Init)
    i.TIM_OC3PreloadConfig                   0x080028d0   Section        0  stm32f10x_tim.o(i.TIM_OC3PreloadConfig)
    i.TIM_OC4Init                            0x080028e4   Section        0  stm32f10x_tim.o(i.TIM_OC4Init)
    i.TIM_OC4PreloadConfig                   0x08002960   Section        0  stm32f10x_tim.o(i.TIM_OC4PreloadConfig)
    i.TIM_PrescalerConfig                    0x0800297a   Section        0  stm32f10x_tim.o(i.TIM_PrescalerConfig)
    i.TIM_SetAutoreload                      0x08002980   Section        0  stm32f10x_tim.o(i.TIM_SetAutoreload)
    i.TIM_SetCompare1                        0x08002984   Section        0  stm32f10x_tim.o(i.TIM_SetCompare1)
    i.TIM_SetCompare2                        0x08002988   Section        0  stm32f10x_tim.o(i.TIM_SetCompare2)
    i.TIM_SetCompare3                        0x0800298c   Section        0  stm32f10x_tim.o(i.TIM_SetCompare3)
    i.TIM_SetCompare4                        0x08002990   Section        0  stm32f10x_tim.o(i.TIM_SetCompare4)
    i.TIM_SetCounter                         0x08002996   Section        0  stm32f10x_tim.o(i.TIM_SetCounter)
    i.TIM_TimeBaseInit                       0x0800299c   Section        0  stm32f10x_tim.o(i.TIM_TimeBaseInit)
    i.USART1_IRQHandler                      0x08002a40   Section        0  stm32f10x_it.o(i.USART1_IRQHandler)
    i.USART2_IRQHandler                      0x08002aec   Section        0  stm32f10x_it.o(i.USART2_IRQHandler)
    i.USART_ClearFlag                        0x08002b08   Section        0  stm32f10x_usart.o(i.USART_ClearFlag)
    i.USART_ClearITPendingBit                0x08002b1a   Section        0  stm32f10x_usart.o(i.USART_ClearITPendingBit)
    i.USART_Cmd                              0x08002b38   Section        0  stm32f10x_usart.o(i.USART_Cmd)
    i.USART_GetFlagStatus                    0x08002b50   Section        0  stm32f10x_usart.o(i.USART_GetFlagStatus)
    i.USART_GetITStatus                      0x08002b6a   Section        0  stm32f10x_usart.o(i.USART_GetITStatus)
    i.USART_ITConfig                         0x08002bbe   Section        0  stm32f10x_usart.o(i.USART_ITConfig)
    i.USART_Init                             0x08002c08   Section        0  stm32f10x_usart.o(i.USART_Init)
    i.USART_ReceiveData                      0x08002ce0   Section        0  stm32f10x_usart.o(i.USART_ReceiveData)
    i.USART_SendData                         0x08002cea   Section        0  stm32f10x_usart.o(i.USART_SendData)
    i.Update_All_Adc_Values                  0x08002cf4   Section        0  adc.o(i.Update_All_Adc_Values)
    i.UsageFault_Handler                     0x08002d20   Section        0  stm32f10x_it.o(i.UsageFault_Handler)
    i.UsartPrintf                            0x08002d24   Section        0  usart.o(i.UsartPrintf)
    i.Usart_Init                             0x08002d6c   Section        0  usart.o(i.Usart_Init)
    i.__0vsnprintf                           0x08002e2c   Section        0  printfa.o(i.__0vsnprintf)
    i.__scatterload_copy                     0x08002e60   Section       14  handlers.o(i.__scatterload_copy)
    i.__scatterload_null                     0x08002e6e   Section        2  handlers.o(i.__scatterload_null)
    i.__scatterload_zeroinit                 0x08002e70   Section       14  handlers.o(i.__scatterload_zeroinit)
    i._fp_digits                             0x08002e80   Section        0  printfa.o(i._fp_digits)
    _fp_digits                               0x08002e81   Thumb Code   366  printfa.o(i._fp_digits)
    i._printf_core                           0x08003004   Section        0  printfa.o(i._printf_core)
    _printf_core                             0x08003005   Thumb Code  1704  printfa.o(i._printf_core)
    i._printf_post_padding                   0x080036b8   Section        0  printfa.o(i._printf_post_padding)
    _printf_post_padding                     0x080036b9   Thumb Code    36  printfa.o(i._printf_post_padding)
    i._printf_pre_padding                    0x080036dc   Section        0  printfa.o(i._printf_pre_padding)
    _printf_pre_padding                      0x080036dd   Thumb Code    46  printfa.o(i._printf_pre_padding)
    i._snputc                                0x0800370a   Section        0  printfa.o(i._snputc)
    _snputc                                  0x0800370b   Thumb Code    22  printfa.o(i._snputc)
    i.free                                   0x08003720   Section        0  malloc.o(i.free)
    i.get_timestamp                          0x08003770   Section        0  sensor_app.o(i.get_timestamp)
    get_timestamp                            0x08003771   Thumb Code    28  sensor_app.o(i.get_timestamp)
    i.main                                   0x08003790   Section        0  main.o(i.main)
    i.malloc                                 0x080039f0   Section        0  malloc.o(i.malloc)
    .constdata                               0x08003a5c   Section      225  delay.o(.constdata)
    .constdata                               0x08003b40   Section       24  board_config.o(.constdata)
    .constdata                               0x08003b58   Section     1520  oled.o(.constdata)
    .data                                    0x20000000   Section       20  system_stm32f10x.o(.data)
    .data                                    0x20000014   Section       20  stm32f10x_rcc.o(.data)
    APBAHBPrescTable                         0x20000014   Data          16  stm32f10x_rcc.o(.data)
    ADCPrescTable                            0x20000024   Data           4  stm32f10x_rcc.o(.data)
    .data                                    0x20000028   Section        1  delay.o(.data)
    currentTimerIndex                        0x20000028   Data           1  delay.o(.data)
    .data                                    0x2000002c   Section       12  adc.o(.data)
    ADC_ChannelMap                           0x20000034   Data           4  adc.o(.data)
    .data                                    0x20000038   Section      228  board_config.o(.data)
    .data                                    0x2000011c   Section       80  module_config.o(.data)
    .data                                    0x2000016c   Section       16  main.o(.data)
    tick_100ms                               0x2000016c   Data           4  main.o(.data)
    tick_200ms                               0x20000170   Data           4  main.o(.data)
    tick_500ms                               0x20000174   Data           4  main.o(.data)
    tick_1s                                  0x20000178   Data           4  main.o(.data)
    .data                                    0x2000017c   Section        2  stm32f10x_it.o(.data)
    rx_len                                   0x2000017c   Data           2  stm32f10x_it.o(.data)
    .data                                    0x20000180   Section       11  sensor_app.o(.data)
    .data                                    0x2000018c   Section        4  mvars.o(.data)
    .data                                    0x20000190   Section        4  mvars.o(.data)
    .bss                                     0x20000194   Section       12  board_config.o(.bss)
    .bss                                     0x200001a0   Section       64  stm32f10x_it.o(.bss)
    rx_buffer                                0x200001a0   Data          64  stm32f10x_it.o(.bss)
    HEAP                                     0x200001e0   Section      512  startup_stm32f10x_md.o(HEAP)
    STACK                                    0x200003e0   Section     1024  startup_stm32f10x_md.o(STACK)

    Global Symbols

    Symbol Name                              Value     Ov Type        Size  Object(Section)

    BuildAttributes$$THM_ISAv4$P$D$K$B$S$PE$A:L22UL41UL21$X:L11$S22US41US21$IEEE1$IW$USESV6$~STKCKD$USESV7$~SHL$OTIME$ROPI$EBA8$MICROLIB$REQ8$PRES8$EABIv2 0x00000000   Number         0  anon$$obj.o ABSOLUTE
    __ARM_use_no_argv                        0x00000000   Number         0  main.o ABSOLUTE
    __arm_fini_                               - Undefined Weak Reference
    __cpp_initialize__aeabi_                  - Undefined Weak Reference
    __cxa_finalize                            - Undefined Weak Reference
    _clock_init                               - Undefined Weak Reference
    _microlib_exit                            - Undefined Weak Reference
    __Vectors_Size                           0x000000ec   Number         0  startup_stm32f10x_md.o ABSOLUTE
    __Vectors                                0x08000000   Data           4  startup_stm32f10x_md.o(RESET)
    __Vectors_End                            0x080000ec   Data           0  startup_stm32f10x_md.o(RESET)
    __main                                   0x080000ed   Thumb Code     0  entry.o(.ARM.Collect$$$$00000000)
    _main_stk                                0x080000ed   Thumb Code     0  entry2.o(.ARM.Collect$$$$00000001)
    _main_scatterload                        0x080000f1   Thumb Code     0  entry5.o(.ARM.Collect$$$$00000004)
    __main_after_scatterload                 0x080000f5   Thumb Code     0  entry5.o(.ARM.Collect$$$$00000004)
    _main_clock                              0x080000f5   Thumb Code     0  entry7b.o(.ARM.Collect$$$$00000008)
    _main_cpp_init                           0x080000f5   Thumb Code     0  entry8b.o(.ARM.Collect$$$$0000000A)
    _main_init                               0x080000f5   Thumb Code     0  entry9a.o(.ARM.Collect$$$$0000000B)
    __rt_lib_shutdown_fini                   0x080000fd   Thumb Code     0  entry12b.o(.ARM.Collect$$$$0000000E)
    __rt_final_cpp                           0x08000101   Thumb Code     0  entry10a.o(.ARM.Collect$$$$0000000F)
    __rt_final_exit                          0x08000101   Thumb Code     0  entry11a.o(.ARM.Collect$$$$00000011)
    Reset_Handler                            0x08000105   Thumb Code     8  startup_stm32f10x_md.o(.text)
    ADC1_2_IRQHandler                        0x0800011f   Thumb Code     0  startup_stm32f10x_md.o(.text)
    CAN1_RX1_IRQHandler                      0x0800011f   Thumb Code     0  startup_stm32f10x_md.o(.text)
    CAN1_SCE_IRQHandler                      0x0800011f   Thumb Code     0  startup_stm32f10x_md.o(.text)
    DMA1_Channel1_IRQHandler                 0x0800011f   Thumb Code     0  startup_stm32f10x_md.o(.text)
    DMA1_Channel2_IRQHandler                 0x0800011f   Thumb Code     0  startup_stm32f10x_md.o(.text)
    DMA1_Channel3_IRQHandler                 0x0800011f   Thumb Code     0  startup_stm32f10x_md.o(.text)
    DMA1_Channel4_IRQHandler                 0x0800011f   Thumb Code     0  startup_stm32f10x_md.o(.text)
    DMA1_Channel5_IRQHandler                 0x0800011f   Thumb Code     0  startup_stm32f10x_md.o(.text)
    DMA1_Channel6_IRQHandler                 0x0800011f   Thumb Code     0  startup_stm32f10x_md.o(.text)
    DMA1_Channel7_IRQHandler                 0x0800011f   Thumb Code     0  startup_stm32f10x_md.o(.text)
    EXTI1_IRQHandler                         0x0800011f   Thumb Code     0  startup_stm32f10x_md.o(.text)
    EXTI2_IRQHandler                         0x0800011f   Thumb Code     0  startup_stm32f10x_md.o(.text)
    EXTI3_IRQHandler                         0x0800011f   Thumb Code     0  startup_stm32f10x_md.o(.text)
    EXTI4_IRQHandler                         0x0800011f   Thumb Code     0  startup_stm32f10x_md.o(.text)
    EXTI9_5_IRQHandler                       0x0800011f   Thumb Code     0  startup_stm32f10x_md.o(.text)
    FLASH_IRQHandler                         0x0800011f   Thumb Code     0  startup_stm32f10x_md.o(.text)
    I2C1_ER_IRQHandler                       0x0800011f   Thumb Code     0  startup_stm32f10x_md.o(.text)
    I2C1_EV_IRQHandler                       0x0800011f   Thumb Code     0  startup_stm32f10x_md.o(.text)
    I2C2_ER_IRQHandler                       0x0800011f   Thumb Code     0  startup_stm32f10x_md.o(.text)
    I2C2_EV_IRQHandler                       0x0800011f   Thumb Code     0  startup_stm32f10x_md.o(.text)
    PVD_IRQHandler                           0x0800011f   Thumb Code     0  startup_stm32f10x_md.o(.text)
    RCC_IRQHandler                           0x0800011f   Thumb Code     0  startup_stm32f10x_md.o(.text)
    RTCAlarm_IRQHandler                      0x0800011f   Thumb Code     0  startup_stm32f10x_md.o(.text)
    RTC_IRQHandler                           0x0800011f   Thumb Code     0  startup_stm32f10x_md.o(.text)
    SPI1_IRQHandler                          0x0800011f   Thumb Code     0  startup_stm32f10x_md.o(.text)
    SPI2_IRQHandler                          0x0800011f   Thumb Code     0  startup_stm32f10x_md.o(.text)
    TAMPER_IRQHandler                        0x0800011f   Thumb Code     0  startup_stm32f10x_md.o(.text)
    TIM1_BRK_IRQHandler                      0x0800011f   Thumb Code     0  startup_stm32f10x_md.o(.text)
    TIM1_CC_IRQHandler                       0x0800011f   Thumb Code     0  startup_stm32f10x_md.o(.text)
    TIM1_TRG_COM_IRQHandler                  0x0800011f   Thumb Code     0  startup_stm32f10x_md.o(.text)
    TIM1_UP_IRQHandler                       0x0800011f   Thumb Code     0  startup_stm32f10x_md.o(.text)
    TIM2_IRQHandler                          0x0800011f   Thumb Code     0  startup_stm32f10x_md.o(.text)
    TIM3_IRQHandler                          0x0800011f   Thumb Code     0  startup_stm32f10x_md.o(.text)
    TIM4_IRQHandler                          0x0800011f   Thumb Code     0  startup_stm32f10x_md.o(.text)
    USART3_IRQHandler                        0x0800011f   Thumb Code     0  startup_stm32f10x_md.o(.text)
    USBWakeUp_IRQHandler                     0x0800011f   Thumb Code     0  startup_stm32f10x_md.o(.text)
    USB_HP_CAN1_TX_IRQHandler                0x0800011f   Thumb Code     0  startup_stm32f10x_md.o(.text)
    USB_LP_CAN1_RX0_IRQHandler               0x0800011f   Thumb Code     0  startup_stm32f10x_md.o(.text)
    WWDG_IRQHandler                          0x0800011f   Thumb Code     0  startup_stm32f10x_md.o(.text)
    __aeabi_uldivmod                         0x08000129   Thumb Code    98  uldiv.o(.text)
    __aeabi_memcpy                           0x0800018b   Thumb Code    36  memcpya.o(.text)
    __aeabi_memcpy4                          0x0800018b   Thumb Code     0  memcpya.o(.text)
    __aeabi_memcpy8                          0x0800018b   Thumb Code     0  memcpya.o(.text)
    __aeabi_fmul                             0x080001af   Thumb Code   100  fmul.o(.text)
    __aeabi_fdiv                             0x08000213   Thumb Code   124  fdiv.o(.text)
    __aeabi_dadd                             0x0800028f   Thumb Code   322  dadd.o(.text)
    __aeabi_dsub                             0x080003d1   Thumb Code     6  dadd.o(.text)
    __aeabi_drsub                            0x080003d7   Thumb Code     6  dadd.o(.text)
    __aeabi_ui2f                             0x080003dd   Thumb Code    10  ffltui.o(.text)
    __aeabi_d2uiz                            0x080003e7   Thumb Code    50  dfixui.o(.text)
    __aeabi_f2d                              0x08000419   Thumb Code    38  f2d.o(.text)
    __aeabi_uidiv                            0x0800043f   Thumb Code     0  uidiv.o(.text)
    __aeabi_uidivmod                         0x0800043f   Thumb Code    44  uidiv.o(.text)
    __aeabi_llsl                             0x0800046b   Thumb Code    30  llshl.o(.text)
    _ll_shift_l                              0x0800046b   Thumb Code     0  llshl.o(.text)
    __aeabi_llsr                             0x08000489   Thumb Code    32  llushr.o(.text)
    _ll_ushift_r                             0x08000489   Thumb Code     0  llushr.o(.text)
    __aeabi_lasr                             0x080004a9   Thumb Code    36  llsshr.o(.text)
    _ll_sshift_r                             0x080004a9   Thumb Code     0  llsshr.o(.text)
    __I$use$fp                               0x080004cd   Thumb Code     0  iusefp.o(.text)
    _float_round                             0x080004cd   Thumb Code    18  fepilogue.o(.text)
    _float_epilogue                          0x080004df   Thumb Code    92  fepilogue.o(.text)
    _double_round                            0x0800053b   Thumb Code    30  depilogue.o(.text)
    _double_epilogue                         0x08000559   Thumb Code   156  depilogue.o(.text)
    __aeabi_dmul                             0x080005f5   Thumb Code   228  dmul.o(.text)
    __aeabi_ddiv                             0x080006d9   Thumb Code   222  ddiv.o(.text)
    __aeabi_d2ulz                            0x080007b7   Thumb Code    48  dfixul.o(.text)
    __aeabi_cdrcmple                         0x080007e9   Thumb Code    48  cdrcmple.o(.text)
    __scatterload                            0x08000819   Thumb Code    28  init.o(.text)
    __scatterload_rt2                        0x08000819   Thumb Code     0  init.o(.text)
    __decompress                             0x0800083d   Thumb Code     0  __dczerorl2.o(.text)
    __decompress1                            0x0800083d   Thumb Code    86  __dczerorl2.o(.text)
    ADC_Cmd                                  0x08000893   Thumb Code    22  stm32f10x_adc.o(i.ADC_Cmd)
    ADC_DeInit                               0x080008a9   Thumb Code    78  stm32f10x_adc.o(i.ADC_DeInit)
    ADC_GetCalibrationStatus                 0x08000905   Thumb Code    20  stm32f10x_adc.o(i.ADC_GetCalibrationStatus)
    ADC_GetConversionValue                   0x08000919   Thumb Code     8  stm32f10x_adc.o(i.ADC_GetConversionValue)
    ADC_GetFlagStatus                        0x08000921   Thumb Code    18  stm32f10x_adc.o(i.ADC_GetFlagStatus)
    ADC_GetResetCalibrationStatus            0x08000933   Thumb Code    20  stm32f10x_adc.o(i.ADC_GetResetCalibrationStatus)
    ADC_Init                                 0x08000949   Thumb Code    70  stm32f10x_adc.o(i.ADC_Init)
    ADC_RegularChannelConfig                 0x08000999   Thumb Code   184  stm32f10x_adc.o(i.ADC_RegularChannelConfig)
    ADC_ResetCalibration                     0x08000a51   Thumb Code    10  stm32f10x_adc.o(i.ADC_ResetCalibration)
    ADC_SoftwareStartConvCmd                 0x08000a5b   Thumb Code    22  stm32f10x_adc.o(i.ADC_SoftwareStartConvCmd)
    ADC_StartCalibration                     0x08000a71   Thumb Code    10  stm32f10x_adc.o(i.ADC_StartCalibration)
    Adc_DeInit                               0x08000a7d   Thumb Code    58  adc.o(i.Adc_DeInit)
    Adc_Init                                 0x08000ac9   Thumb Code   248  adc.o(i.Adc_Init)
    AngleToPulseWidth                        0x08000bcd   Thumb Code    30  pwm.o(i.AngleToPulseWidth)
    BKP_DeInit                               0x08000beb   Thumb Code    16  stm32f10x_bkp.o(i.BKP_DeInit)
    BOARD_InitAll                            0x08000c11   Thumb Code    46  board_config.o(i.BOARD_InitAll)
    Beep_Init                                0x08000ce1   Thumb Code   108  beep.o(i.Beep_Init)
    Beep_Off                                 0x08000d61   Thumb Code    18  beep.o(i.Beep_Off)
    Beep_On                                  0x08000d73   Thumb Code    18  beep.o(i.Beep_On)
    BusFault_Handler                         0x08000d85   Thumb Code     4  stm32f10x_it.o(i.BusFault_Handler)
    DHT11_Check                              0x08000d89   Thumb Code   180  dht11.o(i.DHT11_Check)
    DHT11_Read_Bit                           0x08000e3d   Thumb Code    84  dht11.o(i.DHT11_Read_Bit)
    DHT11_Read_Byte                          0x08000e91   Thumb Code    34  dht11.o(i.DHT11_Read_Byte)
    DHT11_Read_Data                          0x08000eb3   Thumb Code   108  dht11.o(i.DHT11_Read_Data)
    DHT11_Rst                                0x08000f1f   Thumb Code   142  dht11.o(i.DHT11_Rst)
    DebugMon_Handler                         0x08000fad   Thumb Code     2  stm32f10x_it.o(i.DebugMon_Handler)
    DelayMs                                  0x08000faf   Thumb Code    26  delay.o(i.DelayMs)
    DelayUs                                  0x08000fc9   Thumb Code    84  delay.o(i.DelayUs)
    Delay_Init                               0x08001025   Thumb Code    70  delay.o(i.Delay_Init)
    EXTI0_IRQHandler                         0x08001075   Thumb Code    50  stm32f10x_it.o(i.EXTI0_IRQHandler)
    EXTI15_10_IRQHandler                     0x080010c5   Thumb Code   188  stm32f10x_it.o(i.EXTI15_10_IRQHandler)
    EXTI_ClearITPendingBit                   0x080011d9   Thumb Code     6  stm32f10x_exti.o(i.EXTI_ClearITPendingBit)
    EXTI_Init                                0x080011e5   Thumb Code   142  stm32f10x_exti.o(i.EXTI_Init)
    GPIO_EXTILineConfig                      0x08001279   Thumb Code    60  stm32f10x_gpio.o(i.GPIO_EXTILineConfig)
    GPIO_Init                                0x080012b9   Thumb Code   278  stm32f10x_gpio.o(i.GPIO_Init)
    GPIO_Input_Init                          0x080013d1   Thumb Code   106  gpio_input.o(i.GPIO_Input_Init)
    GPIO_Input_UpdateState                   0x08001451   Thumb Code    26  gpio_input.o(i.GPIO_Input_UpdateState)
    GPIO_Output_Init                         0x0800146d   Thumb Code   108  gpio_output.o(i.GPIO_Output_Init)
    GPIO_Output_SetState                     0x080014ed   Thumb Code    32  gpio_output.o(i.GPIO_Output_SetState)
    GPIO_PinRemapConfig                      0x0800150d   Thumb Code   138  stm32f10x_gpio.o(i.GPIO_PinRemapConfig)
    GPIO_ReadInputDataBit                    0x0800159d   Thumb Code    18  stm32f10x_gpio.o(i.GPIO_ReadInputDataBit)
    GPIO_ResetBits                           0x080015af   Thumb Code     4  stm32f10x_gpio.o(i.GPIO_ResetBits)
    GPIO_SetBits                             0x080015b3   Thumb Code     4  stm32f10x_gpio.o(i.GPIO_SetBits)
    GPIO_WriteBit                            0x080015b7   Thumb Code    10  stm32f10x_gpio.o(i.GPIO_WriteBit)
    Get_Adc                                  0x080015c1   Thumb Code    70  adc.o(i.Get_Adc)
    Get_Adc_Average                          0x08001615   Thumb Code    58  adc.o(i.Get_Adc_Average)
    HardFault_Handler                        0x0800164f   Thumb Code     4  stm32f10x_it.o(i.HardFault_Handler)
    Key_Init                                 0x08001653   Thumb Code   226  key.o(i.Key_Init)
    Key_Read                                 0x08001735   Thumb Code    16  key.o(i.Key_Read)
    LED_Init                                 0x08001745   Thumb Code   108  led.o(i.LED_Init)
    LED_Off                                  0x080017c5   Thumb Code    18  led.o(i.LED_Off)
    LED_On                                   0x080017d7   Thumb Code    18  led.o(i.LED_On)
    LED_Toggle                               0x080017e9   Thumb Code    26  led.o(i.LED_Toggle)
    MODULE_InitAll                           0x08001805   Thumb Code    28  module_config.o(i.MODULE_InitAll)
    MemManage_Handler                        0x08001869   Thumb Code     4  stm32f10x_it.o(i.MemManage_Handler)
    NMI_Handler                              0x0800186d   Thumb Code     2  stm32f10x_it.o(i.NMI_Handler)
    NVIC_Init                                0x08001871   Thumb Code   100  misc.o(i.NVIC_Init)
    NVIC_PriorityGroupConfig                 0x080018e1   Thumb Code    10  misc.o(i.NVIC_PriorityGroupConfig)
    OLED_Clear                               0x080018f5   Thumb Code    48  oled.o(i.OLED_Clear)
    OLED_Init                                0x08001a1f   Thumb Code   226  oled.o(i.OLED_Init)
    OLED_ShowChar                            0x08001b41   Thumb Code   120  oled.o(i.OLED_ShowChar)
    OLED_ShowNum                             0x08001bbd   Thumb Code    72  oled.o(i.OLED_ShowNum)
    OLED_ShowString                          0x08001c05   Thumb Code    44  oled.o(i.OLED_ShowString)
    PWM_Init                                 0x08001cad   Thumb Code   386  pwm.o(i.PWM_Init)
    PWM_SetAngle                             0x08001e4d   Thumb Code   260  pwm.o(i.PWM_SetAngle)
    PWM_SetStatus                            0x08001f51   Thumb Code    38  pwm.o(i.PWM_SetStatus)
    PWR_BackupAccessCmd                      0x08001f79   Thumb Code     6  stm32f10x_pwr.o(i.PWR_BackupAccessCmd)
    PendSV_Handler                           0x08001f85   Thumb Code     2  stm32f10x_it.o(i.PendSV_Handler)
    RCC_ADCCLKConfig                         0x08001f89   Thumb Code    18  stm32f10x_rcc.o(i.RCC_ADCCLKConfig)
    RCC_APB1PeriphClockCmd                   0x08001fa1   Thumb Code    26  stm32f10x_rcc.o(i.RCC_APB1PeriphClockCmd)
    RCC_APB2PeriphClockCmd                   0x08001fc1   Thumb Code    26  stm32f10x_rcc.o(i.RCC_APB2PeriphClockCmd)
    RCC_APB2PeriphResetCmd                   0x08001fe1   Thumb Code    26  stm32f10x_rcc.o(i.RCC_APB2PeriphResetCmd)
    RCC_BackupResetCmd                       0x08002001   Thumb Code     6  stm32f10x_rcc.o(i.RCC_BackupResetCmd)
    RCC_GetClocksFreq                        0x0800200d   Thumb Code   192  stm32f10x_rcc.o(i.RCC_GetClocksFreq)
    RCC_GetFlagStatus                        0x080020e1   Thumb Code    56  stm32f10x_rcc.o(i.RCC_GetFlagStatus)
    RCC_LSEConfig                            0x0800211d   Thumb Code    46  stm32f10x_rcc.o(i.RCC_LSEConfig)
    RCC_LSICmd                               0x08002151   Thumb Code     6  stm32f10x_rcc.o(i.RCC_LSICmd)
    RCC_RTCCLKCmd                            0x0800215d   Thumb Code     6  stm32f10x_rcc.o(i.RCC_RTCCLKCmd)
    RCC_RTCCLKConfig                         0x08002169   Thumb Code    12  stm32f10x_rcc.o(i.RCC_RTCCLKConfig)
    RTC_EnterConfigMode                      0x08002179   Thumb Code    14  stm32f10x_rtc.o(i.RTC_EnterConfigMode)
    RTC_ExitConfigMode                       0x0800218d   Thumb Code    16  stm32f10x_rtc.o(i.RTC_ExitConfigMode)
    RTC_Init                                 0x080021a1   Thumb Code   118  rtc.o(i.RTC_Init)
    RTC_SetCounter                           0x08002219   Thumb Code    24  stm32f10x_rtc.o(i.RTC_SetCounter)
    RTC_SetPrescaler                         0x08002235   Thumb Code    26  stm32f10x_rtc.o(i.RTC_SetPrescaler)
    RTC_SetTimeByTimestamp                   0x08002255   Thumb Code    42  rtc.o(i.RTC_SetTimeByTimestamp)
    RTC_WaitForLastTask                      0x08002281   Thumb Code    16  stm32f10x_rtc.o(i.RTC_WaitForLastTask)
    RTC_WaitForSynchro                       0x08002295   Thumb Code    30  stm32f10x_rtc.o(i.RTC_WaitForSynchro)
    SVC_Handler                              0x080022b9   Thumb Code     2  stm32f10x_it.o(i.SVC_Handler)
    Sensor_GPIO_Output                       0x080022bd   Thumb Code    26  sensor_app.o(i.Sensor_GPIO_Output)
    Sensor_GetValueADC                       0x080022dd   Thumb Code   196  sensor_app.o(i.Sensor_GetValueADC)
    Sensor_GetValueDHT11                     0x080023c9   Thumb Code   118  sensor_app.o(i.Sensor_GetValueDHT11)
    Sensor_Init                              0x08002479   Thumb Code    14  sensor_app.o(i.Sensor_Init)
    Sensor_TestPWM                           0x080024ad   Thumb Code    14  sensor_app.o(i.Sensor_TestPWM)
    SysTick_Handler                          0x080025a9   Thumb Code    20  stm32f10x_it.o(i.SysTick_Handler)
    SystemInit                               0x080025c5   Thumb Code    78  system_stm32f10x.o(i.SystemInit)
    TIM_ARRPreloadConfig                     0x08002625   Thumb Code    24  stm32f10x_tim.o(i.TIM_ARRPreloadConfig)
    TIM_ClearFlag                            0x0800263d   Thumb Code     6  stm32f10x_tim.o(i.TIM_ClearFlag)
    TIM_Cmd                                  0x08002643   Thumb Code    24  stm32f10x_tim.o(i.TIM_Cmd)
    TIM_CounterModeConfig                    0x0800265b   Thumb Code    18  stm32f10x_tim.o(i.TIM_CounterModeConfig)
    TIM_CtrlPWMOutputs                       0x0800266d   Thumb Code    30  stm32f10x_tim.o(i.TIM_CtrlPWMOutputs)
    TIM_GetCapture1                          0x0800268b   Thumb Code     6  stm32f10x_tim.o(i.TIM_GetCapture1)
    TIM_GetCapture2                          0x08002691   Thumb Code     6  stm32f10x_tim.o(i.TIM_GetCapture2)
    TIM_GetCapture3                          0x08002697   Thumb Code     6  stm32f10x_tim.o(i.TIM_GetCapture3)
    TIM_GetCapture4                          0x0800269d   Thumb Code     8  stm32f10x_tim.o(i.TIM_GetCapture4)
    TIM_GetFlagStatus                        0x080026a5   Thumb Code    18  stm32f10x_tim.o(i.TIM_GetFlagStatus)
    TIM_InternalClockConfig                  0x080026b7   Thumb Code    12  stm32f10x_tim.o(i.TIM_InternalClockConfig)
    TIM_OC1Init                              0x080026c5   Thumb Code   132  stm32f10x_tim.o(i.TIM_OC1Init)
    TIM_OC1PreloadConfig                     0x0800275d   Thumb Code    18  stm32f10x_tim.o(i.TIM_OC1PreloadConfig)
    TIM_OC2Init                              0x08002771   Thumb Code   154  stm32f10x_tim.o(i.TIM_OC2Init)
    TIM_OC2PreloadConfig                     0x08002815   Thumb Code    26  stm32f10x_tim.o(i.TIM_OC2PreloadConfig)
    TIM_OC3Init                              0x08002831   Thumb Code   150  stm32f10x_tim.o(i.TIM_OC3Init)
    TIM_OC3PreloadConfig                     0x080028d1   Thumb Code    18  stm32f10x_tim.o(i.TIM_OC3PreloadConfig)
    TIM_OC4Init                              0x080028e5   Thumb Code   114  stm32f10x_tim.o(i.TIM_OC4Init)
    TIM_OC4PreloadConfig                     0x08002961   Thumb Code    26  stm32f10x_tim.o(i.TIM_OC4PreloadConfig)
    TIM_PrescalerConfig                      0x0800297b   Thumb Code     6  stm32f10x_tim.o(i.TIM_PrescalerConfig)
    TIM_SetAutoreload                        0x08002981   Thumb Code     4  stm32f10x_tim.o(i.TIM_SetAutoreload)
    TIM_SetCompare1                          0x08002985   Thumb Code     4  stm32f10x_tim.o(i.TIM_SetCompare1)
    TIM_SetCompare2                          0x08002989   Thumb Code     4  stm32f10x_tim.o(i.TIM_SetCompare2)
    TIM_SetCompare3                          0x0800298d   Thumb Code     4  stm32f10x_tim.o(i.TIM_SetCompare3)
    TIM_SetCompare4                          0x08002991   Thumb Code     6  stm32f10x_tim.o(i.TIM_SetCompare4)
    TIM_SetCounter                           0x08002997   Thumb Code     4  stm32f10x_tim.o(i.TIM_SetCounter)
    TIM_TimeBaseInit                         0x0800299d   Thumb Code   122  stm32f10x_tim.o(i.TIM_TimeBaseInit)
    USART1_IRQHandler                        0x08002a41   Thumb Code   144  stm32f10x_it.o(i.USART1_IRQHandler)
    USART2_IRQHandler                        0x08002aed   Thumb Code    24  stm32f10x_it.o(i.USART2_IRQHandler)
    USART_ClearFlag                          0x08002b09   Thumb Code    18  stm32f10x_usart.o(i.USART_ClearFlag)
    USART_ClearITPendingBit                  0x08002b1b   Thumb Code    30  stm32f10x_usart.o(i.USART_ClearITPendingBit)
    USART_Cmd                                0x08002b39   Thumb Code    24  stm32f10x_usart.o(i.USART_Cmd)
    USART_GetFlagStatus                      0x08002b51   Thumb Code    26  stm32f10x_usart.o(i.USART_GetFlagStatus)
    USART_GetITStatus                        0x08002b6b   Thumb Code    84  stm32f10x_usart.o(i.USART_GetITStatus)
    USART_ITConfig                           0x08002bbf   Thumb Code    74  stm32f10x_usart.o(i.USART_ITConfig)
    USART_Init                               0x08002c09   Thumb Code   210  stm32f10x_usart.o(i.USART_Init)
    USART_ReceiveData                        0x08002ce1   Thumb Code    10  stm32f10x_usart.o(i.USART_ReceiveData)
    USART_SendData                           0x08002ceb   Thumb Code     8  stm32f10x_usart.o(i.USART_SendData)
    Update_All_Adc_Values                    0x08002cf5   Thumb Code    36  adc.o(i.Update_All_Adc_Values)
    UsageFault_Handler                       0x08002d21   Thumb Code     4  stm32f10x_it.o(i.UsageFault_Handler)
    UsartPrintf                              0x08002d25   Thumb Code    72  usart.o(i.UsartPrintf)
    Usart_Init                               0x08002d6d   Thumb Code   184  usart.o(i.Usart_Init)
    __0vsnprintf                             0x08002e2d   Thumb Code    46  printfa.o(i.__0vsnprintf)
    __1vsnprintf                             0x08002e2d   Thumb Code     0  printfa.o(i.__0vsnprintf)
    __2vsnprintf                             0x08002e2d   Thumb Code     0  printfa.o(i.__0vsnprintf)
    __c89vsnprintf                           0x08002e2d   Thumb Code     0  printfa.o(i.__0vsnprintf)
    vsnprintf                                0x08002e2d   Thumb Code     0  printfa.o(i.__0vsnprintf)
    __scatterload_copy                       0x08002e61   Thumb Code    14  handlers.o(i.__scatterload_copy)
    __scatterload_null                       0x08002e6f   Thumb Code     2  handlers.o(i.__scatterload_null)
    __scatterload_zeroinit                   0x08002e71   Thumb Code    14  handlers.o(i.__scatterload_zeroinit)
    free                                     0x08003721   Thumb Code    76  malloc.o(i.free)
    main                                     0x08003791   Thumb Code   390  main.o(i.main)
    malloc                                   0x080039f1   Thumb Code    92  malloc.o(i.malloc)
    TimerConfigTable                         0x08003a5c   Data         224  delay.o(.constdata)
    TimerConfigTableSize                     0x08003b3c   Data           1  delay.o(.constdata)
    BOARD_KEYS_NUM                           0x08003b40   Data           1  board_config.o(.constdata)
    OLED_F8x16                               0x08003b58   Data        1520  oled.o(.constdata)
    Region$$Table$$Base                      0x08004148   Number         0  anon$$obj.o(Region$$Table)
    Region$$Table$$Limit                     0x08004168   Number         0  anon$$obj.o(Region$$Table)
    SystemCoreClock                          0x20000000   Data           4  system_stm32f10x.o(.data)
    AHBPrescTable                            0x20000004   Data          16  system_stm32f10x.o(.data)
    ADC_ConvertedValue                       0x2000002c   Data           4  adc.o(.data)
    ADC_ChannelCount                         0x20000030   Data           1  adc.o(.data)
    uwTick                                   0x20000038   Data           4  board_config.o(.data)
    BOARD_LED1                               0x2000003c   Data           8  board_config.o(.data)
    BOARD_LED2                               0x20000044   Data           8  board_config.o(.data)
    BOARD_BEEP                               0x2000004c   Data           8  board_config.o(.data)
    BOARD_KEYS                               0x20000054   Data         120  board_config.o(.data)
    adc_config                               0x200000cc   Data          44  board_config.o(.data)
    currentTime                              0x200000f8   Data           8  board_config.o(.data)
    window_pwm_config                        0x20000100   Data          28  board_config.o(.data)
    OLED_Handle                              0x2000011c   Data          16  module_config.o(.data)
    MODULE_GPIO_INPUT1                       0x2000012c   Data          12  module_config.o(.data)
    MODULE_GPIO_INPUT2                       0x20000138   Data          12  module_config.o(.data)
    MODULE_GPIO_INPUT3                       0x20000144   Data          12  module_config.o(.data)
    MODULE_GPIO_OUTPUT1                      0x20000150   Data          12  module_config.o(.data)
    MODULE_DHT11                             0x2000015c   Data           8  module_config.o(.data)
    MODULE_DS18B20                           0x20000164   Data           8  module_config.o(.data)
    nowTimeStamp                             0x20000180   Data           8  sensor_app.o(.data)
    INPUT1_DO                                0x20000188   Data           1  sensor_app.o(.data)
    INPUT2_DO                                0x20000189   Data           1  sensor_app.o(.data)
    INPUT3_DO                                0x2000018a   Data           1  sensor_app.o(.data)
    __microlib_freelist                      0x2000018c   Data           4  mvars.o(.data)
    __microlib_freelist_initialised          0x20000190   Data           4  mvars.o(.data)
    g_env                                    0x20000194   Data          12  board_config.o(.bss)
    __heap_base                              0x200001e0   Data           0  startup_stm32f10x_md.o(HEAP)
    __heap_limit                             0x200003e0   Data           0  startup_stm32f10x_md.o(HEAP)
    __initial_sp                             0x200007e0   Data           0  startup_stm32f10x_md.o(STACK)



==============================================================================

Memory Map of the image

  Image Entry point : 0x080000ed

  Load Region LR_IROM1 (Base: 0x08000000, Size: 0x000042fc, Max: 0x00010000, ABSOLUTE, COMPRESSED[0x0000420c])

    Execution Region ER_IROM1 (Base: 0x08000000, Size: 0x00004168, Max: 0x00010000, ABSOLUTE)

    Base Addr    Size         Type   Attr      Idx    E Section Name        Object

    0x08000000   0x000000ec   Data   RO          132    RESET               startup_stm32f10x_md.o
    0x080000ec   0x00000000   Code   RO         2663  * .ARM.Collect$$$$00000000  mc_w.l(entry.o)
    0x080000ec   0x00000004   Code   RO         2744    .ARM.Collect$$$$00000001  mc_w.l(entry2.o)
    0x080000f0   0x00000004   Code   RO         2747    .ARM.Collect$$$$00000004  mc_w.l(entry5.o)
    0x080000f4   0x00000000   Code   RO         2749    .ARM.Collect$$$$00000008  mc_w.l(entry7b.o)
    0x080000f4   0x00000000   Code   RO         2751    .ARM.Collect$$$$0000000A  mc_w.l(entry8b.o)
    0x080000f4   0x00000008   Code   RO         2752    .ARM.Collect$$$$0000000B  mc_w.l(entry9a.o)
    0x080000fc   0x00000004   Code   RO         2759    .ARM.Collect$$$$0000000E  mc_w.l(entry12b.o)
    0x08000100   0x00000000   Code   RO         2754    .ARM.Collect$$$$0000000F  mc_w.l(entry10a.o)
    0x08000100   0x00000000   Code   RO         2756    .ARM.Collect$$$$00000011  mc_w.l(entry11a.o)
    0x08000100   0x00000004   Code   RO         2745    .ARM.Collect$$$$00002712  mc_w.l(entry2.o)
    0x08000104   0x00000024   Code   RO          133    .text               startup_stm32f10x_md.o
    0x08000128   0x00000062   Code   RO         2666    .text               mc_w.l(uldiv.o)
    0x0800018a   0x00000024   Code   RO         2672    .text               mc_w.l(memcpya.o)
    0x080001ae   0x00000064   Code   RO         2732    .text               mf_w.l(fmul.o)
    0x08000212   0x0000007c   Code   RO         2734    .text               mf_w.l(fdiv.o)
    0x0800028e   0x0000014e   Code   RO         2736    .text               mf_w.l(dadd.o)
    0x080003dc   0x0000000a   Code   RO         2738    .text               mf_w.l(ffltui.o)
    0x080003e6   0x00000032   Code   RO         2740    .text               mf_w.l(dfixui.o)
    0x08000418   0x00000026   Code   RO         2742    .text               mf_w.l(f2d.o)
    0x0800043e   0x0000002c   Code   RO         2763    .text               mc_w.l(uidiv.o)
    0x0800046a   0x0000001e   Code   RO         2765    .text               mc_w.l(llshl.o)
    0x08000488   0x00000020   Code   RO         2767    .text               mc_w.l(llushr.o)
    0x080004a8   0x00000024   Code   RO         2769    .text               mc_w.l(llsshr.o)
    0x080004cc   0x00000000   Code   RO         2773    .text               mc_w.l(iusefp.o)
    0x080004cc   0x0000006e   Code   RO         2774    .text               mf_w.l(fepilogue.o)
    0x0800053a   0x000000ba   Code   RO         2776    .text               mf_w.l(depilogue.o)
    0x080005f4   0x000000e4   Code   RO         2778    .text               mf_w.l(dmul.o)
    0x080006d8   0x000000de   Code   RO         2780    .text               mf_w.l(ddiv.o)
    0x080007b6   0x00000030   Code   RO         2782    .text               mf_w.l(dfixul.o)
    0x080007e6   0x00000002   PAD
    0x080007e8   0x00000030   Code   RO         2784    .text               mf_w.l(cdrcmple.o)
    0x08000818   0x00000024   Code   RO         2786    .text               mc_w.l(init.o)
    0x0800083c   0x00000056   Code   RO         2798    .text               mc_w.l(__dczerorl2.o)
    0x08000892   0x00000016   Code   RO         1279    i.ADC_Cmd           stm32f10x_adc.o
    0x080008a8   0x0000005c   Code   RO         1281    i.ADC_DeInit        stm32f10x_adc.o
    0x08000904   0x00000014   Code   RO         1287    i.ADC_GetCalibrationStatus  stm32f10x_adc.o
    0x08000918   0x00000008   Code   RO         1288    i.ADC_GetConversionValue  stm32f10x_adc.o
    0x08000920   0x00000012   Code   RO         1290    i.ADC_GetFlagStatus  stm32f10x_adc.o
    0x08000932   0x00000014   Code   RO         1293    i.ADC_GetResetCalibrationStatus  stm32f10x_adc.o
    0x08000946   0x00000002   PAD
    0x08000948   0x00000050   Code   RO         1297    i.ADC_Init          stm32f10x_adc.o
    0x08000998   0x000000b8   Code   RO         1301    i.ADC_RegularChannelConfig  stm32f10x_adc.o
    0x08000a50   0x0000000a   Code   RO         1302    i.ADC_ResetCalibration  stm32f10x_adc.o
    0x08000a5a   0x00000016   Code   RO         1304    i.ADC_SoftwareStartConvCmd  stm32f10x_adc.o
    0x08000a70   0x0000000a   Code   RO         1306    i.ADC_StartCalibration  stm32f10x_adc.o
    0x08000a7a   0x00000002   PAD
    0x08000a7c   0x0000004c   Code   RO         1921    i.Adc_DeInit        adc.o
    0x08000ac8   0x00000104   Code   RO         1922    i.Adc_Init          adc.o
    0x08000bcc   0x0000001e   Code   RO         1994    i.AngleToPulseWidth  pwm.o
    0x08000bea   0x00000010   Code   RO         1497    i.BKP_DeInit        stm32f10x_bkp.o
    0x08000bfa   0x00000002   PAD
    0x08000bfc   0x00000014   Code   RO         2064    i.BOARD_InitADC     board_config.o
    0x08000c10   0x0000002e   Code   RO         2065    i.BOARD_InitAll     board_config.o
    0x08000c3e   0x00000002   PAD
    0x08000c40   0x00000018   Code   RO         2066    i.BOARD_InitBeep    board_config.o
    0x08000c58   0x0000000c   Code   RO         2067    i.BOARD_InitDelay   board_config.o
    0x08000c64   0x00000010   Code   RO         2068    i.BOARD_InitKeys    board_config.o
    0x08000c74   0x00000024   Code   RO         2069    i.BOARD_InitLEDs    board_config.o
    0x08000c98   0x00000010   Code   RO         2125    i.BOARD_InitOLED    module_config.o
    0x08000ca8   0x00000010   Code   RO         2070    i.BOARD_InitPWM     board_config.o
    0x08000cb8   0x00000008   Code   RO         2071    i.BOARD_InitRTC     board_config.o
    0x08000cc0   0x00000020   Code   RO         2072    i.BOARD_InitUSART   board_config.o
    0x08000ce0   0x00000080   Code   RO         1785    i.Beep_Init         beep.o
    0x08000d60   0x00000012   Code   RO         1786    i.Beep_Off          beep.o
    0x08000d72   0x00000012   Code   RO         1787    i.Beep_On           beep.o
    0x08000d84   0x00000004   Code   RO         2473    i.BusFault_Handler  stm32f10x_it.o
    0x08000d88   0x000000b4   Code   RO         2332    i.DHT11_Check       dht11.o
    0x08000e3c   0x00000054   Code   RO         2335    i.DHT11_Read_Bit    dht11.o
    0x08000e90   0x00000022   Code   RO         2336    i.DHT11_Read_Byte   dht11.o
    0x08000eb2   0x0000006c   Code   RO         2337    i.DHT11_Read_Data   dht11.o
    0x08000f1e   0x0000008e   Code   RO         2338    i.DHT11_Rst         dht11.o
    0x08000fac   0x00000002   Code   RO         2474    i.DebugMon_Handler  stm32f10x_it.o
    0x08000fae   0x0000001a   Code   RO         1884    i.DelayMs           delay.o
    0x08000fc8   0x0000005c   Code   RO         1885    i.DelayUs           delay.o
    0x08001024   0x00000050   Code   RO         1887    i.Delay_Init        delay.o
    0x08001074   0x00000050   Code   RO         2475    i.EXTI0_IRQHandler  stm32f10x_it.o
    0x080010c4   0x00000114   Code   RO         2476    i.EXTI15_10_IRQHandler  stm32f10x_it.o
    0x080011d8   0x0000000c   Code   RO          672    i.EXTI_ClearITPendingBit  stm32f10x_exti.o
    0x080011e4   0x00000094   Code   RO          677    i.EXTI_Init         stm32f10x_exti.o
    0x08001278   0x00000040   Code   RO          180    i.GPIO_EXTILineConfig  stm32f10x_gpio.o
    0x080012b8   0x00000116   Code   RO          183    i.GPIO_Init         stm32f10x_gpio.o
    0x080013ce   0x00000002   PAD
    0x080013d0   0x00000080   Code   RO         2285    i.GPIO_Input_Init   gpio_input.o
    0x08001450   0x0000001a   Code   RO         2286    i.GPIO_Input_UpdateState  gpio_input.o
    0x0800146a   0x00000002   PAD
    0x0800146c   0x00000080   Code   RO         2309    i.GPIO_Output_Init  gpio_output.o
    0x080014ec   0x00000020   Code   RO         2310    i.GPIO_Output_SetState  gpio_output.o
    0x0800150c   0x00000090   Code   RO          185    i.GPIO_PinRemapConfig  stm32f10x_gpio.o
    0x0800159c   0x00000012   Code   RO          187    i.GPIO_ReadInputDataBit  stm32f10x_gpio.o
    0x080015ae   0x00000004   Code   RO          190    i.GPIO_ResetBits    stm32f10x_gpio.o
    0x080015b2   0x00000004   Code   RO          191    i.GPIO_SetBits      stm32f10x_gpio.o
    0x080015b6   0x0000000a   Code   RO          194    i.GPIO_WriteBit     stm32f10x_gpio.o
    0x080015c0   0x00000054   Code   RO         1923    i.Get_Adc           adc.o
    0x08001614   0x0000003a   Code   RO         1924    i.Get_Adc_Average   adc.o
    0x0800164e   0x00000004   Code   RO         2477    i.HardFault_Handler  stm32f10x_it.o
    0x08001652   0x000000e2   Code   RO         1863    i.Key_Init          key.o
    0x08001734   0x00000010   Code   RO         1864    i.Key_Read          key.o
    0x08001744   0x00000080   Code   RO         1724    i.LED_Init          led.o
    0x080017c4   0x00000012   Code   RO         1725    i.LED_Off           led.o
    0x080017d6   0x00000012   Code   RO         1726    i.LED_On            led.o
    0x080017e8   0x0000001a   Code   RO         1727    i.LED_Toggle        led.o
    0x08001802   0x00000002   PAD
    0x08001804   0x00000030   Code   RO         2126    i.MODULE_InitAll    module_config.o
    0x08001834   0x00000024   Code   RO         2129    i.MODULE_InitGPIOInputs  module_config.o
    0x08001858   0x00000010   Code   RO         2130    i.MODULE_InitGPIOOutputs  module_config.o
    0x08001868   0x00000004   Code   RO         2478    i.MemManage_Handler  stm32f10x_it.o
    0x0800186c   0x00000002   Code   RO         2479    i.NMI_Handler       stm32f10x_it.o
    0x0800186e   0x00000002   PAD
    0x08001870   0x00000070   Code   RO          137    i.NVIC_Init         misc.o
    0x080018e0   0x00000014   Code   RO          138    i.NVIC_PriorityGroupConfig  misc.o
    0x080018f4   0x00000030   Code   RO         2168    i.OLED_Clear        oled.o
    0x08001924   0x00000074   Code   RO         2170    i.OLED_I2C_Init     oled.o
    0x08001998   0x00000042   Code   RO         2171    i.OLED_I2C_SendByte  oled.o
    0x080019da   0x00000026   Code   RO         2172    i.OLED_I2C_Start    oled.o
    0x08001a00   0x0000001e   Code   RO         2173    i.OLED_I2C_Stop     oled.o
    0x08001a1e   0x000000e2   Code   RO         2174    i.OLED_Init         oled.o
    0x08001b00   0x00000014   Code   RO         2175    i.OLED_Pow          oled.o
    0x08001b14   0x0000002a   Code   RO         2176    i.OLED_SetCursor    oled.o
    0x08001b3e   0x00000002   PAD
    0x08001b40   0x0000007c   Code   RO         2178    i.OLED_ShowChar     oled.o
    0x08001bbc   0x00000048   Code   RO         2180    i.OLED_ShowNum      oled.o
    0x08001c04   0x0000002c   Code   RO         2182    i.OLED_ShowString   oled.o
    0x08001c30   0x00000012   Code   RO         2183    i.OLED_W_SCL        oled.o
    0x08001c42   0x00000012   Code   RO         2184    i.OLED_W_SDA        oled.o
    0x08001c54   0x0000002c   Code   RO         2185    i.OLED_WriteCommand  oled.o
    0x08001c80   0x0000002c   Code   RO         2186    i.OLED_WriteData    oled.o
    0x08001cac   0x000001a0   Code   RO         1996    i.PWM_Init          pwm.o
    0x08001e4c   0x00000104   Code   RO         1997    i.PWM_SetAngle      pwm.o
    0x08001f50   0x00000026   Code   RO         1998    i.PWM_SetStatus     pwm.o
    0x08001f76   0x00000002   PAD
    0x08001f78   0x0000000c   Code   RO         1573    i.PWR_BackupAccessCmd  stm32f10x_pwr.o
    0x08001f84   0x00000002   Code   RO         2480    i.PendSV_Handler    stm32f10x_it.o
    0x08001f86   0x00000002   PAD
    0x08001f88   0x00000018   Code   RO          291    i.RCC_ADCCLKConfig  stm32f10x_rcc.o
    0x08001fa0   0x00000020   Code   RO          293    i.RCC_APB1PeriphClockCmd  stm32f10x_rcc.o
    0x08001fc0   0x00000020   Code   RO          295    i.RCC_APB2PeriphClockCmd  stm32f10x_rcc.o
    0x08001fe0   0x00000020   Code   RO          296    i.RCC_APB2PeriphResetCmd  stm32f10x_rcc.o
    0x08002000   0x0000000c   Code   RO          298    i.RCC_BackupResetCmd  stm32f10x_rcc.o
    0x0800200c   0x000000d4   Code   RO          303    i.RCC_GetClocksFreq  stm32f10x_rcc.o
    0x080020e0   0x0000003c   Code   RO          304    i.RCC_GetFlagStatus  stm32f10x_rcc.o
    0x0800211c   0x00000034   Code   RO          311    i.RCC_LSEConfig     stm32f10x_rcc.o
    0x08002150   0x0000000c   Code   RO          312    i.RCC_LSICmd        stm32f10x_rcc.o
    0x0800215c   0x0000000c   Code   RO          318    i.RCC_RTCCLKCmd     stm32f10x_rcc.o
    0x08002168   0x00000010   Code   RO          319    i.RCC_RTCCLKConfig  stm32f10x_rcc.o
    0x08002178   0x00000014   Code   RO         1635    i.RTC_EnterConfigMode  stm32f10x_rtc.o
    0x0800218c   0x00000014   Code   RO         1636    i.RTC_ExitConfigMode  stm32f10x_rtc.o
    0x080021a0   0x00000076   Code   RO         1968    i.RTC_Init          rtc.o
    0x08002216   0x00000002   PAD
    0x08002218   0x0000001c   Code   RO         1643    i.RTC_SetCounter    stm32f10x_rtc.o
    0x08002234   0x00000020   Code   RO         1644    i.RTC_SetPrescaler  stm32f10x_rtc.o
    0x08002254   0x0000002a   Code   RO         1969    i.RTC_SetTimeByTimestamp  rtc.o
    0x0800227e   0x00000002   PAD
    0x08002280   0x00000014   Code   RO         1645    i.RTC_WaitForLastTask  stm32f10x_rtc.o
    0x08002294   0x00000024   Code   RO         1646    i.RTC_WaitForSynchro  stm32f10x_rtc.o
    0x080022b8   0x00000002   Code   RO         2481    i.SVC_Handler       stm32f10x_it.o
    0x080022ba   0x00000002   PAD
    0x080022bc   0x00000020   Code   RO         2562    i.Sensor_GPIO_Output  sensor_app.o
    0x080022dc   0x000000ec   Code   RO         2564    i.Sensor_GetValueADC  sensor_app.o
    0x080023c8   0x000000b0   Code   RO         2566    i.Sensor_GetValueDHT11  sensor_app.o
    0x08002478   0x00000014   Code   RO         2569    i.Sensor_Init       sensor_app.o
    0x0800248c   0x00000020   Code   RO         2570    i.Sensor_SetTime    sensor_app.o
    0x080024ac   0x00000014   Code   RO         2571    i.Sensor_TestPWM    sensor_app.o
    0x080024c0   0x00000008   Code   RO           17    i.SetSysClock       system_stm32f10x.o
    0x080024c8   0x000000e0   Code   RO           18    i.SetSysClockTo72   system_stm32f10x.o
    0x080025a8   0x0000001c   Code   RO         2482    i.SysTick_Handler   stm32f10x_it.o
    0x080025c4   0x00000060   Code   RO           20    i.SystemInit        system_stm32f10x.o
    0x08002624   0x00000018   Code   RO          729    i.TIM_ARRPreloadConfig  stm32f10x_tim.o
    0x0800263c   0x00000006   Code   RO          735    i.TIM_ClearFlag     stm32f10x_tim.o
    0x08002642   0x00000018   Code   RO          741    i.TIM_Cmd           stm32f10x_tim.o
    0x0800265a   0x00000012   Code   RO          742    i.TIM_CounterModeConfig  stm32f10x_tim.o
    0x0800266c   0x0000001e   Code   RO          743    i.TIM_CtrlPWMOutputs  stm32f10x_tim.o
    0x0800268a   0x00000006   Code   RO          756    i.TIM_GetCapture1   stm32f10x_tim.o
    0x08002690   0x00000006   Code   RO          757    i.TIM_GetCapture2   stm32f10x_tim.o
    0x08002696   0x00000006   Code   RO          758    i.TIM_GetCapture3   stm32f10x_tim.o
    0x0800269c   0x00000008   Code   RO          759    i.TIM_GetCapture4   stm32f10x_tim.o
    0x080026a4   0x00000012   Code   RO          761    i.TIM_GetFlagStatus  stm32f10x_tim.o
    0x080026b6   0x0000000c   Code   RO          768    i.TIM_InternalClockConfig  stm32f10x_tim.o
    0x080026c2   0x00000002   PAD
    0x080026c4   0x00000098   Code   RO          770    i.TIM_OC1Init       stm32f10x_tim.o
    0x0800275c   0x00000012   Code   RO          773    i.TIM_OC1PreloadConfig  stm32f10x_tim.o
    0x0800276e   0x00000002   PAD
    0x08002770   0x000000a4   Code   RO          775    i.TIM_OC2Init       stm32f10x_tim.o
    0x08002814   0x0000001a   Code   RO          778    i.TIM_OC2PreloadConfig  stm32f10x_tim.o
    0x0800282e   0x00000002   PAD
    0x08002830   0x000000a0   Code   RO          780    i.TIM_OC3Init       stm32f10x_tim.o
    0x080028d0   0x00000012   Code   RO          783    i.TIM_OC3PreloadConfig  stm32f10x_tim.o
    0x080028e2   0x00000002   PAD
    0x080028e4   0x0000007c   Code   RO          785    i.TIM_OC4Init       stm32f10x_tim.o
    0x08002960   0x0000001a   Code   RO          787    i.TIM_OC4PreloadConfig  stm32f10x_tim.o
    0x0800297a   0x00000006   Code   RO          790    i.TIM_PrescalerConfig  stm32f10x_tim.o
    0x08002980   0x00000004   Code   RO          800    i.TIM_SetAutoreload  stm32f10x_tim.o
    0x08002984   0x00000004   Code   RO          802    i.TIM_SetCompare1   stm32f10x_tim.o
    0x08002988   0x00000004   Code   RO          803    i.TIM_SetCompare2   stm32f10x_tim.o
    0x0800298c   0x00000004   Code   RO          804    i.TIM_SetCompare3   stm32f10x_tim.o
    0x08002990   0x00000006   Code   RO          805    i.TIM_SetCompare4   stm32f10x_tim.o
    0x08002996   0x00000004   Code   RO          806    i.TIM_SetCounter    stm32f10x_tim.o
    0x0800299a   0x00000002   PAD
    0x0800299c   0x000000a4   Code   RO          812    i.TIM_TimeBaseInit  stm32f10x_tim.o
    0x08002a40   0x000000ac   Code   RO         2483    i.USART1_IRQHandler  stm32f10x_it.o
    0x08002aec   0x0000001c   Code   RO         2484    i.USART2_IRQHandler  stm32f10x_it.o
    0x08002b08   0x00000012   Code   RO          491    i.USART_ClearFlag   stm32f10x_usart.o
    0x08002b1a   0x0000001e   Code   RO          492    i.USART_ClearITPendingBit  stm32f10x_usart.o
    0x08002b38   0x00000018   Code   RO          495    i.USART_Cmd         stm32f10x_usart.o
    0x08002b50   0x0000001a   Code   RO          498    i.USART_GetFlagStatus  stm32f10x_usart.o
    0x08002b6a   0x00000054   Code   RO          499    i.USART_GetITStatus  stm32f10x_usart.o
    0x08002bbe   0x0000004a   Code   RO          501    i.USART_ITConfig    stm32f10x_usart.o
    0x08002c08   0x000000d8   Code   RO          502    i.USART_Init        stm32f10x_usart.o
    0x08002ce0   0x0000000a   Code   RO          509    i.USART_ReceiveData  stm32f10x_usart.o
    0x08002cea   0x00000008   Code   RO          512    i.USART_SendData    stm32f10x_usart.o
    0x08002cf2   0x00000002   PAD
    0x08002cf4   0x0000002c   Code   RO         1925    i.Update_All_Adc_Values  adc.o
    0x08002d20   0x00000004   Code   RO         2485    i.UsageFault_Handler  stm32f10x_it.o
    0x08002d24   0x00000048   Code   RO         1823    i.UsartPrintf       usart.o
    0x08002d6c   0x000000c0   Code   RO         1824    i.Usart_Init        usart.o
    0x08002e2c   0x00000034   Code   RO         2682    i.__0vsnprintf      mc_w.l(printfa.o)
    0x08002e60   0x0000000e   Code   RO         2792    i.__scatterload_copy  mc_w.l(handlers.o)
    0x08002e6e   0x00000002   Code   RO         2793    i.__scatterload_null  mc_w.l(handlers.o)
    0x08002e70   0x0000000e   Code   RO         2794    i.__scatterload_zeroinit  mc_w.l(handlers.o)
    0x08002e7e   0x00000002   PAD
    0x08002e80   0x00000184   Code   RO         2684    i._fp_digits        mc_w.l(printfa.o)
    0x08003004   0x000006b4   Code   RO         2685    i._printf_core      mc_w.l(printfa.o)
    0x080036b8   0x00000024   Code   RO         2686    i._printf_post_padding  mc_w.l(printfa.o)
    0x080036dc   0x0000002e   Code   RO         2687    i._printf_pre_padding  mc_w.l(printfa.o)
    0x0800370a   0x00000016   Code   RO         2688    i._snputc           mc_w.l(printfa.o)
    0x08003720   0x00000050   Code   RO         2704    i.free              mc_w.l(malloc.o)
    0x08003770   0x00000020   Code   RO         2572    i.get_timestamp     sensor_app.o
    0x08003790   0x00000260   Code   RO         2453    i.main              main.o
    0x080039f0   0x0000006c   Code   RO         2705    i.malloc            mc_w.l(malloc.o)
    0x08003a5c   0x000000e1   Data   RO         1888    .constdata          delay.o
    0x08003b3d   0x00000003   PAD
    0x08003b40   0x00000018   Data   RO         2074    .constdata          board_config.o
    0x08003b58   0x000005f0   Data   RO         2187    .constdata          oled.o
    0x08004148   0x00000020   Data   RO         2790    Region$$Table       anon$$obj.o


    Execution Region RW_IRAM1 (Base: 0x20000000, Size: 0x000007e0, Max: 0x00005000, ABSOLUTE, COMPRESSED[0x000000a4])

    Base Addr    Size         Type   Attr      Idx    E Section Name        Object

    0x20000000   0x00000014   Data   RW           21    .data               system_stm32f10x.o
    0x20000014   0x00000014   Data   RW          323    .data               stm32f10x_rcc.o
    0x20000028   0x00000001   Data   RW         1889    .data               delay.o
    0x20000029   0x00000003   PAD
    0x2000002c   0x0000000c   Data   RW         1926    .data               adc.o
    0x20000038   0x000000e4   Data   RW         2075    .data               board_config.o
    0x2000011c   0x00000050   Data   RW         2131    .data               module_config.o
    0x2000016c   0x00000010   Data   RW         2454    .data               main.o
    0x2000017c   0x00000002   Data   RW         2487    .data               stm32f10x_it.o
    0x2000017e   0x00000002   PAD
    0x20000180   0x0000000b   Data   RW         2573    .data               sensor_app.o
    0x2000018b   0x00000001   PAD
    0x2000018c   0x00000004   Data   RW         2771    .data               mc_w.l(mvars.o)
    0x20000190   0x00000004   Data   RW         2772    .data               mc_w.l(mvars.o)
    0x20000194   0x0000000c   Zero   RW         2073    .bss                board_config.o
    0x200001a0   0x00000040   Zero   RW         2486    .bss                stm32f10x_it.o
    0x200001e0   0x00000200   Zero   RW          131    HEAP                startup_stm32f10x_md.o
    0x200003e0   0x00000400   Zero   RW          130    STACK               startup_stm32f10x_md.o


==============================================================================

Image component sizes


      Code (inc. data)   RO Data    RW Data    ZI Data      Debug   Object Name

       522         52          0         12          0       4170   adc.o
       164         20          0          0          0       2309   beep.o
       210         38         24        228         12       5720   board_config.o
         0          0          0          0          0       4556   core_cm3.o
       198         18        225          1          0       2637   delay.o
       548          0          0          0          0       3599   dht11.o
       154         22          0          0          0       1467   gpio_input.o
       160         20          0          0          0       1526   gpio_output.o
       242          0          0          0          0       2078   key.o
       190         20          0          0          0       4307   led.o
       608        218          0         16          0      16058   main.o
       132         22          0          0          0       1423   misc.o
       116         46          0         80          0       2188   module_config.o
       950         14       1520          0          0       9115   oled.o
       744         30          0          0          0       7092   pwm.o
       160          0          0          0          0       1444   rtc.o
       548        120          0         11          0       3721   sensor_app.o
        36          8        236          0       1536        796   startup_stm32f10x_md.o
       486         24          0          0          0       8178   stm32f10x_adc.o
        16          0          0          0          0        445   stm32f10x_bkp.o
       160         12          0          0          0       1389   stm32f10x_exti.o
       522         10          0          0          0       5412   stm32f10x_gpio.o
       608        158          0          2         64       5736   stm32f10x_it.o
        12          6          0          0          0        474   stm32f10x_pwr.o
       496         76          0         20          0       8315   stm32f10x_rcc.o
       156         30          0          0          0       2806   stm32f10x_rtc.o
      1042         92          0          0          0      15314   stm32f10x_tim.o
       490          6          0          0          0       7013   stm32f10x_usart.o
       328         28          0         20          0     261545   system_stm32f10x.o
       264          8          0          0          0       2879   usart.o

    ----------------------------------------------------------------------
     10302       1098       2040        396       1612     393712   Object Totals
         0          0         32          0          0          0   (incl. Generated)
        40          0          3          6          0          0   (incl. Padding)

    ----------------------------------------------------------------------

      Code (inc. data)   RO Data    RW Data    ZI Data      Debug   Library Member Name

        86          0          0          0          0          0   __dczerorl2.o
         0          0          0          0          0          0   entry.o
         0          0          0          0          0          0   entry10a.o
         0          0          0          0          0          0   entry11a.o
         4          0          0          0          0          0   entry12b.o
         8          4          0          0          0          0   entry2.o
         4          0          0          0          0          0   entry5.o
         0          0          0          0          0          0   entry7b.o
         0          0          0          0          0          0   entry8b.o
         8          4          0          0          0          0   entry9a.o
        30          0          0          0          0          0   handlers.o
        36          8          0          0          0         68   init.o
         0          0          0          0          0          0   iusefp.o
        30          0          0          0          0         68   llshl.o
        36          0          0          0          0         68   llsshr.o
        32          0          0          0          0         68   llushr.o
       188         20          0          0          0        160   malloc.o
        36          0          0          0          0         68   memcpya.o
         0          0          0          8          0          0   mvars.o
      2260         86          0          0          0        528   printfa.o
        44          0          0          0          0         80   uidiv.o
        98          0          0          0          0         92   uldiv.o
        48          0          0          0          0         68   cdrcmple.o
       334          0          0          0          0        148   dadd.o
       222          0          0          0          0        100   ddiv.o
       186          0          0          0          0        176   depilogue.o
        50          0          0          0          0         76   dfixui.o
        48          0          0          0          0         68   dfixul.o
       228          0          0          0          0         96   dmul.o
        38          0          0          0          0         68   f2d.o
       124          0          0          0          0         88   fdiv.o
       110          0          0          0          0        168   fepilogue.o
        10          0          0          0          0         68   ffltui.o
       100          0          0          0          0         76   fmul.o

    ----------------------------------------------------------------------
      4402        122          0          8          0       2400   Library Totals
         4          0          0          0          0          0   (incl. Padding)

    ----------------------------------------------------------------------

      Code (inc. data)   RO Data    RW Data    ZI Data      Debug   Library Name

      2900        122          0          8          0       1200   mc_w.l
      1498          0          0          0          0       1200   mf_w.l

    ----------------------------------------------------------------------
      4402        122          0          8          0       2400   Library Totals

    ----------------------------------------------------------------------

==============================================================================


      Code (inc. data)   RO Data    RW Data    ZI Data      Debug   

     14704       1220       2040        404       1612     386828   Grand Totals
     14704       1220       2040        164       1612     386828   ELF Image Totals (compressed)
     14704       1220       2040        164          0          0   ROM Totals

==============================================================================

    Total RO  Size (Code + RO Data)                16744 (  16.35kB)
    Total RW  Size (RW Data + ZI Data)              2016 (   1.97kB)
    Total ROM Size (Code + RO Data + RW Data)      16908 (  16.51kB)

==============================================================================

