<html>
<body>
<pre>
<h1>µVision Build Log</h1>
<h2>Tool Versions:</h2>
IDE-Version: ¦ÌVision V5.14.1
Copyright (C) 2015 ARM Ltd and ARM Germany GmbH. All rights reserved.
License Information: Cortex-M3, 1, LIC=WHYH9-4GSGR-LQ60Q-NQL9M-3RT74-ICXS1
 
Tool Versions:
Toolchain:       MDK-ARM Plus  Version: 5.36.0.0
Toolchain Path:  D:\EmbededSoft\keil5\ARM\ARMCC\Bin
C Compiler:      Armcc.exe V5.06 update 7 (build 960)
Assembler:       Armasm.exe V5.06 update 7 (build 960)
Linker/Locator:  ArmLink.exe V5.06 update 7 (build 960)
Library Manager: ArmAr.exe V5.06 update 7 (build 960)
Hex Converter:   FromElf.exe V5.06 update 7 (build 960)
CPU DLL:         SARMCM3.DLL V5.36.0.0
Dialog DLL:      DCM.DLL V1.17.3.0
Target DLL:      STLink\ST-LINKIII-KEIL_SWO.dll V3.0.9.0
Dialog DLL:      TCM.DLL V1.53.0.0
 
<h2>Project:</h2>
D:\lenovo\Desktop\STM32F103_G1\project\stm32f103.uvprojx
Project File Date:  09/02/2025

<h2>Output:</h2>
*** Using Compiler 'V5.06 update 7 (build 960)', folder: 'D:\EmbededSoft\keil5\ARM\ARMCC\Bin'
Rebuild target 'STM32F103'
compiling core_cm3.c...
compiling system_stm32f10x.c...
assembling startup_stm32f10x_md.s...
compiling misc.c...
compiling stm32f10x_gpio.c...
compiling stm32f10x_rcc.c...
compiling stm32f10x_usart.c...
compiling stm32f10x_exti.c...
compiling stm32f10x_tim.c...
compiling stm32f10x_adc.c...
compiling stm32f10x_bkp.c...
compiling stm32f10x_pwr.c...
compiling stm32f10x_rtc.c...
compiling led.c...
compiling beep.c...
compiling usart.c...
compiling key.c...
compiling delay.c...
compiling adc.c...
compiling rtc.c...
compiling pwm.c...
compiling board_config.c...
compiling module_config.c...
..\module\module_config.c(138): warning:  #177-D: function "MODULE_InitDHT11"  was declared but never referenced
  static void MODULE_InitDHT11(void) {
..\module\module_config.c(165): warning:  #177-D: function "MODULE_InitDS18B20"  was declared but never referenced
  static void MODULE_InitDS18B20(void) {
..\module\module_config.c: 2 warnings, 0 errors
compiling OLED.c...
compiling gpio_input.c...
compiling gpio_output.c...
compiling dht11.c...
compiling ds18b20.c...
compiling main.c...
compiling stm32f10x_it.c...
compiling sensor_app.c...
..\application\sensor_app.c(17): warning:  #177-D: function "Sensor_GetSystemClock"  was declared but never referenced
  static void Sensor_GetSystemClock(void)
..\application\sensor_app.c(55): warning:  #177-D: function "Sensor_GetValueDS18B20"  was declared but never referenced
  static void Sensor_GetValueDS18B20(void)
..\application\sensor_app.c: 2 warnings, 0 errors
compiling lcd_app.c...
linking...
Program Size: Code=14704 RO-data=2040 RW-data=404 ZI-data=1612  
FromELF: creating hex file...
".\Objects\stm32f103.axf" - 0 Error(s), 4 Warning(s).

<h2>Collection of Component include folders:</h2>
  D:\lenovo\Desktop\STM32F103_G1\project\RTE
  D:\EmbededSoft\keil5\ARM\PACK\Keil\STM32F1xx_DFP\2.4.1\Device\Include

<h2>Collection of Component Files used:</h2>
</pre>
</body>
</html>
